Archive member included to satisfy reference by file (symbol)

app/libapp.a(shmem.c.obj)     (--whole-archive)
app/libapp.a(mqtt_connection.c.obj)
                              (--whole-archive)
app/libapp.a(main.c.obj)      (--whole-archive)
zephyr/libzephyr.a(heap.c.obj)
                              (--whole-archive)
zephyr/libzephyr.a(cbprintf_packaged.c.obj)
                              (--whole-archive)
zephyr/libzephyr.a(printk.c.obj)
                              (--whole-archive)
zephyr/libzephyr.a(sem.c.obj)
                              (--whole-archive)
zephyr/libzephyr.a(thread_entry.c.obj)
                              (--whole-archive)
zephyr/libzephyr.a(fdtable.c.obj)
                              (--whole-archive)
zephyr/libzephyr.a(cbprintf_complete.c.obj)
                              (--whole-archive)
zephyr/libzephyr.a(cbprintf.c.obj)
                              (--whole-archive)
zephyr/libzephyr.a(assert.c.obj)
                              (--whole-archive)
zephyr/libzephyr.a(mpsc_pbuf.c.obj)
                              (--whole-archive)
zephyr/libzephyr.a(dec.c.obj)
                              (--whole-archive)
zephyr/libzephyr.a(hex.c.obj)
                              (--whole-archive)
zephyr/libzephyr.a(rb.c.obj)  (--whole-archive)
zephyr/libzephyr.a(timeutil.c.obj)
                              (--whole-archive)
zephyr/libzephyr.a(bitarray.c.obj)
                              (--whole-archive)
zephyr/libzephyr.a(onoff.c.obj)
                              (--whole-archive)
zephyr/libzephyr.a(notify.c.obj)
                              (--whole-archive)
zephyr/libzephyr.a(configs.c.obj)
                              (--whole-archive)
zephyr/libzephyr.a(log_core.c.obj)
                              (--whole-archive)
zephyr/libzephyr.a(log_mgmt.c.obj)
                              (--whole-archive)
zephyr/libzephyr.a(log_cache.c.obj)
                              (--whole-archive)
zephyr/libzephyr.a(log_msg.c.obj)
                              (--whole-archive)
zephyr/libzephyr.a(log_output.c.obj)
                              (--whole-archive)
zephyr/libzephyr.a(log_backend_uart.c.obj)
                              (--whole-archive)
zephyr/libzephyr.a(mem_attr.c.obj)
                              (--whole-archive)
zephyr/libzephyr.a(tracing_none.c.obj)
                              (--whole-archive)
zephyr/libzephyr.a(addr_utils.c.obj)
                              (--whole-archive)
zephyr/libzephyr.a(banner.c.obj)
                              (--whole-archive)
zephyr/libzephyr.a(flash_map_partition_manager.c.obj)
                              (--whole-archive)
zephyr/arch/common/libarch__common.a(sw_isr_common.c.obj)
                              (--whole-archive)
zephyr/arch/arch/arm/core/libarch__arm__core.a(fatal.c.obj)
                              (--whole-archive)
zephyr/arch/arch/arm/core/libarch__arm__core.a(nmi.c.obj)
                              (--whole-archive)
zephyr/arch/arch/arm/core/libarch__arm__core.a(nmi_on_reset.S.obj)
                              (--whole-archive)
zephyr/arch/arch/arm/core/cortex_m/libarch__arm__core__cortex_m.a(exc_exit.c.obj)
                              (--whole-archive)
zephyr/arch/arch/arm/core/cortex_m/libarch__arm__core__cortex_m.a(fault.c.obj)
                              (--whole-archive)
zephyr/arch/arch/arm/core/cortex_m/libarch__arm__core__cortex_m.a(fault_s.S.obj)
                              (--whole-archive)
zephyr/arch/arch/arm/core/cortex_m/libarch__arm__core__cortex_m.a(fpu.c.obj)
                              (--whole-archive)
zephyr/arch/arch/arm/core/cortex_m/libarch__arm__core__cortex_m.a(reset.S.obj)
                              (--whole-archive)
zephyr/arch/arch/arm/core/cortex_m/libarch__arm__core__cortex_m.a(scb.c.obj)
                              (--whole-archive)
zephyr/arch/arch/arm/core/cortex_m/libarch__arm__core__cortex_m.a(thread_abort.c.obj)
                              (--whole-archive)
zephyr/arch/arch/arm/core/cortex_m/libarch__arm__core__cortex_m.a(vector_table.S.obj)
                              (--whole-archive)
zephyr/arch/arch/arm/core/cortex_m/libarch__arm__core__cortex_m.a(swap.c.obj)
                              (--whole-archive)
zephyr/arch/arch/arm/core/cortex_m/libarch__arm__core__cortex_m.a(swap_helper.S.obj)
                              (--whole-archive)
zephyr/arch/arch/arm/core/cortex_m/libarch__arm__core__cortex_m.a(irq_manage.c.obj)
                              (--whole-archive)
zephyr/arch/arch/arm/core/cortex_m/libarch__arm__core__cortex_m.a(prep_c.c.obj)
                              (--whole-archive)
zephyr/arch/arch/arm/core/cortex_m/libarch__arm__core__cortex_m.a(thread.c.obj)
                              (--whole-archive)
zephyr/arch/arch/arm/core/cortex_m/libarch__arm__core__cortex_m.a(cpu_idle.c.obj)
                              (--whole-archive)
zephyr/arch/arch/arm/core/cortex_m/libarch__arm__core__cortex_m.a(irq_init.c.obj)
[...]
Memory Configuration

Name             Origin             Length             Attributes
FLASH            0x0000000000008000 0x00000000000f8000 xr
RAM              0x000000002000c568 0x0000000000033a98 xw
IDT_LIST         0x00000000ffff7fff 0x0000000000008000 xw
*default*        0x0000000000000000 0xffffffffffffffff

Linker script and memory map

LOAD zephyr/CMakeFiles/zephyr_final.dir/misc/empty_file.c.obj
LOAD zephyr/CMakeFiles/zephyr_final.dir/isr_tables.c.obj
LOAD zephyr/CMakeFiles/offsets.dir/./arch/arm/core/offsets/offsets.c.obj
LOAD tfm/api_ns/interface/lib/s_veneers.o
LOAD app/libapp.a
LOAD zephyr/libzephyr.a
LOAD zephyr/arch/common/libarch__common.a
LOAD zephyr/arch/arch/arm/core/libarch__arm__core.a
LOAD zephyr/arch/arch/arm/core/cortex_m/libarch__arm__core__cortex_m.a
LOAD zephyr/arch/arch/arm/core/cortex_m/cmse/libarch__arm__core__cortex_m__cmse.a
LOAD zephyr/arch/arch/arm/core/mpu/libarch__arm__core__mpu.a
LOAD zephyr/lib/libc/newlib/liblib__libc__newlib.a
LOAD zephyr/lib/libc/common/liblib__libc__common.a
LOAD zephyr/lib/posix/options/liblib__posix__options.a
LOAD zephyr/lib/net_buf/liblib__net_buf.a
LOAD zephyr/lib/os/zvfs/liblib__os__zvfs.a
LOAD zephyr/soc/soc/nrf9160/libsoc__nordic.a
LOAD zephyr/boards/nordic/nrf9160dk/libboards__nordic__nrf9160dk.a
LOAD zephyr/subsys/fs/libsubsys__fs.a
LOAD zephyr/subsys/random/libsubsys__random.a
LOAD zephyr/subsys/net/libsubsys__net.a
LOAD zephyr/subsys/net/l2/offloaded_netdev/libsubsys__net__l2__offloaded_netdev.a
LOAD zephyr/subsys/net/ip/libsubsys__net__ip.a
LOAD zephyr/subsys/net/lib/mqtt/libsubsys__net__lib__mqtt.a
LOAD zephyr/drivers/clock_control/libdrivers__clock_control.a
LOAD zephyr/drivers/console/libdrivers__console.a
LOAD zephyr/drivers/entropy/libdrivers__entropy.a
LOAD zephyr/drivers/gpio/libdrivers__gpio.a
LOAD zephyr/drivers/pinctrl/libdrivers__pinctrl.a
LOAD zephyr/drivers/serial/libdrivers__serial.a
LOAD zephyr/drivers/timer/libdrivers__timer.a
LOAD modules/nrf/lib/nrf_modem_lib/lib..__nrf__lib__nrf_modem_lib.a
LOAD modules/nrf/lib/dk_buttons_and_leds/lib..__nrf__lib__dk_buttons_and_leds.a
LOAD modules/nrf/lib/at_monitor/lib..__nrf__lib__at_monitor.a
LOAD modules/nrf/lib/at_parser/lib..__nrf__lib__at_parser.a
LOAD modules/nrf/lib/lte_link_control/lib..__nrf__lib__lte_link_control.a
LOAD modules/nrf/lib/modem_antenna/lib..__nrf__lib__modem_antenna.a
LOAD modules/nrf/subsys/nrf_security/src/zephyr/libmbedtls_zephyr.a
LOAD modules/nrf/modules/trusted-firmware-m/lib..__nrf__modules__trusted-firmware-m.a
LOAD modules/nrf/modules/trusted-firmware-m/libtfm_api_nrf.a
LOAD modules/trusted-firmware-m/libtfm_api.a
LOAD modules/hal_nordic/nrfx/libmodules__hal_nordic__nrfx.a
LOAD /opt/nordic/ncs/v2.9.0/nrfxlib/nrf_modem/lib/cellular/nrf9160/soft-float/libmodem.a
LOAD zephyr/kernel/libkernel.a
LOAD zephyr/arch/common/libisr_tables.a
LOAD modules/nrf/subsys/nrf_security/src/libmbedcrypto.a
LOAD modules/nrf/subsys/nrf_security/src/libmbedcrypto_base.a
LOAD modules/nrf/subsys/nrf_security/src/libnrf_security_utils.a
LOAD zephyr/kernel/libkernel.a
LOAD /opt/nordic/ncs/v2.9.0/nrfxlib/crypto/nrf_oberon/lib/cortex-m33/soft-float/liboberon_mbedtls_3.0.15.a
LOAD /opt/nordic/ncs/v2.9.0/nrfxlib/crypto/nrf_oberon/lib/cortex-m33/soft-float/liboberon_3.0.15.a
LOAD /opt/nordic/ncs/toolchains/b8efef2ad5/opt/zephyr-sdk/arm-zephyr-eabi/arm-zephyr-eabi/lib/thumb/v8-m.main/nofp/libc_nano.a
LOAD /opt/nordic/ncs/toolchains/b8efef2ad5/opt/zephyr-sdk/arm-zephyr-eabi/arm-zephyr-eabi/lib/thumb/v8-m.main/nofp/libm_nano.a
LOAD /opt/nordic/ncs/toolchains/b8efef2ad5/opt/zephyr-sdk/arm-zephyr-eabi/arm-zephyr-eabi/lib/thumb/v8-m.main/nofp/libc_nano.a
LOAD /opt/nordic/ncs/toolchains/b8efef2ad5/opt/zephyr-sdk/arm-zephyr-eabi/bin/../lib/gcc/arm-zephyr-eabi/12.2.0/thumb/v8-m.main/nofp/libgcc.a
LOAD /opt/nordic/ncs/toolchains/b8efef2ad5/opt/zephyr-sdk/arm-zephyr-eabi/arm-zephyr-eabi/lib/thumb/v8-m.main/nofp/libc_nano.a
                0x0000000000000020                _region_min_align = 0x20

.rel.plt        0x0000000000008000        0x0
 *(SORT_BY_ALIGNMENT(.rel.plt))
                [!provide]                        PROVIDE (__rel_iplt_start = .)
 *(SORT_BY_ALIGNMENT(.rel.iplt))
 .rel.iplt      0x0000000000008000        0x0 zephyr/CMakeFiles/zephyr_final.dir/isr_tables.c.obj
                [!provide]                        PROVIDE (__rel_iplt_end = .)

.rela.plt       0x0000000000000000        0x0
 *(SORT_BY_ALIGNMENT(.rela.plt))
                [!provide]                        PROVIDE (__rela_iplt_start = .)
 *(SORT_BY_ALIGNMENT(.rela.iplt))
                [!provide]                        PROVIDE (__rela_iplt_end = .)

.rel.dyn
 *(SORT_BY_ALIGNMENT(.rel.*))

.rela.dyn
 *(SORT_BY_ALIGNMENT(.rela.*))

/DISCARD/
 *(SORT_BY_ALIGNMENT(.plt))

/DISCARD/
 *(SORT_BY_ALIGNMENT(.iplt))
                0x0000000000008000                __rom_region_start = 0x8000

rom_start       0x0000000000008000      0x144
                0x0000000000008000                __rom_start_address = .
 FILL mask 0x00
                0x0000000000008000                . = (. + (0x0 - (. - __rom_start_address)))
                0x0000000000008000                . = ALIGN (0x4)
                0x0000000000008000                . = ALIGN (0x80)
                0x0000000000008000                . = ALIGN (0x200)
                0x0000000000008000                _vector_start = .
 *(SORT_BY_ALIGNMENT(.exc_vector_table))
 *(SORT_BY_ALIGNMENT(.exc_vector_table.*))
 .exc_vector_table._vector_table_section
                0x0000000000008000       0x40 zephyr/arch/arch/arm/core/cortex_m/libarch__arm__core__cortex_m.a(vector_table.S.obj)
                0x0000000000008000                _vector_table
 *(SORT_BY_ALIGNMENT(.vectors))
                0x0000000000008144                _vector_end = .
                0x0000000000008040                . = ALIGN (0x4)
 *(SORT_BY_ALIGNMENT(.gnu.linkonce.irq_vector_table*))
 .gnu.linkonce.irq_vector_table
                0x0000000000008040      0x104 zephyr/CMakeFiles/zephyr_final.dir/isr_tables.c.obj
                0x0000000000008040                _irq_vector_table
                0x0000000000008144                _vector_end = .

text            0x0000000000008148    0x168c0
                0x0000000000008148                __text_region_start = .
 *(SORT_BY_ALIGNMENT(.text))
 .text          0x0000000000008148      0x378 /opt/nordic/ncs/toolchains/b8efef2ad5/opt/zephyr-sdk/arm-zephyr-eabi/bin/../lib/gcc/arm-zephyr-eabi/12.2.0/thumb/v8-m.main/nofp/libgcc.a(_arm_addsubdf3.o)
                0x0000000000008148                __aeabi_drsub
                0x0000000000008150                __subdf3
                0x0000000000008150                __aeabi_dsub
                0x0000000000008154                __aeabi_dadd
                0x0000000000008154                __adddf3
                0x00000000000083cc                __aeabi_ui2d
                0x00000000000083cc                __floatunsidf
                0x00000000000083ec                __floatsidf
                0x00000000000083ec                __aeabi_i2d
                0x0000000000008410                __extendsfdf2
                0x0000000000008410                __aeabi_f2d
                0x0000000000008454                __aeabi_ul2d
                0x0000000000008454                __floatundidf
                0x0000000000008464                __aeabi_l2d
                0x0000000000008464                __floatdidf
 .text          0x00000000000084c0      0x424 /opt/nordic/ncs/toolchains/b8efef2ad5/opt/zephyr-sdk/arm-zephyr-eabi/bin/../lib/gcc/arm-zephyr-eabi/12.2.0/thumb/v8-m.main/nofp/libgcc.a(_arm_muldivdf3.o)
                0x00000000000084c0                __aeabi_dmul
                0x00000000000084c0                __muldf3
                0x0000000000008714                __aeabi_ddiv
                0x0000000000008714                __divdf3
 .text          0x00000000000088e4      0x110 /opt/nordic/ncs/toolchains/b8efef2ad5/opt/zephyr-sdk/arm-zephyr-eabi/bin/../lib/gcc/arm-zephyr-eabi/12.2.0/thumb/v8-m.main/nofp/libgcc.a(_arm_cmpdf2.o)
                0x00000000000088e4                __gedf2
                0x00000000000088e4                __gtdf2
                0x00000000000088ec                __ledf2
                0x00000000000088ec                __ltdf2
                0x00000000000088f4                __cmpdf2
                0x00000000000088f4                __eqdf2
                0x00000000000088f4                __nedf2
                0x0000000000008970                __aeabi_cdrcmple
                0x0000000000008980                __aeabi_cdcmple
                0x0000000000008980                __aeabi_cdcmpeq
                0x0000000000008990                __aeabi_dcmpeq
                0x00000000000089a4                __aeabi_dcmplt
                0x00000000000089b8                __aeabi_dcmple
                0x00000000000089cc                __aeabi_dcmpge
                0x00000000000089e0                __aeabi_dcmpgt
 .text          0x00000000000089f4       0x2c /opt/nordic/ncs/toolchains/b8efef2ad5/opt/zephyr-sdk/arm-zephyr-eabi/bin/../lib/gcc/arm-zephyr-eabi/12.2.0/thumb/v8-m.main/nofp/libgcc.a(_arm_unorddf2.o)
                0x00000000000089f4                __aeabi_dcmpun
                0x00000000000089f4                __unorddf2
 .text          0x0000000000008a20       0x50 /opt/nordic/ncs/toolchains/b8efef2ad5/opt/zephyr-sdk/arm-zephyr-eabi/bin/../lib/gcc/arm-zephyr-eabi/12.2.0/thumb/v8-m.main/nofp/libgcc.a(_arm_fixdfsi.o)
                0x0000000000008a20                __fixdfsi
                0x0000000000008a20                __aeabi_d2iz
 .text          0x0000000000008a70       0x40 /opt/nordic/ncs/toolchains/b8efef2ad5/opt/zephyr-sdk/arm-zephyr-eabi/bin/../lib/gcc/arm-zephyr-eabi/12.2.0/thumb/v8-m.main/nofp/libgcc.a(_arm_fixunsdfsi.o)
                0x0000000000008a70                __fixunsdfsi
                0x0000000000008a70                __aeabi_d2uiz
 .text          0x0000000000008ab0       0xa0 /opt/nordic/ncs/toolchains/b8efef2ad5/opt/zephyr-sdk/arm-zephyr-eabi/bin/../lib/gcc/arm-zephyr-eabi/12.2.0/thumb/v8-m.main/nofp/libgcc.a(_arm_truncdfsf2.o)
                0x0000000000008ab0                __aeabi_d2f
                0x0000000000008ab0                __truncdfsf2
 .text          0x0000000000008b50       0x30 /opt/nordic/ncs/toolchains/b8efef2ad5/opt/zephyr-sdk/arm-zephyr-eabi/bin/../lib/gcc/arm-zephyr-eabi/12.2.0/thumb/v8-m.main/nofp/libgcc.a(_aeabi_uldivmod.o)
                0x0000000000008b50                __aeabi_uldivmod
 .text          0x0000000000008b80       0x3c /opt/nordic/ncs/toolchains/b8efef2ad5/opt/zephyr-sdk/arm-zephyr-eabi/bin/../lib/gcc/arm-zephyr-eabi/12.2.0/thumb/v8-m.main/nofp/libgcc.a(_fixunsdfdi.o)
                0x0000000000008b80                __aeabi_d2ulz
                0x0000000000008b80                __fixunsdfdi
 .text          0x0000000000008bbc        0x4 /opt/nordic/ncs/toolchains/b8efef2ad5/opt/zephyr-sdk/arm-zephyr-eabi/bin/../lib/gcc/arm-zephyr-eabi/12.2.0/thumb/v8-m.main/nofp/libgcc.a(_dvmd_tls.o)
                0x0000000000008bbc                __aeabi_ldiv0
                0x0000000000008bbc                __aeabi_idiv0
 .text          0x0000000000008bc0       0x14 /opt/nordic/ncs/toolchains/b8efef2ad5/opt/zephyr-sdk/arm-zephyr-eabi/arm-zephyr-eabi/lib/thumb/v8-m.main/nofp/libc_nano.a(lib_a-strcmp.o)
                0x0000000000008bc0                strcmp
 .text          0x0000000000008bd4       0x10 /opt/nordic/ncs/toolchains/b8efef2ad5/opt/zephyr-sdk/arm-zephyr-eabi/arm-zephyr-eabi/lib/thumb/v8-m.main/nofp/libc_nano.a(lib_a-strlen.o)
                0x0000000000008bd4                strlen
 .text          0x0000000000008be4       0x2e /opt/nordic/ncs/toolchains/b8efef2ad5/opt/zephyr-sdk/arm-zephyr-eabi/bin/../lib/gcc/arm-zephyr-eabi/12.2.0/thumb/v8-m.main/nofp/libgcc.a(_fixdfdi.o)
                0x0000000000008be4                __aeabi_d2lz
                0x0000000000008be4                __fixdfdi
 .text          0x0000000000008c12      0x29c /opt/nordic/ncs/toolchains/b8efef2ad5/opt/zephyr-sdk/arm-zephyr-eabi/bin/../lib/gcc/arm-zephyr-eabi/12.2.0/thumb/v8-m.main/nofp/libgcc.a(_udivmoddi4.o)
                0x0000000000008c12                __udivmoddi4
 *(SORT_BY_ALIGNMENT(.text.*))
 *fill*         0x0000000000008eae        0x2 
 .text.generate_infinity_position
                0x0000000000008eb0       0xb0 app/libapp.a(main.c.obj)
                0x0000000000008eb0                generate_infinity_position
 .text.main     0x0000000000008f60      0x308 app/libapp.a(main.c.obj)
                0x0000000000008f60                main
 .text._strtod_l
                0x0000000000009268      0xbf8 /opt/nordic/ncs/toolchains/b8efef2ad5/opt/zephyr-sdk/arm-zephyr-eabi/arm-zephyr-eabi/lib/thumb/v8-m.main/nofp/libc_nano.a(lib_a-strtod.o)
                0x0000000000009268                _strtod_l
 .text._dtoa_r  0x0000000000009e60      0xc58 /opt/nordic/ncs/toolchains/b8efef2ad5/opt/zephyr-sdk/arm-zephyr-eabi/arm-zephyr-eabi/lib/thumb/v8-m.main/nofp/libc_nano.a(lib_a-dtoa.o)
                0x0000000000009e60                _dtoa_r
 .text.__ieee754_rem_pio2
                0x000000000000aab8      0x3ec /opt/nordic/ncs/toolchains/b8efef2ad5/opt/zephyr-sdk/arm-zephyr-eabi/arm-zephyr-eabi/lib/thumb/v8-m.main/nofp/libm_nano.a(lib_a-e_rem_pio2.o)
                0x000000000000aab8                __ieee754_rem_pio2
 *fill*         0x000000000000aea4        0x4 
 .text.__kernel_cos
                0x000000000000aea8      0x17c /opt/nordic/ncs/toolchains/b8efef2ad5/opt/zephyr-sdk/arm-zephyr-eabi/arm-zephyr-eabi/lib/thumb/v8-m.main/nofp/libm_nano.a(lib_a-k_cos.o)
                0x000000000000aea8                __kernel_cos
 *fill*         0x000000000000b024        0x4 
 .text.__kernel_sin
                0x000000000000b028      0x16c /opt/nordic/ncs/toolchains/b8efef2ad5/opt/zephyr-sdk/arm-zephyr-eabi/arm-zephyr-eabi/lib/thumb/v8-m.main/nofp/libm_nano.a(lib_a-k_sin.o)
                0x000000000000b028                __kernel_sin
 *fill*         0x000000000000b194        0x4 
 .text.floor    0x000000000000b198      0x100 /opt/nordic/ncs/toolchains/b8efef2ad5/opt/zephyr-sdk/arm-zephyr-eabi/arm-zephyr-eabi/lib/thumb/v8-m.main/nofp/libm_nano.a(lib_a-s_floor.o)
                0x000000000000b198                floor
 .text.scalbn   0x000000000000b298       0xe4 /opt/nordic/ncs/toolchains/b8efef2ad5/opt/zephyr-sdk/arm-zephyr-eabi/arm-zephyr-eabi/lib/thumb/v8-m.main/nofp/libm_nano.a(lib_a-s_scalbn.o)
                0x000000000000b298                scalbn
 .text.data_print
                0x000000000000b37c       0x58 app/libapp.a(mqtt_connection.c.obj)
 .text.mqtt_evt_handler
                0x000000000000b3d4      0x224 app/libapp.a(mqtt_connection.c.obj)
                0x000000000000b3d4                mqtt_evt_handler
 .text.data_publish
                0x000000000000b5f8       0x94 app/libapp.a(mqtt_connection.c.obj)
                0x000000000000b5f8                data_publish
 .text.client_init
                0x000000000000b68c      0x17c app/libapp.a(mqtt_connection.c.obj)
                0x000000000000b68c                client_init
 .text.button_handler.part.0
                0x000000000000b808       0x34 app/libapp.a(main.c.obj)
 .text.lte_handler
                0x000000000000b83c       0xa8 app/libapp.a(main.c.obj)
 .text.cbvprintf_package
                0x000000000000b8e4      0x3a4 zephyr/libzephyr.a(cbprintf_packaged.c.obj)
                0x000000000000b8e4                cbvprintf_package
 .text.cbprintf_package_convert
                0x000000000000bc88      0x3c0 zephyr/libzephyr.a(cbprintf_packaged.c.obj)
                0x000000000000bc88                cbprintf_package_convert
 .text.__printk_hook_install
                0x000000000000c048        0xc zephyr/libzephyr.a(printk.c.obj)
                0x000000000000c048                __printk_hook_install
 .text.vsnprintk
                0x000000000000c054       0x2c zephyr/libzephyr.a(printk.c.obj)
                0x000000000000c054                vsnprintk
 .text._check_fd
                0x000000000000c080       0x2c zephyr/libzephyr.a(fdtable.c.obj)
 .text.zvfs_lseek_wrap.constprop.0
                0x000000000000c0ac       0x7c zephyr/libzephyr.a(fdtable.c.obj)
 .text.z_fd_unref.isra.0
                0x000000000000c128       0x40 zephyr/libzephyr.a(fdtable.c.obj)
 .text.zvfs_get_fd_obj_and_vtable
                0x000000000000c168       0x34 zephyr/libzephyr.a(fdtable.c.obj)
                0x000000000000c168                zvfs_get_fd_obj_and_vtable
 .text.zvfs_reserve_fd
                0x000000000000c19c       0x78 zephyr/libzephyr.a(fdtable.c.obj)
                0x000000000000c19c                zvfs_reserve_fd
 .text.zvfs_finalize_typed_fd
                0x000000000000c214       0x30 zephyr/libzephyr.a(fdtable.c.obj)
                0x000000000000c214                zvfs_finalize_typed_fd
 .text.zvfs_read
                0x000000000000c244       0x8c zephyr/libzephyr.a(fdtable.c.obj)
                0x000000000000c244                zvfs_read
 .text.zvfs_write
                0x000000000000c2d0       0x8c zephyr/libzephyr.a(fdtable.c.obj)
                0x000000000000c2d0                zvfs_write
 .text.zvfs_close
                0x000000000000c35c       0x4c zephyr/libzephyr.a(fdtable.c.obj)
                0x000000000000c35c                zvfs_close
 .text.zvfs_fstat
                0x000000000000c3a8       0x34 zephyr/libzephyr.a(fdtable.c.obj)
                0x000000000000c3a8                zvfs_fstat
 .text.zvfs_lseek
                0x000000000000c3dc       0x38 zephyr/libzephyr.a(fdtable.c.obj)
                0x000000000000c3dc                zvfs_lseek
 .text.extract_decimal
                0x000000000000c414       0x2c zephyr/libzephyr.a(cbprintf_complete.c.obj)
 .text.encode_uint
                0x000000000000c440       0x9c zephyr/libzephyr.a(cbprintf_complete.c.obj)
 .text.z_cbvprintf_impl
                0x000000000000c4dc      0x768 zephyr/libzephyr.a(cbprintf_complete.c.obj)
                0x000000000000c4dc                z_cbvprintf_impl
 .text.process_event
                0x000000000000cc44      0x21c zephyr/libzephyr.a(onoff.c.obj)
 .text.activate_foreach_backend
                0x000000000000ce60       0x64 zephyr/libzephyr.a(log_core.c.obj)
 .text.enable_logger
                0x000000000000cec4       0x5c zephyr/libzephyr.a(log_core.c.obj)
 .text.log_process_thread_timer_expiry_fn
                0x000000000000cf20        0xc zephyr/libzephyr.a(log_core.c.obj)
 .text.z_log_init
                0x000000000000cf2c       0x90 zephyr/libzephyr.a(log_core.c.obj)
 .text.log_format_func_t_get
                0x000000000000cfbc        0xc zephyr/libzephyr.a(log_core.c.obj)
                0x000000000000cfbc                log_format_func_t_get
 .text.log_set_timestamp_func
                0x000000000000cfc8       0x20 zephyr/libzephyr.a(log_core.c.obj)
                0x000000000000cfc8                log_set_timestamp_func
 .text.z_log_notify_backend_enabled
                0x000000000000cfe8       0x1c zephyr/libzephyr.a(log_core.c.obj)
                0x000000000000cfe8                z_log_notify_backend_enabled
 .text.z_log_dropped
                0x000000000000d004       0x3c zephyr/libzephyr.a(log_core.c.obj)
                0x000000000000d004                z_log_dropped
 .text.z_log_dropped_read_and_clear
                0x000000000000d040       0x18 zephyr/libzephyr.a(log_core.c.obj)
                0x000000000000d040                z_log_dropped_read_and_clear
 .text.dropped_notify
                0x000000000000d058       0x30 zephyr/libzephyr.a(log_core.c.obj)
                0x000000000000d058                dropped_notify
 .text.z_log_msg_init
                0x000000000000d088       0x20 zephyr/libzephyr.a(log_core.c.obj)
                0x000000000000d088                z_log_msg_init
 .text.log_core_init
                0x000000000000d0a8       0x34 zephyr/libzephyr.a(log_core.c.obj)
                0x000000000000d0a8                log_core_init
 .text.z_log_msg_alloc
                0x000000000000d0dc       0x10 zephyr/libzephyr.a(log_core.c.obj)
                0x000000000000d0dc                z_log_msg_alloc
 .text.z_log_msg_local_claim
                0x000000000000d0ec        0xc zephyr/libzephyr.a(log_core.c.obj)
                0x000000000000d0ec                z_log_msg_local_claim
 .text.z_log_msg_free
                0x000000000000d0f8       0x10 zephyr/libzephyr.a(log_core.c.obj)
                0x000000000000d0f8                z_log_msg_free
 .text.z_log_msg_pending
                0x000000000000d108        0xc zephyr/libzephyr.a(log_core.c.obj)
                0x000000000000d108                z_log_msg_pending
 .text.z_impl_log_process
                0x000000000000d114       0xb4 zephyr/libzephyr.a(log_core.c.obj)
                0x000000000000d114                z_impl_log_process
 .text.z_impl_log_panic
                0x000000000000d1c8       0x44 zephyr/libzephyr.a(log_core.c.obj)
                0x000000000000d1c8                z_impl_log_panic
 .text.log_process_thread_func
                0x000000000000d20c       0x9c zephyr/libzephyr.a(log_core.c.obj)
 .text.z_log_msg_post_finalize
                0x000000000000d2a8       0x78 zephyr/libzephyr.a(log_core.c.obj)
 .text.z_log_msg_commit
                0x000000000000d320       0x24 zephyr/libzephyr.a(log_core.c.obj)
                0x000000000000d320                z_log_msg_commit
 .text.log_source_name_get
                0x000000000000d344       0x1c zephyr/libzephyr.a(log_mgmt.c.obj)
                0x000000000000d344                log_source_name_get
 .text.log_backend_enable
                0x000000000000d360       0x28 zephyr/libzephyr.a(log_mgmt.c.obj)
                0x000000000000d360                log_backend_enable
 .text.z_impl_z_log_msg_static_create
                0x000000000000d388      0x108 zephyr/libzephyr.a(log_msg.c.obj)
                0x000000000000d388                z_impl_z_log_msg_static_create
 .text.z_log_msg_runtime_vcreate
                0x000000000000d490       0xa0 zephyr/libzephyr.a(log_msg.c.obj)
                0x000000000000d490                z_log_msg_runtime_vcreate
 .text.log_msg_get_source_id
                0x000000000000d530       0x18 zephyr/libzephyr.a(log_msg.c.obj)
                0x000000000000d530                log_msg_get_source_id
 .text.print_formatted
                0x000000000000d548       0x24 zephyr/libzephyr.a(log_output.c.obj)
 .text.newline_print
                0x000000000000d56c       0x1c zephyr/libzephyr.a(log_output.c.obj)
 .text.log_output_process
                0x000000000000d588      0x2dc zephyr/libzephyr.a(log_output.c.obj)
                0x000000000000d588                log_output_process
 .text.log_output_dropped_process
                0x000000000000d864       0x58 zephyr/libzephyr.a(log_output.c.obj)
                0x000000000000d864                log_output_dropped_process
 .text.log_output_timestamp_freq_set
                0x000000000000d8bc       0x2c zephyr/libzephyr.a(log_output.c.obj)
                0x000000000000d8bc                log_output_timestamp_freq_set
 .text.char_out
                0x000000000000d8e8       0x24 zephyr/libzephyr.a(log_backend_uart.c.obj)
 .text.mem_attr_get_regions
                0x000000000000d90c        0xc zephyr/libzephyr.a(mem_attr.c.obj)
                0x000000000000d90c                mem_attr_get_regions
 .text.boot_banner
                0x000000000000d918       0x1c zephyr/libzephyr.a(banner.c.obj)
                0x000000000000d918                boot_banner
 .text.z_arm_fatal_error
                0x000000000000d934       0xb8 zephyr/arch/arch/arm/core/libarch__arm__core.a(fatal.c.obj)
                0x000000000000d934                z_arm_fatal_error
 .text.z_SysNmiOnReset
                0x000000000000d9ec        0x8 zephyr/arch/arch/arm/core/libarch__arm__core.a(nmi_on_reset.S.obj)
                0x000000000000d9ec                z_SysNmiOnReset
 .text._HandlerModeExit
                0x000000000000d9f4       0x28 zephyr/arch/arch/arm/core/cortex_m/libarch__arm__core__cortex_m.a(exc_exit.c.obj)
                0x000000000000d9f4                z_arm_exc_exit
                0x000000000000d9f4                z_arm_int_exit
 .text.mem_manage_fault.constprop.0
                0x000000000000da1c       0xd0 zephyr/arch/arch/arm/core/cortex_m/libarch__arm__core__cortex_m.a(fault.c.obj)
 .text.usage_fault.constprop.0
                0x000000000000daec       0xbc zephyr/arch/arch/arm/core/cortex_m/libarch__arm__core__cortex_m.a(fault.c.obj)
 .text.bus_fault.constprop.0
                0x000000000000dba8       0xd0 zephyr/arch/arch/arm/core/cortex_m/libarch__arm__core__cortex_m.a(fault.c.obj)
 .text.z_arm_fault
                0x000000000000dc78      0x1e0 zephyr/arch/arch/arm/core/cortex_m/libarch__arm__core__cortex_m.a(fault.c.obj)
                0x000000000000dc78                z_arm_fault
 .text.z_arm_fault_init
                0x000000000000de58       0x20 zephyr/arch/arch/arm/core/cortex_m/libarch__arm__core__cortex_m.a(fault.c.obj)
                0x000000000000de58                z_arm_fault_init
 .text.__fault  0x000000000000de78       0x14 zephyr/arch/arch/arm/core/cortex_m/libarch__arm__core__cortex_m.a(fault_s.S.obj)
                0x000000000000de78                z_arm_bus_fault
                0x000000000000de78                z_arm_usage_fault
                0x000000000000de78                z_arm_mpu_fault
                0x000000000000de78                z_arm_exc_spurious
                0x000000000000de78                z_arm_debug_monitor
                0x000000000000de78                z_arm_hard_fault
 .text._reset_section
                0x000000000000de8c       0x60 zephyr/arch/arch/arm/core/cortex_m/libarch__arm__core__cortex_m.a(reset.S.obj)
                0x000000000000de8c                z_arm_reset
                0x000000000000de8c                __start
 .text.z_arm_clear_arm_mpu_config
                0x000000000000deec       0x24 zephyr/arch/arch/arm/core/cortex_m/libarch__arm__core__cortex_m.a(scb.c.obj)
                0x000000000000deec                z_arm_clear_arm_mpu_config
 .text.z_arm_init_arch_hw_at_boot
                0x000000000000df10       0x4c zephyr/arch/arch/arm/core/cortex_m/libarch__arm__core__cortex_m.a(scb.c.obj)
                0x000000000000df10                z_arm_init_arch_hw_at_boot
 .text.z_impl_k_thread_abort
                0x000000000000df5c       0x2c zephyr/arch/arch/arm/core/cortex_m/libarch__arm__core__cortex_m.a(thread_abort.c.obj)
                0x000000000000df5c                z_impl_k_thread_abort
 .text.arch_swap
                0x000000000000df88       0x34 zephyr/arch/arch/arm/core/cortex_m/libarch__arm__core__cortex_m.a(swap.c.obj)
                0x000000000000df88                arch_swap
 .text.z_arm_pendsv_c
                0x000000000000dfbc       0x48 zephyr/arch/arch/arm/core/cortex_m/libarch__arm__core__cortex_m.a(swap.c.obj)
                0x000000000000dfbc                z_arm_pendsv_c
 .text.z_arm_pendsv
                0x000000000000e004       0x48 zephyr/arch/arch/arm/core/cortex_m/libarch__arm__core__cortex_m.a(swap_helper.S.obj)
                0x000000000000e004                z_arm_pendsv
 .text.z_arm_svc
                0x000000000000e04c       0x20 zephyr/arch/arch/arm/core/cortex_m/libarch__arm__core__cortex_m.a(swap_helper.S.obj)
                0x000000000000e04c                z_arm_svc
 .text.arch_irq_enable
                0x000000000000e06c       0x1c zephyr/arch/arch/arm/core/cortex_m/libarch__arm__core__cortex_m.a(irq_manage.c.obj)
                0x000000000000e06c                arch_irq_enable
 .text.arch_irq_disable
                0x000000000000e088       0x28 zephyr/arch/arch/arm/core/cortex_m/libarch__arm__core__cortex_m.a(irq_manage.c.obj)
                0x000000000000e088                arch_irq_disable
 .text.arch_irq_is_enabled
                0x000000000000e0b0       0x1c zephyr/arch/arch/arm/core/cortex_m/libarch__arm__core__cortex_m.a(irq_manage.c.obj)
                0x000000000000e0b0                arch_irq_is_enabled
 .text.z_arm_irq_priority_set
                0x000000000000e0cc       0x2c zephyr/arch/arch/arm/core/cortex_m/libarch__arm__core__cortex_m.a(irq_manage.c.obj)
                0x000000000000e0cc                z_arm_irq_priority_set
 .text.z_prep_c
                0x000000000000e0f8       0x38 zephyr/arch/arch/arm/core/cortex_m/libarch__arm__core__cortex_m.a(prep_c.c.obj)
                0x000000000000e0f8                z_prep_c
 .text.arch_new_thread
                0x000000000000e130       0x40 zephyr/arch/arch/arm/core/cortex_m/libarch__arm__core__cortex_m.a(thread.c.obj)
                0x000000000000e130                arch_new_thread
 .text.arch_switch_to_main_thread
                0x000000000000e170       0x3c zephyr/arch/arch/arm/core/cortex_m/libarch__arm__core__cortex_m.a(thread.c.obj)
                0x000000000000e170                arch_switch_to_main_thread
 .text.z_arm_cpu_idle_init
                0x000000000000e1ac        0xc zephyr/arch/arch/arm/core/cortex_m/libarch__arm__core__cortex_m.a(cpu_idle.c.obj)
                0x000000000000e1ac                z_arm_cpu_idle_init
 .text.z_arm_interrupt_init
                0x000000000000e1b8       0x18 zephyr/arch/arch/arm/core/cortex_m/libarch__arm__core__cortex_m.a(irq_init.c.obj)
                0x000000000000e1b8                z_arm_interrupt_init
 .text._isr_wrapper
                0x000000000000e1d0       0x24 zephyr/arch/arch/arm/core/cortex_m/libarch__arm__core__cortex_m.a(isr_wrapper.c.obj)
                0x000000000000e1d0                _isr_wrapper
 .text.z_arm_configure_static_mpu_regions
                0x000000000000e1f4       0x38 zephyr/arch/arch/arm/core/mpu/libarch__arm__core__mpu.a(arm_core_mpu.c.obj)
                0x000000000000e1f4                z_arm_configure_static_mpu_regions
 .text.region_init
                0x000000000000e22c       0x34 zephyr/arch/arch/arm/core/mpu/libarch__arm__core__mpu.a(arm_mpu.c.obj)
 .text.region_allocate_and_init
                0x000000000000e260       0x38 zephyr/arch/arch/arm/core/mpu/libarch__arm__core__mpu.a(arm_mpu.c.obj)
 .text.mpu_configure_regions_and_partition.constprop.0
                0x000000000000e298      0x164 zephyr/arch/arch/arm/core/mpu/libarch__arm__core__mpu.a(arm_mpu.c.obj)
 .text.arm_core_mpu_enable
                0x000000000000e3fc       0x18 zephyr/arch/arch/arm/core/mpu/libarch__arm__core__mpu.a(arm_mpu.c.obj)
                0x000000000000e3fc                arm_core_mpu_enable
 .text.arm_core_mpu_disable
                0x000000000000e414       0x14 zephyr/arch/arch/arm/core/mpu/libarch__arm__core__mpu.a(arm_mpu.c.obj)
                0x000000000000e414                arm_core_mpu_disable
 .text.arm_core_mpu_configure_static_mpu_regions
                0x000000000000e428       0x14 zephyr/arch/arch/arm/core/mpu/libarch__arm__core__mpu.a(arm_mpu.c.obj)
                0x000000000000e428                arm_core_mpu_configure_static_mpu_regions
 .text.arm_core_mpu_mark_areas_for_dynamic_regions
                0x000000000000e43c       0xb8 zephyr/arch/arch/arm/core/mpu/libarch__arm__core__mpu.a(arm_mpu.c.obj)
                0x000000000000e43c                arm_core_mpu_mark_areas_for_dynamic_regions
 .text.z_arm_mpu_init
                0x000000000000e4f4      0x11c zephyr/arch/arch/arm/core/mpu/libarch__arm__core__mpu.a(arm_mpu.c.obj)
                0x000000000000e4f4                z_arm_mpu_init
 .text.__stdout_hook_install
                0x000000000000e610        0xc zephyr/lib/libc/newlib/liblib__libc__newlib.a(libc-hooks.c.obj)
                0x000000000000e610                __stdout_hook_install
 .text.z_impl_zephyr_write_stdout
                0x000000000000e61c       0x30 zephyr/lib/libc/newlib/liblib__libc__newlib.a(libc-hooks.c.obj)
                0x000000000000e61c                z_impl_zephyr_write_stdout
 .text._sbrk    0x000000000000e64c       0x28 zephyr/lib/libc/newlib/liblib__libc__newlib.a(libc-hooks.c.obj)
                0x000000000000e64c                _sbrk
                0x000000000000e64c                sbrk
 .text.abort    0x000000000000e674       0x1c zephyr/lib/libc/common/liblib__libc__common.a(abort.c.obj)
                0x000000000000e674                abort
 .text.pthread_barrier_pool_init
                0x000000000000e690       0x28 zephyr/lib/posix/options/liblib__posix__options.a(barrier.c.obj)
 .text.pthread_cond_pool_init
                0x000000000000e6b8       0x20 zephyr/lib/posix/options/liblib__posix__options.a(cond.c.obj)
 .text.pthread_mutex_pool_init
                0x000000000000e6d8       0x20 zephyr/lib/posix/options/liblib__posix__options.a(mutex.c.obj)
 .text.posix_thread_pool_init
                0x000000000000e6f8       0x34 zephyr/lib/posix/options/liblib__posix__options.a(pthread.c.obj)
 .text.nordicsemi_nrf91_init
                0x000000000000e72c       0x10 zephyr/soc/soc/nrf9160/libsoc__nordic.a(soc.c.obj)
 .text.arch_busy_wait
                0x000000000000e73c       0x14 zephyr/soc/soc/nrf9160/libsoc__nordic.a(soc.c.obj)
                0x000000000000e73c                arch_busy_wait
 .text.z_impl_sys_rand_get
                0x000000000000e750       0x40 zephyr/subsys/random/libsubsys__random.a(random_entropy_device.c.obj)
                0x000000000000e750                z_impl_sys_rand_get
 .text.net_hostname_init
                0x000000000000e790       0x18 zephyr/subsys/net/libsubsys__net.a(hostname.c.obj)
                0x000000000000e790                net_hostname_init
 .text.z_impl_zsock_socket
                0x000000000000e7a8       0x5c zephyr/subsys/net/libsubsys__net.a(sockets.c.obj)
                0x000000000000e7a8                z_impl_zsock_socket
 .text.zsock_poll_internal
                0x000000000000e804      0x1fc zephyr/subsys/net/libsubsys__net.a(sockets.c.obj)
                0x000000000000e804                zsock_poll_internal
 .text.socket_offload_dns_register
                0x000000000000ea00        0xc zephyr/subsys/net/libsubsys__net.a(socket_offload.c.obj)
                0x000000000000ea00                socket_offload_dns_register
 .text.socket_offload_getaddrinfo
                0x000000000000ea0c       0x14 zephyr/subsys/net/libsubsys__net.a(socket_offload.c.obj)
                0x000000000000ea0c                socket_offload_getaddrinfo
 .text.socket_offload_freeaddrinfo
                0x000000000000ea20        0xc zephyr/subsys/net/libsubsys__net.a(socket_offload.c.obj)
                0x000000000000ea20                socket_offload_freeaddrinfo
 .text.net_if_set_name
                0x000000000000ea2c       0x64 zephyr/subsys/net/ip/libsubsys__net__ip.a(net_if.c.obj)
                0x000000000000ea2c                net_if_set_name
 .text.net_if_init
                0x000000000000ea90       0xbc zephyr/subsys/net/ip/libsubsys__net__ip.a(net_if.c.obj)
                0x000000000000ea90                net_if_init
 .text.net_if_post_init
                0x000000000000eb4c       0x28 zephyr/subsys/net/ip/libsubsys__net__ip.a(net_if.c.obj)
                0x000000000000eb4c                net_if_post_init
 .text.z_impl_net_addr_ntop
                0x000000000000eb74      0x1d4 zephyr/subsys/net/ip/libsubsys__net__ip.a(utils.c.obj)
                0x000000000000eb74                z_impl_net_addr_ntop
 .text.connect_request_encode
                0x000000000000ed48      0x104 zephyr/subsys/net/lib/mqtt/libsubsys__net__lib__mqtt.a(mqtt_encoder.c.obj)
                0x000000000000ed48                connect_request_encode
 .text.disconnect_encode
                0x000000000000ee4c       0x24 zephyr/subsys/net/lib/mqtt/libsubsys__net__lib__mqtt.a(mqtt_encoder.c.obj)
                0x000000000000ee4c                disconnect_encode
 .text.ping_request_encode
                0x000000000000ee70       0x24 zephyr/subsys/net/lib/mqtt/libsubsys__net__lib__mqtt.a(mqtt_encoder.c.obj)
                0x000000000000ee70                ping_request_encode
 .text.mqtt_transport_connect
                0x000000000000ee94       0x14 zephyr/subsys/net/lib/mqtt/libsubsys__net__lib__mqtt.a(mqtt_transport.c.obj)
                0x000000000000ee94                mqtt_transport_connect
 .text.mqtt_transport_write
                0x000000000000eea8       0x18 zephyr/subsys/net/lib/mqtt/libsubsys__net__lib__mqtt.a(mqtt_transport.c.obj)
                0x000000000000eea8                mqtt_transport_write
 .text.mqtt_transport_write_msg
                0x000000000000eec0       0x18 zephyr/subsys/net/lib/mqtt/libsubsys__net__lib__mqtt.a(mqtt_transport.c.obj)
                0x000000000000eec0                mqtt_transport_write_msg
 .text.mqtt_transport_read
                0x000000000000eed8       0x1c zephyr/subsys/net/lib/mqtt/libsubsys__net__lib__mqtt.a(mqtt_transport.c.obj)
                0x000000000000eed8                mqtt_transport_read
 .text.onoff_stop
                0x000000000000eef4       0x30 zephyr/drivers/clock_control/libdrivers__clock_control.a(clock_control_nrf.c.obj)
 .text.onoff_start
                0x000000000000ef24       0x44 zephyr/drivers/clock_control/libdrivers__clock_control.a(clock_control_nrf.c.obj)
 .text.generic_hfclk_stop
                0x000000000000ef68       0x34 zephyr/drivers/clock_control/libdrivers__clock_control.a(clock_control_nrf.c.obj)
 .text.clk_init
                0x000000000000ef9c       0x58 zephyr/drivers/clock_control/libdrivers__clock_control.a(clock_control_nrf.c.obj)
 .text.api_blocking_start
                0x000000000000eff4       0x3c zephyr/drivers/clock_control/libdrivers__clock_control.a(clock_control_nrf.c.obj)
 .text.clkstarted_handle.constprop.0
                0x000000000000f030       0x4c zephyr/drivers/clock_control/libdrivers__clock_control.a(clock_control_nrf.c.obj)
 .text.generic_hfclk_start
                0x000000000000f07c       0x7c zephyr/drivers/clock_control/libdrivers__clock_control.a(clock_control_nrf.c.obj)
 .text.clock_event_handler
                0x000000000000f0f8       0x1c zephyr/drivers/clock_control/libdrivers__clock_control.a(clock_control_nrf.c.obj)
 .text.z_nrf_clock_control_lf_on
                0x000000000000f114       0xf4 zephyr/drivers/clock_control/libdrivers__clock_control.a(clock_control_nrf.c.obj)
                0x000000000000f114                z_nrf_clock_control_lf_on
 .text.uart_console_init
                0x000000000000f208       0x28 zephyr/drivers/console/libdrivers__console.a(uart_console.c.obj)
 .text.console_out
                0x000000000000f230       0x28 zephyr/drivers/console/libdrivers__console.a(uart_console.c.obj)
 .text.gpio_nrfx_init
                0x000000000000f258       0x48 zephyr/drivers/gpio/libdrivers__gpio.a(gpio_nrfx.c.obj)
 .text.nrfx_gpio_handler
                0x000000000000f2a0       0x3c zephyr/drivers/gpio/libdrivers__gpio.a(gpio_nrfx.c.obj)
 .text.gpio_nrfx_pin_configure
                0x000000000000f2dc      0x17c zephyr/drivers/gpio/libdrivers__gpio.a(gpio_nrfx.c.obj)
 .text.gpio_nrfx_pin_interrupt_configure
                0x000000000000f458       0xf4 zephyr/drivers/gpio/libdrivers__gpio.a(gpio_nrfx.c.obj)
 .text.pinctrl_configure_pins
                0x000000000000f54c      0x17c zephyr/drivers/pinctrl/libdrivers__pinctrl.a(pinctrl_nrf.c.obj)
                0x000000000000f54c                pinctrl_configure_pins
 .text.uarte_nrfx_poll_out
                0x000000000000f6c8       0xb4 zephyr/drivers/serial/libdrivers__serial.a(uart_nrfx_uarte.c.obj)
 .text.uarte_0_init
                0x000000000000f77c      0x11c zephyr/drivers/serial/libdrivers__serial.a(uart_nrfx_uarte.c.obj)
 .text.compare_int_lock
                0x000000000000f898       0x40 zephyr/drivers/timer/libdrivers__timer.a(nrf_rtc_timer.c.obj)
 .text.sys_clock_timeout_handler
                0x000000000000f8d8       0x48 zephyr/drivers/timer/libdrivers__timer.a(nrf_rtc_timer.c.obj)
 .text.compare_int_unlock
                0x000000000000f920       0x4c zephyr/drivers/timer/libdrivers__timer.a(nrf_rtc_timer.c.obj)
 .text.z_nrf_rtc_timer_read
                0x000000000000f96c       0x44 zephyr/drivers/timer/libdrivers__timer.a(nrf_rtc_timer.c.obj)
                0x000000000000f96c                z_nrf_rtc_timer_read
 .text.compare_set
                0x000000000000f9b0      0x124 zephyr/drivers/timer/libdrivers__timer.a(nrf_rtc_timer.c.obj)
 .text.sys_clock_driver_init
                0x000000000000fad4       0x90 zephyr/drivers/timer/libdrivers__timer.a(nrf_rtc_timer.c.obj)
 .text.rtc_nrf_isr
                0x000000000000fb64       0xd0 zephyr/drivers/timer/libdrivers__timer.a(nrf_rtc_timer.c.obj)
                0x000000000000fb64                rtc_nrf_isr
 .text.sys_clock_set_timeout
                0x000000000000fc34       0x5c zephyr/drivers/timer/libdrivers__timer.a(nrf_rtc_timer.c.obj)
                0x000000000000fc34                sys_clock_set_timeout
 .text.sys_clock_elapsed
                0x000000000000fc90       0x14 zephyr/drivers/timer/libdrivers__timer.a(nrf_rtc_timer.c.obj)
                0x000000000000fc90                sys_clock_elapsed
 .text.nrf_modem_lib_dfu_handler
                0x000000000000fca4       0x24 modules/nrf/lib/nrf_modem_lib/lib..__nrf__lib__nrf_modem_lib.a(nrf_modem_lib.c.obj)
 .text.nrf_modem_lib_init
                0x000000000000fcc8       0x50 modules/nrf/lib/nrf_modem_lib/lib..__nrf__lib__nrf_modem_lib.a(nrf_modem_lib.c.obj)
                0x000000000000fcc8                nrf_modem_lib_init
 .text.thread_monitor_entry_get
                0x000000000000fd18       0x48 modules/nrf/lib/nrf_modem_lib/lib..__nrf__lib__nrf_modem_lib.a(nrf_modem_os.c.obj)
 .text.on_init  0x000000000000fd60       0x20 modules/nrf/lib/nrf_modem_lib/lib..__nrf__lib__nrf_modem_lib.a(nrf_modem_os.c.obj)
 .text.nrf_modem_os_timedwait
                0x000000000000fd80      0x180 modules/nrf/lib/nrf_modem_lib/lib..__nrf__lib__nrf_modem_lib.a(nrf_modem_os.c.obj)
                0x000000000000fd80                nrf_modem_os_timedwait
 .text.nrf_modem_os_sem_init
                0x000000000000ff00       0x44 modules/nrf/lib/nrf_modem_lib/lib..__nrf__lib__nrf_modem_lib.a(nrf_modem_os.c.obj)
                0x000000000000ff00                nrf_modem_os_sem_init
 .text.nrf_modem_os_mutex_init
                0x000000000000ff44       0x34 modules/nrf/lib/nrf_modem_lib/lib..__nrf__lib__nrf_modem_lib.a(nrf_modem_os.c.obj)
                0x000000000000ff44                nrf_modem_os_mutex_init
 .text.nrf_modem_os_event_notify
                0x000000000000ff78       0x38 modules/nrf/lib/nrf_modem_lib/lib..__nrf__lib__nrf_modem_lib.a(nrf_modem_os.c.obj)
                0x000000000000ff78                nrf_modem_os_event_notify
 .text.nrf_modem_os_alloc
                0x000000000000ffb0       0x10 modules/nrf/lib/nrf_modem_lib/lib..__nrf__lib__nrf_modem_lib.a(nrf_modem_os.c.obj)
                0x000000000000ffb0                nrf_modem_os_alloc
 .text.nrf_modem_os_free
                0x000000000000ffc0        0xc modules/nrf/lib/nrf_modem_lib/lib..__nrf__lib__nrf_modem_lib.a(nrf_modem_os.c.obj)
                0x000000000000ffc0                nrf_modem_os_free
 .text.nrf_modem_os_shm_tx_alloc
                0x000000000000ffcc       0x10 modules/nrf/lib/nrf_modem_lib/lib..__nrf__lib__nrf_modem_lib.a(nrf_modem_os.c.obj)
                0x000000000000ffcc                nrf_modem_os_shm_tx_alloc
 .text.nrf_modem_os_shm_tx_free
                0x000000000000ffdc        0xc modules/nrf/lib/nrf_modem_lib/lib..__nrf__lib__nrf_modem_lib.a(nrf_modem_os.c.obj)
                0x000000000000ffdc                nrf_modem_os_shm_tx_free
 .text.nrf_modem_os_init
                0x000000000000ffe8       0x30 modules/nrf/lib/nrf_modem_lib/lib..__nrf__lib__nrf_modem_lib.a(nrf_modem_os.c.obj)
                0x000000000000ffe8                nrf_modem_os_init
 .text.nrf_modem_os_shutdown
                0x0000000000010018       0x18 modules/nrf/lib/nrf_modem_lib/lib..__nrf__lib__nrf_modem_lib.a(nrf_modem_os.c.obj)
                0x0000000000010018                nrf_modem_os_shutdown
 .text.cfun_callback
                0x0000000000010030       0x24 modules/nrf/lib/nrf_modem_lib/lib..__nrf__lib__nrf_modem_lib.a(cfun_hooks.c.obj)
 .text.on_modem_init
                0x0000000000010054        0xc modules/nrf/lib/nrf_modem_lib/lib..__nrf__lib__nrf_modem_lib.a(cfun_hooks.c.obj)
 .text.z_to_nrf_optname
                0x0000000000010060       0xdc modules/nrf/lib/nrf_modem_lib/lib..__nrf__lib__nrf_modem_lib.a(nrf9x_sockets.c.obj)
 .text.nrf9x_socket_offload_init
                0x000000000001013c       0x24 modules/nrf/lib/nrf_modem_lib/lib..__nrf__lib__nrf_modem_lib.a(nrf9x_sockets.c.obj)
 .text.nrf9x_socket_is_supported
                0x0000000000010160       0x38 modules/nrf/lib/nrf_modem_lib/lib..__nrf__lib__nrf_modem_lib.a(nrf9x_sockets.c.obj)
 .text.pollcb   0x0000000000010198       0x30 modules/nrf/lib/nrf_modem_lib/lib..__nrf__lib__nrf_modem_lib.a(nrf9x_sockets.c.obj)
 .text.nrf9x_socket_offload_sendmsg
                0x00000000000101c8      0x110 modules/nrf/lib/nrf_modem_lib/lib..__nrf__lib__nrf_modem_lib.a(nrf9x_sockets.c.obj)
 .text.allocate_ctx
                0x00000000000102d8       0x44 modules/nrf/lib/nrf_modem_lib/lib..__nrf__lib__nrf_modem_lib.a(nrf9x_sockets.c.obj)
 .text.release_ctx
                0x000000000001031c       0x2c modules/nrf/lib/nrf_modem_lib/lib..__nrf__lib__nrf_modem_lib.a(nrf9x_sockets.c.obj)
 .text.nrf9x_iface_api_init
                0x0000000000010348       0x38 modules/nrf/lib/nrf_modem_lib/lib..__nrf__lib__nrf_modem_lib.a(nrf9x_sockets.c.obj)
 .text.nrf9x_socket_offload_ioctl
                0x0000000000010380      0x10c modules/nrf/lib/nrf_modem_lib/lib..__nrf__lib__nrf_modem_lib.a(nrf9x_sockets.c.obj)
 .text.nrf9x_socket_create
                0x000000000001048c       0x9c modules/nrf/lib/nrf_modem_lib/lib..__nrf__lib__nrf_modem_lib.a(nrf9x_sockets.c.obj)
 .text.nrf9x_socket_offload_accept
                0x0000000000010528       0xe4 modules/nrf/lib/nrf_modem_lib/lib..__nrf__lib__nrf_modem_lib.a(nrf9x_sockets.c.obj)
 .text.nrf_modem_fault_handler
                0x000000000001060c       0x20 modules/nrf/lib/nrf_modem_lib/lib..__nrf__lib__nrf_modem_lib.a(fault.c.obj)
                0x000000000001060c                nrf_modem_fault_handler
 .text.dk_set_led.part.0
                0x000000000001062c       0x18 modules/nrf/lib/dk_buttons_and_leds/lib..__nrf__lib__dk_buttons_and_leds.a(dk_buttons_and_leds.c.obj)
 .text.get_buttons.part.0
                0x0000000000010644       0x18 modules/nrf/lib/dk_buttons_and_leds/lib..__nrf__lib__dk_buttons_and_leds.a(dk_buttons_and_leds.c.obj)
 .text.get_buttons
                0x000000000001065c       0x5c modules/nrf/lib/dk_buttons_and_leds/lib..__nrf__lib__dk_buttons_and_leds.a(dk_buttons_and_leds.c.obj)
 .text.dk_set_leds_state.part.0
                0x00000000000106b8       0x58 modules/nrf/lib/dk_buttons_and_leds/lib..__nrf__lib__dk_buttons_and_leds.a(dk_buttons_and_leds.c.obj)
 .text.callback_ctrl
                0x0000000000010710       0xa0 modules/nrf/lib/dk_buttons_and_leds/lib..__nrf__lib__dk_buttons_and_leds.a(dk_buttons_and_leds.c.obj)
 .text.button_pressed
                0x00000000000107b0       0x64 modules/nrf/lib/dk_buttons_and_leds/lib..__nrf__lib__dk_buttons_and_leds.a(dk_buttons_and_leds.c.obj)
 .text.buttons_scan_fn
                0x0000000000010814      0x104 modules/nrf/lib/dk_buttons_and_leds/lib..__nrf__lib__dk_buttons_and_leds.a(dk_buttons_and_leds.c.obj)
 .text.dk_leds_init
                0x0000000000010918       0x40 modules/nrf/lib/dk_buttons_and_leds/lib..__nrf__lib__dk_buttons_and_leds.a(dk_buttons_and_leds.c.obj)
                0x0000000000010918                dk_leds_init
 .text.dk_read_buttons
                0x0000000000010958       0x20 modules/nrf/lib/dk_buttons_and_leds/lib..__nrf__lib__dk_buttons_and_leds.a(dk_buttons_and_leds.c.obj)
                0x0000000000010958                dk_read_buttons
 .text.dk_buttons_init
                0x0000000000010978      0x11c modules/nrf/lib/dk_buttons_and_leds/lib..__nrf__lib__dk_buttons_and_leds.a(dk_buttons_and_leds.c.obj)
                0x0000000000010978                dk_buttons_init
 .text.dk_set_led
                0x0000000000010a94       0x3c modules/nrf/lib/dk_buttons_and_leds/lib..__nrf__lib__dk_buttons_and_leds.a(dk_buttons_and_leds.c.obj)
                0x0000000000010a94                dk_set_led
 .text.at_monitor_sys_init
                0x0000000000010ad0       0x28 modules/nrf/lib/at_monitor/lib..__nrf__lib__at_monitor.a(at_monitor.c.obj)
 .text.at_monitor_dispatch
                0x0000000000010af8       0xbc modules/nrf/lib/at_monitor/lib..__nrf__lib__at_monitor.a(at_monitor.c.obj)
                0x0000000000010af8                at_monitor_dispatch
 .text.at_monitor_task
                0x0000000000010bb4       0x64 modules/nrf/lib/at_monitor/lib..__nrf__lib__at_monitor.a(at_monitor.c.obj)
 .text.at_parser_check
                0x0000000000010c18       0x28 modules/nrf/lib/at_parser/lib..__nrf__lib__at_parser.a(at_parser.c.obj)
 .text.at_parser_tok
                0x0000000000010c40      0x148 modules/nrf/lib/at_parser/lib..__nrf__lib__at_parser.a(at_parser.c.obj)
 .text.at_parser_init
                0x0000000000010d88       0x20 modules/nrf/lib/at_parser/lib..__nrf__lib__at_parser.a(at_parser.c.obj)
                0x0000000000010d88                at_parser_init
 .text.at_match_str
                0x0000000000010da8       0x84 modules/nrf/lib/at_parser/lib..__nrf__lib__at_parser.a(at_match.c.obj)
                0x0000000000010da8                at_match_str
 .text.lte_lc_connect_async
                0x0000000000010e2c       0x34 modules/nrf/lib/lte_link_control/lib..__nrf__lib__lte_link_control.a(lte_lc.c.obj)
                0x0000000000010e2c                lte_lc_connect_async
 .text.lte_lc_on_modem_cfun
                0x0000000000010e60       0x24 modules/nrf/lib/lte_link_control/lib..__nrf__lib__lte_link_control.a(lte_lc_modem_hooks.c.obj)
 .text.on_modem_init.part.0
                0x0000000000010e84       0x14 modules/nrf/lib/lte_link_control/lib..__nrf__lib__lte_link_control.a(lte_lc_modem_hooks.c.obj)
 .text.on_modem_init
                0x0000000000010e98       0x4c modules/nrf/lib/lte_link_control/lib..__nrf__lib__lte_link_control.a(lte_lc_modem_hooks.c.obj)
 .text.k_mutex_unlock.constprop.0.isra.0
                0x0000000000010ee4        0xc modules/nrf/lib/lte_link_control/lib..__nrf__lib__lte_link_control.a(event_handler_list.c.obj)
 .text.event_handler_list_handler_append
                0x0000000000010ef0       0x58 modules/nrf/lib/lte_link_control/lib..__nrf__lib__lte_link_control.a(event_handler_list.c.obj)
                0x0000000000010ef0                event_handler_list_handler_append
 .text.event_handler_list_dispatch
                0x0000000000010f48       0x48 modules/nrf/lib/lte_link_control/lib..__nrf__lib__lte_link_control.a(event_handler_list.c.obj)
                0x0000000000010f48                event_handler_list_dispatch
 .text.event_handler_list_is_empty
                0x0000000000010f90       0x10 modules/nrf/lib/lte_link_control/lib..__nrf__lib__lte_link_control.a(event_handler_list.c.obj)
                0x0000000000010f90                event_handler_list_is_empty
 .text.work_q_start
                0x0000000000010fa0       0x30 modules/nrf/lib/lte_link_control/lib..__nrf__lib__lte_link_control.a(work_q.c.obj)
                0x0000000000010fa0                work_q_start
 .text.at_handler_cereg
                0x0000000000010fd0      0x268 modules/nrf/lib/lte_link_control/lib..__nrf__lib__lte_link_control.a(cereg.c.obj)
 .text.cereg_status_get
                0x0000000000011238       0x58 modules/nrf/lib/lte_link_control/lib..__nrf__lib__lte_link_control.a(cereg.c.obj)
                0x0000000000011238                cereg_status_get
 .text.cereg_lte_connect
                0x0000000000011290       0xd0 modules/nrf/lib/lte_link_control/lib..__nrf__lib__lte_link_control.a(cereg.c.obj)
                0x0000000000011290                cereg_lte_connect
 .text.cereg_notifications_enable
                0x0000000000011360       0x28 modules/nrf/lib/lte_link_control/lib..__nrf__lib__lte_link_control.a(cereg.c.obj)
                0x0000000000011360                cereg_notifications_enable
 .text.cfun_mode_get
                0x0000000000011388       0x4c modules/nrf/lib/lte_link_control/lib..__nrf__lib__lte_link_control.a(cfun.c.obj)
                0x0000000000011388                cfun_mode_get
 .text.cfun_mode_set
                0x00000000000113d4       0x90 modules/nrf/lib/lte_link_control/lib..__nrf__lib__lte_link_control.a(cfun.c.obj)
                0x00000000000113d4                cfun_mode_set
 .text.at_handler_cscon
                0x0000000000011464       0x7c modules/nrf/lib/lte_link_control/lib..__nrf__lib__lte_link_control.a(cscon.c.obj)
 .text.cscon_notifications_enable
                0x00000000000114e0       0x28 modules/nrf/lib/lte_link_control/lib..__nrf__lib__lte_link_control.a(cscon.c.obj)
                0x00000000000114e0                cscon_notifications_enable
 .text.at_handler_mdmev
                0x0000000000011508       0x58 modules/nrf/lib/lte_link_control/lib..__nrf__lib__lte_link_control.a(mdmev.c.obj)
 .text.xsystemmode_mode_set
                0x0000000000011560       0x7c modules/nrf/lib/lte_link_control/lib..__nrf__lib__lte_link_control.a(xsystemmode.c.obj)
                0x0000000000011560                xsystemmode_mode_set
 .text.set_antenna_configuration.part.0
                0x00000000000115dc       0x2c modules/nrf/lib/modem_antenna/lib..__nrf__lib__modem_antenna.a(modem_antenna.c.obj)
 .text.on_modem_lib_init
                0x0000000000011608       0x40 modules/nrf/lib/modem_antenna/lib..__nrf__lib__modem_antenna.a(modem_antenna.c.obj)
 .text.ns_fault_init
                0x0000000000011648       0x30 modules/nrf/modules/trusted-firmware-m/lib..__nrf__modules__trusted-firmware-m.a(fault.c.obj)
 .text.arm_fault
                0x0000000000011678      0x24c modules/nrf/modules/trusted-firmware-m/lib..__nrf__modules__trusted-firmware-m.a(fault.c.obj)
                0x0000000000011678                arm_fault
 .text.tfm_ns_fault_handler_callback
                0x00000000000118c4       0x48 modules/nrf/modules/trusted-firmware-m/lib..__nrf__modules__trusted-firmware-m.a(fault.c.obj)
                0x00000000000118c4                tfm_ns_fault_handler_callback
 .text.tfm_ns_interface_dispatch
                0x000000000001190c       0x68 modules/trusted-firmware-m/libtfm_api.a(interface.c.obj)
                0x000000000001190c                tfm_ns_interface_dispatch
 .text.tfm_platform_ioctl
                0x0000000000011974       0x4c modules/trusted-firmware-m/libtfm_api.a(tfm_platform_api.c.obj)
                0x0000000000011974                tfm_platform_ioctl
 .text.psa_generate_random
                0x00000000000119c0       0x48 modules/trusted-firmware-m/libtfm_api.a(tfm_crypto_api.c.obj)
                0x00000000000119c0                psa_generate_random
 .text.psa_call
                0x0000000000011a08       0x34 modules/trusted-firmware-m/libtfm_api.a(tfm_tz_psa_ns_api.c.obj)
                0x0000000000011a08                psa_call
 .text.nrfx_flag32_alloc
                0x0000000000011a3c       0x40 modules/hal_nordic/nrfx/libmodules__hal_nordic__nrfx.a(nrfx_flag32_allocator.c.obj)
                0x0000000000011a3c                nrfx_flag32_alloc
 .text.nrfx_flag32_free
                0x0000000000011a7c       0x38 modules/hal_nordic/nrfx/libmodules__hal_nordic__nrfx.a(nrfx_flag32_allocator.c.obj)
                0x0000000000011a7c                nrfx_flag32_free
 .text.nrfx_gppi_channels_enable
                0x0000000000011ab4        0xc modules/hal_nordic/nrfx/libmodules__hal_nordic__nrfx.a(nrfx_gppi_dppi.c.obj)
                0x0000000000011ab4                nrfx_gppi_channels_enable
 .text.nrfx_gppi_channel_alloc
                0x0000000000011ac0        0xc modules/hal_nordic/nrfx/libmodules__hal_nordic__nrfx.a(nrfx_gppi_dppi.c.obj)
                0x0000000000011ac0                nrfx_gppi_channel_alloc
 .text.clock_stop
                0x0000000000011acc       0xb0 modules/hal_nordic/nrfx/libmodules__hal_nordic__nrfx.a(nrfx_clock.c.obj)
 .text.nrfx_clock_init
                0x0000000000011b7c       0x20 modules/hal_nordic/nrfx/libmodules__hal_nordic__nrfx.a(nrfx_clock.c.obj)
                0x0000000000011b7c                nrfx_clock_init
 .text.nrfx_clock_enable
                0x0000000000011b9c       0x28 modules/hal_nordic/nrfx/libmodules__hal_nordic__nrfx.a(nrfx_clock.c.obj)
                0x0000000000011b9c                nrfx_clock_enable
 .text.nrfx_clock_start
                0x0000000000011bc4       0xb8 modules/hal_nordic/nrfx/libmodules__hal_nordic__nrfx.a(nrfx_clock.c.obj)
                0x0000000000011bc4                nrfx_clock_start
 .text.nrfx_power_clock_irq_handler
                0x0000000000011c7c       0x64 modules/hal_nordic/nrfx/libmodules__hal_nordic__nrfx.a(nrfx_clock.c.obj)
                0x0000000000011c7c                nrfx_power_clock_irq_handler
 .text.nrfx_dppi_channel_alloc
                0x0000000000011ce0       0x10 modules/hal_nordic/nrfx/libmodules__hal_nordic__nrfx.a(nrfx_dppi.c.obj)
                0x0000000000011ce0                nrfx_dppi_channel_alloc
 .text.nrf_gpio_pin_port_decode
                0x0000000000011cf0       0x18 modules/hal_nordic/nrfx/libmodules__hal_nordic__nrfx.a(nrfx_gpiote.c.obj)
 .text.release_handler
                0x0000000000011d08       0x6c modules/hal_nordic/nrfx/libmodules__hal_nordic__nrfx.a(nrfx_gpiote.c.obj)
 .text.pin_te_get.isra.0
                0x0000000000011d74       0x18 modules/hal_nordic/nrfx/libmodules__hal_nordic__nrfx.a(nrfx_gpiote.c.obj)
 .text.pin_is_input.isra.0
                0x0000000000011d8c       0x20 modules/hal_nordic/nrfx/libmodules__hal_nordic__nrfx.a(nrfx_gpiote.c.obj)
 .text.pin_in_use_by_te.isra.0
                0x0000000000011dac       0x1c modules/hal_nordic/nrfx/libmodules__hal_nordic__nrfx.a(nrfx_gpiote.c.obj)
 .text.latch_pending_read_and_check
                0x0000000000011dc8       0x1c modules/hal_nordic/nrfx/libmodules__hal_nordic__nrfx.a(nrfx_gpiote.c.obj)
 .text.__nrfy_internal_gpiote_events_process.constprop.0
                0x0000000000011de4       0x5c modules/hal_nordic/nrfx/libmodules__hal_nordic__nrfx.a(nrfx_gpiote.c.obj)
 .text.irq_handler.constprop.0
                0x0000000000011e40      0x15c modules/hal_nordic/nrfx/libmodules__hal_nordic__nrfx.a(nrfx_gpiote.c.obj)
 .text.pin_uninit
                0x0000000000011f9c       0xa0 modules/hal_nordic/nrfx/libmodules__hal_nordic__nrfx.a(nrfx_gpiote.c.obj)
 .text.nrfx_gpiote_input_configure
                0x000000000001203c      0x1f8 modules/hal_nordic/nrfx/libmodules__hal_nordic__nrfx.a(nrfx_gpiote.c.obj)
                0x000000000001203c                nrfx_gpiote_input_configure
 .text.nrfx_gpiote_output_configure
                0x0000000000012234      0x130 modules/hal_nordic/nrfx/libmodules__hal_nordic__nrfx.a(nrfx_gpiote.c.obj)
                0x0000000000012234                nrfx_gpiote_output_configure
 .text.nrfx_gpiote_global_callback_set
                0x0000000000012364       0x1c modules/hal_nordic/nrfx/libmodules__hal_nordic__nrfx.a(nrfx_gpiote.c.obj)
                0x0000000000012364                nrfx_gpiote_global_callback_set
 .text.nrfx_gpiote_channel_get
                0x0000000000012380       0x38 modules/hal_nordic/nrfx/libmodules__hal_nordic__nrfx.a(nrfx_gpiote.c.obj)
                0x0000000000012380                nrfx_gpiote_channel_get
 .text.nrfx_gpiote_init
                0x00000000000123b8       0x78 modules/hal_nordic/nrfx/libmodules__hal_nordic__nrfx.a(nrfx_gpiote.c.obj)
                0x00000000000123b8                nrfx_gpiote_init
 .text.nrfx_gpiote_init_check
                0x0000000000012430       0x1c modules/hal_nordic/nrfx/libmodules__hal_nordic__nrfx.a(nrfx_gpiote.c.obj)
                0x0000000000012430                nrfx_gpiote_init_check
 .text.nrfx_gpiote_channel_free
                0x000000000001244c       0x18 modules/hal_nordic/nrfx/libmodules__hal_nordic__nrfx.a(nrfx_gpiote.c.obj)
                0x000000000001244c                nrfx_gpiote_channel_free
 .text.nrfx_gpiote_channel_alloc
                0x0000000000012464       0x18 modules/hal_nordic/nrfx/libmodules__hal_nordic__nrfx.a(nrfx_gpiote.c.obj)
                0x0000000000012464                nrfx_gpiote_channel_alloc
 .text.nrfx_gpiote_trigger_enable
                0x000000000001247c       0xb0 modules/hal_nordic/nrfx/libmodules__hal_nordic__nrfx.a(nrfx_gpiote.c.obj)
                0x000000000001247c                nrfx_gpiote_trigger_enable
 .text.nrfx_gpiote_1_irq_handler
                0x000000000001252c        0xc modules/hal_nordic/nrfx/libmodules__hal_nordic__nrfx.a(nrfx_gpiote.c.obj)
                0x000000000001252c                nrfx_gpiote_1_irq_handler
 .text.nrfx_ipc_init
                0x0000000000012538       0x30 modules/hal_nordic/nrfx/libmodules__hal_nordic__nrfx.a(nrfx_ipc.c.obj)
                0x0000000000012538                nrfx_ipc_init
 .text.nrfx_ipc_config_load
                0x0000000000012568       0x40 modules/hal_nordic/nrfx/libmodules__hal_nordic__nrfx.a(nrfx_ipc.c.obj)
                0x0000000000012568                nrfx_ipc_config_load
 .text.nrfx_ipc_uninit
                0x00000000000125a8       0x64 modules/hal_nordic/nrfx/libmodules__hal_nordic__nrfx.a(nrfx_ipc.c.obj)
                0x00000000000125a8                nrfx_ipc_uninit
 .text.nrfx_ipc_receive_event_enable
                0x000000000001260c       0x10 modules/hal_nordic/nrfx/libmodules__hal_nordic__nrfx.a(nrfx_ipc.c.obj)
                0x000000000001260c                nrfx_ipc_receive_event_enable
 .text.nrfx_ipc_receive_event_disable
                0x000000000001261c       0x10 modules/hal_nordic/nrfx/libmodules__hal_nordic__nrfx.a(nrfx_ipc.c.obj)
                0x000000000001261c                nrfx_ipc_receive_event_disable
 .text.nrfx_ipc_irq_handler
                0x000000000001262c       0x40 modules/hal_nordic/nrfx/libmodules__hal_nordic__nrfx.a(nrfx_ipc.c.obj)
                0x000000000001262c                nrfx_ipc_irq_handler
 .text.modem_off
                0x000000000001266c       0x28 /opt/nordic/ncs/v2.9.0/nrfxlib/nrf_modem/lib/cellular/nrf9160/soft-float/libmodem.a(nrf_modem.c.obj)
 .text.nrf_modem_platform_init
                0x0000000000012694       0x3c /opt/nordic/ncs/v2.9.0/nrfxlib/nrf_modem/lib/cellular/nrf9160/soft-float/libmodem.a(nrf_modem.c.obj)
 .text.atomic_set.constprop.0.isra.0
                0x00000000000126d0       0x14 /opt/nordic/ncs/v2.9.0/nrfxlib/nrf_modem/lib/cellular/nrf9160/soft-float/libmodem.a(nrf_modem.c.obj)
 .text.nrf_modem_init
                0x00000000000126e4       0xcc /opt/nordic/ncs/v2.9.0/nrfxlib/nrf_modem/lib/cellular/nrf9160/soft-float/libmodem.a(nrf_modem.c.obj)
                0x00000000000126e4                nrf_modem_init
 .text.nrf_modem_fault_handler_set
                0x00000000000127b0        0xc /opt/nordic/ncs/v2.9.0/nrfxlib/nrf_modem/lib/cellular/nrf9160/soft-float/libmodem.a(nrf_modem_fault.c.obj)
                0x00000000000127b0                nrf_modem_fault_handler_set
 .text.nrf_modem_fault_handler_internal
                0x00000000000127bc       0x18 /opt/nordic/ncs/v2.9.0/nrfxlib/nrf_modem/lib/cellular/nrf9160/soft-float/libmodem.a(nrf_modem_fault.c.obj)
                0x00000000000127bc                nrf_modem_fault_handler_internal
 .text.nrf_modem_state_set
                0x00000000000127d4        0xc /opt/nordic/ncs/v2.9.0/nrfxlib/nrf_modem/lib/cellular/nrf9160/soft-float/libmodem.a(nrf_modem_state.c.obj)
                0x00000000000127d4                nrf_modem_state_set
 .text.nrf_modem_state_is_initialized
                0x00000000000127e0       0x10 /opt/nordic/ncs/v2.9.0/nrfxlib/nrf_modem/lib/cellular/nrf9160/soft-float/libmodem.a(nrf_modem_state.c.obj)
                0x00000000000127e0                nrf_modem_state_is_initialized
 .text.rpc_handle_data_message
                0x00000000000127f0       0x38 /opt/nordic/ncs/v2.9.0/nrfxlib/nrf_modem/lib/cellular/nrf9160/soft-float/libmodem.a(rpc_framework.c.obj)
                0x00000000000127f0                rpc_handle_data_message
 .text.rpc_transport_init
                0x0000000000012828        0xc /opt/nordic/ncs/v2.9.0/nrfxlib/nrf_modem/lib/cellular/nrf9160/soft-float/libmodem.a(rpc_transport.c.obj)
                0x0000000000012828                rpc_transport_init
 .text.rpc_transport_msg_alloc
                0x0000000000012834        0xc /opt/nordic/ncs/v2.9.0/nrfxlib/nrf_modem/lib/cellular/nrf9160/soft-float/libmodem.a(rpc_transport.c.obj)
                0x0000000000012834                rpc_transport_msg_alloc
 .text.rpc_transport_msg_data_tx_size
                0x0000000000012840        0xc /opt/nordic/ncs/v2.9.0/nrfxlib/nrf_modem/lib/cellular/nrf9160/soft-float/libmodem.a(rpc_transport.c.obj)
                0x0000000000012840                rpc_transport_msg_data_tx_size
 .text.rpc_transport_msg_data_rx_free
                0x000000000001284c        0xc /opt/nordic/ncs/v2.9.0/nrfxlib/nrf_modem/lib/cellular/nrf9160/soft-float/libmodem.a(rpc_transport.c.obj)
                0x000000000001284c                rpc_transport_msg_data_rx_free
 .text.rpc_transport_msg_send
                0x0000000000012858        0xc /opt/nordic/ncs/v2.9.0/nrfxlib/nrf_modem/lib/cellular/nrf9160/soft-float/libmodem.a(rpc_transport.c.obj)
                0x0000000000012858                rpc_transport_msg_send
 .text.rpc_transport_data_rx_suspend
                0x0000000000012864        0xc /opt/nordic/ncs/v2.9.0/nrfxlib/nrf_modem/lib/cellular/nrf9160/soft-float/libmodem.a(rpc_transport.c.obj)
                0x0000000000012864                rpc_transport_data_rx_suspend
 .text.rpc_transport_data_rx_resume
                0x0000000000012870        0xc /opt/nordic/ncs/v2.9.0/nrfxlib/nrf_modem/lib/cellular/nrf9160/soft-float/libmodem.a(rpc_transport.c.obj)
                0x0000000000012870                rpc_transport_data_rx_resume
 .text.rpc_transport_ipc_msg_data_tx_size
                0x000000000001287c        0xc /opt/nordic/ncs/v2.9.0/nrfxlib/nrf_modem/lib/cellular/nrf9160/soft-float/libmodem.a(rpc_transport_ipc.c.obj)
 .text.rpc_transport_ipc_msg_tx_free
                0x0000000000012888       0x38 /opt/nordic/ncs/v2.9.0/nrfxlib/nrf_modem/lib/cellular/nrf9160/soft-float/libmodem.a(rpc_transport_ipc.c.obj)
 .text.handle_modem_rpc_msg
                0x00000000000128c0       0x68 /opt/nordic/ncs/v2.9.0/nrfxlib/nrf_modem/lib/cellular/nrf9160/soft-float/libmodem.a(rpc_transport_ipc.c.obj)
 .text.rpc_message_handler
                0x0000000000012928       0x24 /opt/nordic/ncs/v2.9.0/nrfxlib/nrf_modem/lib/cellular/nrf9160/soft-float/libmodem.a(rpc_transport_ipc.c.obj)
 .text.ipc_irq_handler
                0x000000000001294c       0xec /opt/nordic/ncs/v2.9.0/nrfxlib/nrf_modem/lib/cellular/nrf9160/soft-float/libmodem.a(rpc_transport_ipc.c.obj)
                0x000000000001294c                ipc_irq_handler
 .text.rpc_transport_ipc_ctrl_msg_alloc
                0x0000000000012a38       0x44 /opt/nordic/ncs/v2.9.0/nrfxlib/nrf_modem/lib/cellular/nrf9160/soft-float/libmodem.a(rpc_transport_ipc.c.obj)
 .text.rpc_transport_ipc_data_msg_alloc
                0x0000000000012a7c       0x24 /opt/nordic/ncs/v2.9.0/nrfxlib/nrf_modem/lib/cellular/nrf9160/soft-float/libmodem.a(rpc_transport_ipc.c.obj)
 .text.rpc_transport_ipc_data_msg_send
                0x0000000000012aa0       0x6c /opt/nordic/ncs/v2.9.0/nrfxlib/nrf_modem/lib/cellular/nrf9160/soft-float/libmodem.a(rpc_transport_ipc.c.obj)
 .text.rpc_transport_ipc_init
                0x0000000000012b0c      0x1d4 /opt/nordic/ncs/v2.9.0/nrfxlib/nrf_modem/lib/cellular/nrf9160/soft-float/libmodem.a(rpc_transport_ipc.c.obj)
 .text.rpc_transport_ipc_ctrl_msg_send
                0x0000000000012ce0       0x6c /opt/nordic/ncs/v2.9.0/nrfxlib/nrf_modem/lib/cellular/nrf9160/soft-float/libmodem.a(rpc_transport_ipc.c.obj)
 .text.rpc_transport_ipc_request_shutdown
                0x0000000000012d4c       0x38 /opt/nordic/ncs/v2.9.0/nrfxlib/nrf_modem/lib/cellular/nrf9160/soft-float/libmodem.a(rpc_transport_ipc.c.obj)
 .text.rpc_transport_ipc_msg_data_rx_free
                0x0000000000012d84       0x30 /opt/nordic/ncs/v2.9.0/nrfxlib/nrf_modem/lib/cellular/nrf9160/soft-float/libmodem.a(rpc_transport_ipc.c.obj)
 .text.cfun_post_modem
                0x0000000000012db4       0x14 /opt/nordic/ncs/v2.9.0/nrfxlib/nrf_modem/lib/cellular/nrf9160/soft-float/libmodem.a(nrf_modem_at.c.obj)
 .text.at_cmd_vsprintf
                0x0000000000012dc8       0x50 /opt/nordic/ncs/v2.9.0/nrfxlib/nrf_modem/lib/cellular/nrf9160/soft-float/libmodem.a(nrf_modem_at.c.obj)
 .text.cfun_pre_modem
                0x0000000000012e18       0x44 /opt/nordic/ncs/v2.9.0/nrfxlib/nrf_modem/lib/cellular/nrf9160/soft-float/libmodem.a(nrf_modem_at.c.obj)
 .text.at_cmd_send
                0x0000000000012e5c       0x68 /opt/nordic/ncs/v2.9.0/nrfxlib/nrf_modem/lib/cellular/nrf9160/soft-float/libmodem.a(nrf_modem_at.c.obj)
 .text.at_response_match
                0x0000000000012ec4       0x48 /opt/nordic/ncs/v2.9.0/nrfxlib/nrf_modem/lib/cellular/nrf9160/soft-float/libmodem.a(nrf_modem_at.c.obj)
 .text.nrf_modem_at_notif_handler_set
                0x0000000000012f0c        0xc /opt/nordic/ncs/v2.9.0/nrfxlib/nrf_modem/lib/cellular/nrf9160/soft-float/libmodem.a(nrf_modem_at.c.obj)
                0x0000000000012f0c                nrf_modem_at_notif_handler_set
 .text.nrf_modem_at_cfun_handler_set
                0x0000000000012f18        0xc /opt/nordic/ncs/v2.9.0/nrfxlib/nrf_modem/lib/cellular/nrf9160/soft-float/libmodem.a(nrf_modem_at.c.obj)
                0x0000000000012f18                nrf_modem_at_cfun_handler_set
 .text.nrf_modem_at_printf
                0x0000000000012f24       0xc8 /opt/nordic/ncs/v2.9.0/nrfxlib/nrf_modem/lib/cellular/nrf9160/soft-float/libmodem.a(nrf_modem_at.c.obj)
                0x0000000000012f24                nrf_modem_at_printf
 .text.nrf_modem_at_cmd
                0x0000000000012fec      0x18c /opt/nordic/ncs/v2.9.0/nrfxlib/nrf_modem/lib/cellular/nrf9160/soft-float/libmodem.a(nrf_modem_at.c.obj)
                0x0000000000012fec                nrf_modem_at_cmd
 .text.nrf_modem_at_scanf
                0x0000000000013178       0xf4 /opt/nordic/ncs/v2.9.0/nrfxlib/nrf_modem/lib/cellular/nrf9160/soft-float/libmodem.a(nrf_modem_at.c.obj)
                0x0000000000013178                nrf_modem_at_scanf
 .text.rpc_at_event_handler
                0x000000000001326c       0x88 /opt/nordic/ncs/v2.9.0/nrfxlib/nrf_modem/lib/cellular/nrf9160/soft-float/libmodem.a(nrf_modem_at.c.obj)
                0x000000000001326c                rpc_at_event_handler
 .text.rpc_at_init
                0x00000000000132f4       0x40 /opt/nordic/ncs/v2.9.0/nrfxlib/nrf_modem/lib/cellular/nrf9160/soft-float/libmodem.a(nrf_modem_at.c.obj)
                0x00000000000132f4                rpc_at_init
 .text.sock_unref.isra.0
                0x0000000000013334       0x3c /opt/nordic/ncs/v2.9.0/nrfxlib/nrf_modem/lib/cellular/nrf9160/soft-float/libmodem.a(sock.c.obj)
 .text.sock_init
                0x0000000000013370       0x3c /opt/nordic/ncs/v2.9.0/nrfxlib/nrf_modem/lib/cellular/nrf9160/soft-float/libmodem.a(sock.c.obj)
                0x0000000000013370                sock_init
 .text.sock_open
                0x00000000000133ac       0x68 /opt/nordic/ncs/v2.9.0/nrfxlib/nrf_modem/lib/cellular/nrf9160/soft-float/libmodem.a(sock.c.obj)
                0x00000000000133ac                sock_open
 .text.sock_find
                0x0000000000013414       0x24 /opt/nordic/ncs/v2.9.0/nrfxlib/nrf_modem/lib/cellular/nrf9160/soft-float/libmodem.a(sock.c.obj)
                0x0000000000013414                sock_find
 .text._sock_close
                0x0000000000013438       0x30 /opt/nordic/ncs/v2.9.0/nrfxlib/nrf_modem/lib/cellular/nrf9160/soft-float/libmodem.a(sock.c.obj)
                0x0000000000013438                _sock_close
 .text.sock_shutdown
                0x0000000000013468       0x28 /opt/nordic/ncs/v2.9.0/nrfxlib/nrf_modem/lib/cellular/nrf9160/soft-float/libmodem.a(sock.c.obj)
                0x0000000000013468                sock_shutdown
 .text.sock_rpc_flow_control_set
                0x0000000000013490       0x50 /opt/nordic/ncs/v2.9.0/nrfxlib/nrf_modem/lib/cellular/nrf9160/soft-float/libmodem.a(sock.c.obj)
                0x0000000000013490                sock_rpc_flow_control_set
 .text.sock_proto_is_valid
                0x00000000000134e0       0x30 /opt/nordic/ncs/v2.9.0/nrfxlib/nrf_modem/lib/cellular/nrf9160/soft-float/libmodem.a(sock.c.obj)
                0x00000000000134e0                sock_proto_is_valid
 .text.on_getaddrinfo_res
                0x0000000000013510       0x28 /opt/nordic/ncs/v2.9.0/nrfxlib/nrf_modem/lib/cellular/nrf9160/soft-float/libmodem.a(dns.c.obj)
                0x0000000000013510                on_getaddrinfo_res
 .text.addrinfo_init
                0x0000000000013538       0x1c /opt/nordic/ncs/v2.9.0/nrfxlib/nrf_modem/lib/cellular/nrf9160/soft-float/libmodem.a(dns.c.obj)
                0x0000000000013538                addrinfo_init
 .text.nrf_getaddrinfo
                0x0000000000013554      0x29c /opt/nordic/ncs/v2.9.0/nrfxlib/nrf_modem/lib/cellular/nrf9160/soft-float/libmodem.a(dns.c.obj)
                0x0000000000013554                nrf_getaddrinfo
 .text.rpc_ip_event_handler
                0x00000000000137f0      0x2d8 /opt/nordic/ncs/v2.9.0/nrfxlib/nrf_modem/lib/cellular/nrf9160/soft-float/libmodem.a(ip.c.obj)
                0x00000000000137f0                rpc_ip_event_handler
 .text.nrf_close
                0x0000000000013ac8       0x68 /opt/nordic/ncs/v2.9.0/nrfxlib/nrf_modem/lib/cellular/nrf9160/soft-float/libmodem.a(ip.c.obj)
                0x0000000000013ac8                nrf_close
 .text.nrf_setsockopt
                0x0000000000013b30      0x1b4 /opt/nordic/ncs/v2.9.0/nrfxlib/nrf_modem/lib/cellular/nrf9160/soft-float/libmodem.a(ip.c.obj)
                0x0000000000013b30                nrf_setsockopt
 .text.nrf_getsockopt
                0x0000000000013ce4      0x1b8 /opt/nordic/ncs/v2.9.0/nrfxlib/nrf_modem/lib/cellular/nrf9160/soft-float/libmodem.a(ip.c.obj)
                0x0000000000013ce4                nrf_getsockopt
 .text.rpc_ip_init
                0x0000000000013e9c       0x24 /opt/nordic/ncs/v2.9.0/nrfxlib/nrf_modem/lib/cellular/nrf9160/soft-float/libmodem.a(ip.c.obj)
                0x0000000000013e9c                rpc_ip_init
 .text.on_tls_attach_res
                0x0000000000013ec0       0x30 /opt/nordic/ncs/v2.9.0/nrfxlib/nrf_modem/lib/cellular/nrf9160/soft-float/libmodem.a(tls.c.obj)
                0x0000000000013ec0                on_tls_attach_res
 .text.on_tls_handshake_ntf
                0x0000000000013ef0       0x3c /opt/nordic/ncs/v2.9.0/nrfxlib/nrf_modem/lib/cellular/nrf9160/soft-float/libmodem.a(tls.c.obj)
                0x0000000000013ef0                on_tls_handshake_ntf
 .text.tls_attach
                0x0000000000013f2c      0x108 /opt/nordic/ncs/v2.9.0/nrfxlib/nrf_modem/lib/cellular/nrf9160/soft-float/libmodem.a(tls.c.obj)
                0x0000000000013f2c                tls_attach
 .text.nrf_af_to_rpc_af
                0x0000000000014034       0x10 /opt/nordic/ncs/v2.9.0/nrfxlib/nrf_modem/lib/cellular/nrf9160/soft-float/libmodem.a(tables.c.obj)
                0x0000000000014034                nrf_af_to_rpc_af
 .text.nrf_so_to_rpc_so
                0x0000000000014044       0x18 /opt/nordic/ncs/v2.9.0/nrfxlib/nrf_modem/lib/cellular/nrf9160/soft-float/libmodem.a(tables.c.obj)
                0x0000000000014044                nrf_so_to_rpc_so
 .text.rpc_error_to_nrf_errno
                0x000000000001405c       0x18 /opt/nordic/ncs/v2.9.0/nrfxlib/nrf_modem/lib/cellular/nrf9160/soft-float/libmodem.a(tables.c.obj)
                0x000000000001405c                rpc_error_to_nrf_errno
 .text.nrf_rai_to_rpc_rai
                0x0000000000014074       0x18 /opt/nordic/ncs/v2.9.0/nrfxlib/nrf_modem/lib/cellular/nrf9160/soft-float/libmodem.a(tables.c.obj)
                0x0000000000014074                nrf_rai_to_rpc_rai
 .text._req_forward
                0x000000000001408c       0x40 /opt/nordic/ncs/v2.9.0/nrfxlib/nrf_modem/lib/cellular/nrf9160/soft-float/libmodem.a(reqres.c.obj)
                0x000000000001408c                _req_forward
 .text.rpc_gnss_event_handler
                0x00000000000140cc      0x138 /opt/nordic/ncs/v2.9.0/nrfxlib/nrf_modem/lib/cellular/nrf9160/soft-float/libmodem.a(nrf_modem_gnss.c.obj)
                0x00000000000140cc                rpc_gnss_event_handler
 .text.rpc_gnss_init
                0x0000000000014204       0x44 /opt/nordic/ncs/v2.9.0/nrfxlib/nrf_modem/lib/cellular/nrf9160/soft-float/libmodem.a(nrf_modem_gnss.c.obj)
                0x0000000000014204                rpc_gnss_init
 .text.rpc_gnss_deinit
                0x0000000000014248       0x3c /opt/nordic/ncs/v2.9.0/nrfxlib/nrf_modem/lib/cellular/nrf9160/soft-float/libmodem.a(nrf_modem_gnss.c.obj)
                0x0000000000014248                rpc_gnss_deinit
 .text.rpc_softsim_event_handler
                0x0000000000014284       0x24 /opt/nordic/ncs/v2.9.0/nrfxlib/nrf_modem/lib/cellular/nrf9160/soft-float/libmodem.a(nrf_modem_softsim.c.obj)
                0x0000000000014284                rpc_softsim_event_handler
 .text.ipc_trace_init
                0x00000000000142a8       0x40 /opt/nordic/ncs/v2.9.0/nrfxlib/nrf_modem/lib/cellular/nrf9160/soft-float/libmodem.a(ipc_trace.c.obj)
                0x00000000000142a8                ipc_trace_init
 .text.ipc_trace_uninit
                0x00000000000142e8       0x10 /opt/nordic/ncs/v2.9.0/nrfxlib/nrf_modem/lib/cellular/nrf9160/soft-float/libmodem.a(ipc_trace.c.obj)
                0x00000000000142e8                ipc_trace_uninit
 .text.ipc_trace_handler
                0x00000000000142f8       0xb4 /opt/nordic/ncs/v2.9.0/nrfxlib/nrf_modem/lib/cellular/nrf9160/soft-float/libmodem.a(ipc_trace.c.obj)
                0x00000000000142f8                ipc_trace_handler
 .text.z_impl_z_errno
                0x00000000000143ac        0xc zephyr/kernel/libkernel.a(errno.c.obj)
                0x00000000000143ac                z_impl_z_errno
 .text.k_sys_fatal_error_handler
                0x00000000000143b8       0x20 zephyr/kernel/libkernel.a(fatal.c.obj)
                0x00000000000143b8                k_sys_fatal_error_handler
 .text.z_fatal_error
                0x00000000000143d8       0xe8 zephyr/kernel/libkernel.a(fatal.c.obj)
                0x00000000000143d8                z_fatal_error
 .text.z_sys_init_run_level
                0x00000000000144c0       0x2c zephyr/kernel/libkernel.a(init.c.obj)
 .text.bg_thread_main
                0x00000000000144ec       0xc4 zephyr/kernel/libkernel.a(init.c.obj)
 .text.z_bss_zero
                0x00000000000145b0       0x18 zephyr/kernel/libkernel.a(init.c.obj)
                0x00000000000145b0                z_bss_zero
 .text.z_init_cpu
                0x00000000000145c8       0x68 zephyr/kernel/libkernel.a(init.c.obj)
                0x00000000000145c8                z_init_cpu
 .text.z_cstart
                0x0000000000014630       0xe4 zephyr/kernel/libkernel.a(init.c.obj)
                0x0000000000014630                z_cstart
 .text.statics_init
                0x0000000000014714       0x24 zephyr/kernel/libkernel.a(kheap.c.obj)
 .text.init_mem_slab_obj_core_list
                0x0000000000014738       0x24 zephyr/kernel/libkernel.a(mem_slab.c.obj)
 .text.z_impl_k_mutex_lock
                0x000000000001475c       0xf0 zephyr/kernel/libkernel.a(mutex.c.obj)
                0x000000000001475c                z_impl_k_mutex_lock
 .text.z_impl_k_mutex_unlock
                0x000000000001484c       0x78 zephyr/kernel/libkernel.a(mutex.c.obj)
                0x000000000001484c                z_impl_k_mutex_unlock
 .text.z_impl_k_queue_get
                0x00000000000148c4       0x64 zephyr/kernel/libkernel.a(queue.c.obj)
                0x00000000000148c4                z_impl_k_queue_get
 .text.z_impl_k_sem_give
                0x0000000000014928       0x4c zephyr/kernel/libkernel.a(sem.c.obj)
                0x0000000000014928                z_impl_k_sem_give
 .text.z_impl_k_sem_take
                0x0000000000014974       0x4c zephyr/kernel/libkernel.a(sem.c.obj)
                0x0000000000014974                z_impl_k_sem_take
 .text.z_impl_k_sem_reset
                0x00000000000149c0       0x44 zephyr/kernel/libkernel.a(sem.c.obj)
                0x00000000000149c0                z_impl_k_sem_reset
 .text.k_sys_work_q_init
                0x0000000000014a04       0x34 zephyr/kernel/libkernel.a(system_work_q.c.obj)
 .text.work_queue_main
                0x0000000000014a38      0x144 zephyr/kernel/libkernel.a(work.c.obj)
 .text.submit_to_queue_locked
                0x0000000000014b7c       0xb4 zephyr/kernel/libkernel.a(work.c.obj)
 .text.k_work_submit
                0x0000000000014c30        0xc zephyr/kernel/libkernel.a(work.c.obj)
                0x0000000000014c30                k_work_submit
 .text.k_work_queue_start
                0x0000000000014c3c       0x7c zephyr/kernel/libkernel.a(work.c.obj)
                0x0000000000014c3c                k_work_queue_start
 .text.k_work_schedule_for_queue
                0x0000000000014cb8       0x54 zephyr/kernel/libkernel.a(work.c.obj)
                0x0000000000014cb8                k_work_schedule_for_queue
 .text.k_work_schedule
                0x0000000000014d0c        0xc zephyr/kernel/libkernel.a(work.c.obj)
                0x0000000000014d0c                k_work_schedule
 .text.k_work_reschedule_for_queue
                0x0000000000014d18       0x5c zephyr/kernel/libkernel.a(work.c.obj)
                0x0000000000014d18                k_work_reschedule_for_queue
 .text.k_work_reschedule
                0x0000000000014d74        0xc zephyr/kernel/libkernel.a(work.c.obj)
                0x0000000000014d74                k_work_reschedule
 .text.z_setup_new_thread
                0x0000000000014d80       0x60 zephyr/kernel/libkernel.a(thread.c.obj)
                0x0000000000014d80                z_setup_new_thread
 .text.z_impl_k_thread_create
                0x0000000000014de0       0x58 zephyr/kernel/libkernel.a(thread.c.obj)
                0x0000000000014de0                z_impl_k_thread_create
 .text.update_cache
                0x0000000000014e38       0x3c zephyr/kernel/libkernel.a(sched.c.obj)
 .text.unready_thread
                0x0000000000014e74       0x30 zephyr/kernel/libkernel.a(sched.c.obj)
 .text.ready_thread
                0x0000000000014ea4       0x68 zephyr/kernel/libkernel.a(sched.c.obj)
 .text.z_thread_halt
                0x0000000000014f0c       0xe0 zephyr/kernel/libkernel.a(sched.c.obj)
 .text.move_thread_to_end_of_prio_q
                0x0000000000014fec       0x74 zephyr/kernel/libkernel.a(sched.c.obj)
                0x0000000000014fec                move_thread_to_end_of_prio_q
 .text.z_pend_curr
                0x0000000000015060       0x58 zephyr/kernel/libkernel.a(sched.c.obj)
                0x0000000000015060                z_pend_curr
 .text.z_thread_prio_set
                0x00000000000150b8       0x88 zephyr/kernel/libkernel.a(sched.c.obj)
                0x00000000000150b8                z_thread_prio_set
 .text.z_reschedule
                0x0000000000015140       0x24 zephyr/kernel/libkernel.a(sched.c.obj)
                0x0000000000015140                z_reschedule
 .text.z_sched_start
                0x0000000000015164       0x3c zephyr/kernel/libkernel.a(sched.c.obj)
                0x0000000000015164                z_sched_start
 .text.z_reschedule_irqlock
                0x00000000000151a0       0x28 zephyr/kernel/libkernel.a(sched.c.obj)
                0x00000000000151a0                z_reschedule_irqlock
 .text.k_sched_lock
                0x00000000000151c8       0x28 zephyr/kernel/libkernel.a(sched.c.obj)
                0x00000000000151c8                k_sched_lock
 .text.k_sched_unlock
                0x00000000000151f0       0x40 zephyr/kernel/libkernel.a(sched.c.obj)
                0x00000000000151f0                k_sched_unlock
 .text.z_sched_init
                0x0000000000015230       0x10 zephyr/kernel/libkernel.a(sched.c.obj)
                0x0000000000015230                z_sched_init
 .text.z_impl_k_yield
                0x0000000000015240       0x7c zephyr/kernel/libkernel.a(sched.c.obj)
                0x0000000000015240                z_impl_k_yield
 .text.z_tick_sleep
                0x00000000000152bc       0x88 zephyr/kernel/libkernel.a(sched.c.obj)
 .text.z_impl_k_sleep
                0x0000000000015344       0x3c zephyr/kernel/libkernel.a(sched.c.obj)
                0x0000000000015344                z_impl_k_sleep
 .text.z_impl_k_sched_current_thread_query
                0x0000000000015380        0xc zephyr/kernel/libkernel.a(sched.c.obj)
                0x0000000000015380                z_impl_k_sched_current_thread_query
 .text.z_sched_wait
                0x000000000001538c       0x24 zephyr/kernel/libkernel.a(sched.c.obj)
                0x000000000001538c                z_sched_wait
 .text.slice_timeout
                0x00000000000153b0       0x20 zephyr/kernel/libkernel.a(timeslicing.c.obj)
 .text.thread_is_sliceable
                0x00000000000153d0       0x3c zephyr/kernel/libkernel.a(timeslicing.c.obj)
                0x00000000000153d0                thread_is_sliceable
 .text.z_reset_time_slice
                0x000000000001540c       0x50 zephyr/kernel/libkernel.a(timeslicing.c.obj)
                0x000000000001540c                z_reset_time_slice
 .text.z_time_slice
                0x000000000001545c       0x60 zephyr/kernel/libkernel.a(timeslicing.c.obj)
                0x000000000001545c                z_time_slice
 .text.z_data_copy
                0x00000000000154bc       0x34 zephyr/kernel/libkernel.a(xip.c.obj)
                0x00000000000154bc                z_data_copy
 .text.elapsed  0x00000000000154f0       0x14 zephyr/kernel/libkernel.a(timeout.c.obj)
 .text.remove_timeout
                0x0000000000015504       0x38 zephyr/kernel/libkernel.a(timeout.c.obj)
 .text.next_timeout
                0x000000000001553c       0x40 zephyr/kernel/libkernel.a(timeout.c.obj)
 .text.z_add_timeout
                0x000000000001557c       0xf4 zephyr/kernel/libkernel.a(timeout.c.obj)
                0x000000000001557c                z_add_timeout
 .text.sys_clock_announce
                0x0000000000015670       0xd0 zephyr/kernel/libkernel.a(timeout.c.obj)
                0x0000000000015670                sys_clock_announce
 .text.sys_clock_tick_get
                0x0000000000015740       0x30 zephyr/kernel/libkernel.a(timeout.c.obj)
                0x0000000000015740                sys_clock_tick_get
 .text.z_timer_expiration_handler
                0x0000000000015770       0xe0 zephyr/kernel/libkernel.a(timer.c.obj)
                0x0000000000015770                z_timer_expiration_handler
 .text.z_impl_k_timer_start
                0x0000000000015850       0x74 zephyr/kernel/libkernel.a(timer.c.obj)
                0x0000000000015850                z_impl_k_timer_start
 .text.clear_event_registrations
                0x00000000000158c4       0x60 zephyr/kernel/libkernel.a(poll.c.obj)
 .text.z_impl_k_poll
                0x0000000000015924       0xb0 zephyr/kernel/libkernel.a(poll.c.obj)
                0x0000000000015924                z_impl_k_poll
 .text.z_impl_k_poll_signal_raise
                0x00000000000159d4       0x50 zephyr/kernel/libkernel.a(poll.c.obj)
                0x00000000000159d4                z_impl_k_poll_signal_raise
 .text.k_aligned_alloc
                0x0000000000015a24       0x10 zephyr/kernel/libkernel.a(mempool.c.obj)
                0x0000000000015a24                k_aligned_alloc
 .text.k_thread_system_pool_assign
                0x0000000000015a34        0xc zephyr/kernel/libkernel.a(mempool.c.obj)
                0x0000000000015a34                k_thread_system_pool_assign
 .text.z_thread_aligned_alloc
                0x0000000000015a40       0x30 zephyr/kernel/libkernel.a(mempool.c.obj)
                0x0000000000015a40                z_thread_aligned_alloc
 .text.fprintf  0x0000000000015a70       0x24 /opt/nordic/ncs/toolchains/b8efef2ad5/opt/zephyr-sdk/arm-zephyr-eabi/arm-zephyr-eabi/lib/thumb/v8-m.main/nofp/libc_nano.a(lib_a-fprintf.o)
                0x0000000000015a70                fprintf
                0x0000000000015a70                fiprintf
 .text.malloc   0x0000000000015a94       0x10 /opt/nordic/ncs/toolchains/b8efef2ad5/opt/zephyr-sdk/arm-zephyr-eabi/arm-zephyr-eabi/lib/thumb/v8-m.main/nofp/libc_nano.a(lib_a-malloc.o)
                0x0000000000015a94                malloc
 .text._free_r  0x0000000000015aa4       0x94 /opt/nordic/ncs/toolchains/b8efef2ad5/opt/zephyr-sdk/arm-zephyr-eabi/arm-zephyr-eabi/lib/thumb/v8-m.main/nofp/libc_nano.a(lib_a-nano-freer.o)
                0x0000000000015aa4                _free_r
 .text._malloc_r
                0x0000000000015b38       0xb4 /opt/nordic/ncs/toolchains/b8efef2ad5/opt/zephyr-sdk/arm-zephyr-eabi/arm-zephyr-eabi/lib/thumb/v8-m.main/nofp/libc_nano.a(lib_a-nano-mallocr.o)
                0x0000000000015b38                _malloc_r
 .text._vfprintf_r
                0x0000000000015bec      0x258 /opt/nordic/ncs/toolchains/b8efef2ad5/opt/zephyr-sdk/arm-zephyr-eabi/arm-zephyr-eabi/lib/thumb/v8-m.main/nofp/libc_nano.a(lib_a-nano-vfprintf.o)
                0x0000000000015bec                _vfiprintf_r
                0x0000000000015bec                _vfprintf_r
 .text._printf_float
                0x0000000000015e44      0x46c /opt/nordic/ncs/toolchains/b8efef2ad5/opt/zephyr-sdk/arm-zephyr-eabi/arm-zephyr-eabi/lib/thumb/v8-m.main/nofp/libc_nano.a(lib_a-nano-vfprintf_float.o)
                0x0000000000015e44                _printf_float
 .text._printf_i
                0x00000000000162b0      0x25c /opt/nordic/ncs/toolchains/b8efef2ad5/opt/zephyr-sdk/arm-zephyr-eabi/arm-zephyr-eabi/lib/thumb/v8-m.main/nofp/libc_nano.a(lib_a-nano-vfprintf_i.o)
                0x00000000000162b0                _printf_i
 .text._scanf_float
                0x000000000001650c      0x410 /opt/nordic/ncs/toolchains/b8efef2ad5/opt/zephyr-sdk/arm-zephyr-eabi/arm-zephyr-eabi/lib/thumb/v8-m.main/nofp/libc_nano.a(lib_a-nano-vfscanf_float.o)
                0x000000000001650c                _scanf_float
 .text._sbrk_r  0x000000000001691c       0x20 /opt/nordic/ncs/toolchains/b8efef2ad5/opt/zephyr-sdk/arm-zephyr-eabi/arm-zephyr-eabi/lib/thumb/v8-m.main/nofp/libc_nano.a(lib_a-sbrkr.o)
                0x000000000001691c                _sbrk_r
 .text.nanf     0x000000000001693c        0x8 /opt/nordic/ncs/toolchains/b8efef2ad5/opt/zephyr-sdk/arm-zephyr-eabi/arm-zephyr-eabi/lib/thumb/v8-m.main/nofp/libc_nano.a(lib_a-sf_nan.o)
                0x000000000001693c                nanf
 .text.snprintf
                0x0000000000016944       0x68 /opt/nordic/ncs/toolchains/b8efef2ad5/opt/zephyr-sdk/arm-zephyr-eabi/arm-zephyr-eabi/lib/thumb/v8-m.main/nofp/libc_nano.a(lib_a-snprintf.o)
                0x0000000000016944                snprintf
                0x0000000000016944                sniprintf
 .text.sprintf  0x00000000000169ac       0x40 /opt/nordic/ncs/toolchains/b8efef2ad5/opt/zephyr-sdk/arm-zephyr-eabi/arm-zephyr-eabi/lib/thumb/v8-m.main/nofp/libc_nano.a(lib_a-sprintf.o)
                0x00000000000169ac                sprintf
                0x00000000000169ac                siprintf
 .text.strncasecmp
                0x00000000000169ec       0x44 /opt/nordic/ncs/toolchains/b8efef2ad5/opt/zephyr-sdk/arm-zephyr-eabi/arm-zephyr-eabi/lib/thumb/v8-m.main/nofp/libc_nano.a(lib_a-strncasecmp.o)
                0x00000000000169ec                strncasecmp
 .text._strtod_r
                0x0000000000016a30        0xc /opt/nordic/ncs/toolchains/b8efef2ad5/opt/zephyr-sdk/arm-zephyr-eabi/arm-zephyr-eabi/lib/thumb/v8-m.main/nofp/libc_nano.a(lib_a-strtod.o)
                0x0000000000016a30                _strtod_r
 .text._strtol_l.constprop.0
                0x0000000000016a3c       0xfc /opt/nordic/ncs/toolchains/b8efef2ad5/opt/zephyr-sdk/arm-zephyr-eabi/arm-zephyr-eabi/lib/thumb/v8-m.main/nofp/libc_nano.a(lib_a-strtol.o)
 .text.strtol   0x0000000000016b38       0x14 /opt/nordic/ncs/toolchains/b8efef2ad5/opt/zephyr-sdk/arm-zephyr-eabi/arm-zephyr-eabi/lib/thumb/v8-m.main/nofp/libc_nano.a(lib_a-strtol.o)
                0x0000000000016b38                strtol
 .text._strtoll_l.constprop.0
                0x0000000000016b4c      0x128 /opt/nordic/ncs/toolchains/b8efef2ad5/opt/zephyr-sdk/arm-zephyr-eabi/arm-zephyr-eabi/lib/thumb/v8-m.main/nofp/libc_nano.a(lib_a-strtoll.o)
 .text.strtoll  0x0000000000016c74       0x14 /opt/nordic/ncs/toolchains/b8efef2ad5/opt/zephyr-sdk/arm-zephyr-eabi/arm-zephyr-eabi/lib/thumb/v8-m.main/nofp/libc_nano.a(lib_a-strtoll.o)
                0x0000000000016c74                strtoll
 .text._strtoul_l.constprop.0
                0x0000000000016c88       0xe4 /opt/nordic/ncs/toolchains/b8efef2ad5/opt/zephyr-sdk/arm-zephyr-eabi/arm-zephyr-eabi/lib/thumb/v8-m.main/nofp/libc_nano.a(lib_a-strtoul.o)
 .text.strtoul  0x0000000000016d6c       0x14 /opt/nordic/ncs/toolchains/b8efef2ad5/opt/zephyr-sdk/arm-zephyr-eabi/arm-zephyr-eabi/lib/thumb/v8-m.main/nofp/libc_nano.a(lib_a-strtoul.o)
                0x0000000000016d6c                strtoul
 .text._strtoull_l.constprop.0
                0x0000000000016d80      0x138 /opt/nordic/ncs/toolchains/b8efef2ad5/opt/zephyr-sdk/arm-zephyr-eabi/arm-zephyr-eabi/lib/thumb/v8-m.main/nofp/libc_nano.a(lib_a-strtoull.o)
 .text.strtoull
                0x0000000000016eb8       0x14 /opt/nordic/ncs/toolchains/b8efef2ad5/opt/zephyr-sdk/arm-zephyr-eabi/arm-zephyr-eabi/lib/thumb/v8-m.main/nofp/libc_nano.a(lib_a-strtoull.o)
                0x0000000000016eb8                strtoull
 .text.vsnprintf
                0x0000000000016ecc       0x1c /opt/nordic/ncs/toolchains/b8efef2ad5/opt/zephyr-sdk/arm-zephyr-eabi/arm-zephyr-eabi/lib/thumb/v8-m.main/nofp/libc_nano.a(lib_a-vsnprintf.o)