Archive member included to satisfy reference by file (symbol)

app/libapp.a(shmem.c.obj)     (--whole-archive)
app/libapp.a(main.c.obj)      (--whole-archive)
zephyr/libzephyr.a(heap.c.obj)
                              (--whole-archive)
zephyr/libzephyr.a(cbprintf_packaged.c.obj)
                              (--whole-archive)
zephyr/libzephyr.a(printk.c.obj)
                              (--whole-archive)
zephyr/libzephyr.a(sem.c.obj)
                              (--whole-archive)
zephyr/libzephyr.a(thread_entry.c.obj)
                              (--whole-archive)
zephyr/libzephyr.a(fdtable.c.obj)
                              (--whole-archive)
zephyr/libzephyr.a(cbprintf_complete.c.obj)
                              (--whole-archive)
zephyr/libzephyr.a(cbprintf.c.obj)
                              (--whole-archive)
zephyr/libzephyr.a(assert.c.obj)
                              (--whole-archive)
zephyr/libzephyr.a(mpsc_pbuf.c.obj)
                              (--whole-archive)
zephyr/libzephyr.a(dec.c.obj)
                              (--whole-archive)
zephyr/libzephyr.a(hex.c.obj)
                              (--whole-archive)
zephyr/libzephyr.a(rb.c.obj)  (--whole-archive)
zephyr/libzephyr.a(timeutil.c.obj)
                              (--whole-archive)
zephyr/libzephyr.a(bitarray.c.obj)
                              (--whole-archive)
zephyr/libzephyr.a(onoff.c.obj)
                              (--whole-archive)
zephyr/libzephyr.a(notify.c.obj)
                              (--whole-archive)
zephyr/libzephyr.a(configs.c.obj)
                              (--whole-archive)
zephyr/libzephyr.a(log_core.c.obj)
                              (--whole-archive)
zephyr/libzephyr.a(log_mgmt.c.obj)
                              (--whole-archive)
zephyr/libzephyr.a(log_cache.c.obj)
                              (--whole-archive)
zephyr/libzephyr.a(log_msg.c.obj)
                              (--whole-archive)
zephyr/libzephyr.a(log_output.c.obj)
                              (--whole-archive)
zephyr/libzephyr.a(log_backend_uart.c.obj)
                              (--whole-archive)
zephyr/libzephyr.a(mem_attr.c.obj)
                              (--whole-archive)
zephyr/libzephyr.a(tracing_none.c.obj)
                              (--whole-archive)
zephyr/libzephyr.a(addr_utils.c.obj)
                              (--whole-archive)
zephyr/libzephyr.a(banner.c.obj)
                              (--whole-archive)
zephyr/libzephyr.a(flash_map_partition_manager.c.obj)
                              (--whole-archive)
zephyr/arch/common/libarch__common.a(sw_isr_common.c.obj)
                              (--whole-archive)
zephyr/arch/arch/arm/core/libarch__arm__core.a(fatal.c.obj)
                              (--whole-archive)
zephyr/arch/arch/arm/core/libarch__arm__core.a(nmi.c.obj)
                              (--whole-archive)
zephyr/arch/arch/arm/core/libarch__arm__core.a(nmi_on_reset.S.obj)
                              (--whole-archive)
zephyr/arch/arch/arm/core/cortex_m/libarch__arm__core__cortex_m.a(exc_exit.c.obj)
                              (--whole-archive)
zephyr/arch/arch/arm/core/cortex_m/libarch__arm__core__cortex_m.a(fault.c.obj)
                              (--whole-archive)
zephyr/arch/arch/arm/core/cortex_m/libarch__arm__core__cortex_m.a(fault_s.S.obj)
                              (--whole-archive)
zephyr/arch/arch/arm/core/cortex_m/libarch__arm__core__cortex_m.a(fpu.c.obj)
                              (--whole-archive)
zephyr/arch/arch/arm/core/cortex_m/libarch__arm__core__cortex_m.a(reset.S.obj)
                              (--whole-archive)
zephyr/arch/arch/arm/core/cortex_m/libarch__arm__core__cortex_m.a(scb.c.obj)
                              (--whole-archive)
zephyr/arch/arch/arm/core/cortex_m/libarch__arm__core__cortex_m.a(thread_abort.c.obj)
                              (--whole-archive)
zephyr/arch/arch/arm/core/cortex_m/libarch__arm__core__cortex_m.a(vector_table.S.obj)
                              (--whole-archive)
zephyr/arch/arch/arm/core/cortex_m/libarch__arm__core__cortex_m.a(swap.c.obj)
                              (--whole-archive)
zephyr/arch/arch/arm/core/cortex_m/libarch__arm__core__cortex_m.a(swap_helper.S.obj)
                              (--whole-archive)
zephyr/arch/arch/arm/core/cortex_m/libarch__arm__core__cortex_m.a(irq_manage.c.obj)
                              (--whole-archive)
zephyr/arch/arch/arm/core/cortex_m/libarch__arm__core__cortex_m.a(prep_c.c.obj)
                              (--whole-archive)
zephyr/arch/arch/arm/core/cortex_m/libarch__arm__core__cortex_m.a(thread.c.obj)
                              (--whole-archive)
zephyr/arch/arch/arm/core/cortex_m/libarch__arm__core__cortex_m.a(cpu_idle.c.obj)
                              (--whole-archive)
zephyr/arch/arch/arm/core/cortex_m/libarch__arm__core__cortex_m.a(irq_init.c.obj)
                              (--whole-archive)
[...]
Memory Configuration

Name             Origin             Length             Attributes
FLASH            0x0000000000008000 0x00000000000f8000 xr
RAM              0x000000002000c568 0x0000000000033a98 xw
IDT_LIST         0x00000000ffff7fff 0x0000000000008000 xw
*default*        0x0000000000000000 0xffffffffffffffff

Linker script and memory map

LOAD zephyr/CMakeFiles/zephyr_final.dir/misc/empty_file.c.obj
LOAD zephyr/CMakeFiles/zephyr_final.dir/isr_tables.c.obj
LOAD zephyr/CMakeFiles/offsets.dir/./arch/arm/core/offsets/offsets.c.obj
LOAD tfm/api_ns/interface/lib/s_veneers.o
LOAD app/libapp.a
LOAD zephyr/libzephyr.a
LOAD zephyr/arch/common/libarch__common.a
LOAD zephyr/arch/arch/arm/core/libarch__arm__core.a
LOAD zephyr/arch/arch/arm/core/cortex_m/libarch__arm__core__cortex_m.a
LOAD zephyr/arch/arch/arm/core/cortex_m/cmse/libarch__arm__core__cortex_m__cmse.a
LOAD zephyr/arch/arch/arm/core/mpu/libarch__arm__core__mpu.a
LOAD zephyr/lib/libc/newlib/liblib__libc__newlib.a
LOAD zephyr/lib/libc/common/liblib__libc__common.a
LOAD zephyr/lib/posix/options/liblib__posix__options.a
LOAD zephyr/lib/net_buf/liblib__net_buf.a
LOAD zephyr/lib/os/zvfs/liblib__os__zvfs.a
LOAD zephyr/soc/soc/nrf9160/libsoc__nordic.a
LOAD zephyr/boards/nordic/nrf9160dk/libboards__nordic__nrf9160dk.a
LOAD zephyr/subsys/fs/libsubsys__fs.a
LOAD zephyr/subsys/random/libsubsys__random.a
LOAD zephyr/subsys/net/libsubsys__net.a
LOAD zephyr/subsys/net/l2/offloaded_netdev/libsubsys__net__l2__offloaded_netdev.a
LOAD zephyr/subsys/net/ip/libsubsys__net__ip.a
LOAD zephyr/drivers/clock_control/libdrivers__clock_control.a
LOAD zephyr/drivers/console/libdrivers__console.a
LOAD zephyr/drivers/entropy/libdrivers__entropy.a
LOAD zephyr/drivers/gpio/libdrivers__gpio.a
LOAD zephyr/drivers/pinctrl/libdrivers__pinctrl.a
LOAD zephyr/drivers/serial/libdrivers__serial.a
LOAD zephyr/drivers/timer/libdrivers__timer.a
LOAD modules/nrf/lib/nrf_modem_lib/lib..__nrf__lib__nrf_modem_lib.a
LOAD modules/nrf/lib/at_monitor/lib..__nrf__lib__at_monitor.a
LOAD modules/nrf/lib/at_parser/lib..__nrf__lib__at_parser.a
LOAD modules/nrf/lib/lte_link_control/lib..__nrf__lib__lte_link_control.a
LOAD modules/nrf/lib/modem_antenna/lib..__nrf__lib__modem_antenna.a
LOAD modules/nrf/subsys/nrf_security/src/zephyr/libmbedtls_zephyr.a
LOAD modules/nrf/modules/trusted-firmware-m/lib..__nrf__modules__trusted-firmware-m.a
LOAD modules/nrf/modules/trusted-firmware-m/libtfm_api_nrf.a
LOAD modules/trusted-firmware-m/libtfm_api.a
LOAD modules/hal_nordic/nrfx/libmodules__hal_nordic__nrfx.a
LOAD /home/kim/ncs/v2.9.1/nrfxlib/nrf_modem/lib/cellular/nrf9160/hard-float/libmodem.a
LOAD zephyr/kernel/libkernel.a
LOAD zephyr/arch/common/libisr_tables.a
LOAD modules/nrf/subsys/nrf_security/src/libmbedcrypto.a
LOAD modules/nrf/subsys/nrf_security/src/libmbedcrypto_base.a
LOAD modules/nrf/subsys/nrf_security/src/libnrf_security_utils.a
LOAD zephyr/kernel/libkernel.a
LOAD /home/kim/ncs/v2.9.1/nrfxlib/crypto/nrf_oberon/lib/cortex-m33/hard-float/liboberon_mbedtls_3.0.15.a
LOAD /home/kim/ncs/v2.9.1/nrfxlib/crypto/nrf_oberon/lib/cortex-m33/hard-float/liboberon_3.0.15.a
LOAD /home/kim/ncs/toolchains/b77d8c1312/opt/zephyr-sdk/arm-zephyr-eabi/arm-zephyr-eabi/lib/thumb/v8-m.main+fp/hard/libc_nano.a
LOAD /home/kim/ncs/toolchains/b77d8c1312/opt/zephyr-sdk/arm-zephyr-eabi/arm-zephyr-eabi/lib/thumb/v8-m.main+fp/hard/libm_nano.a
LOAD /home/kim/ncs/toolchains/b77d8c1312/opt/zephyr-sdk/arm-zephyr-eabi/arm-zephyr-eabi/lib/thumb/v8-m.main+fp/hard/libc_nano.a
LOAD /home/kim/ncs/toolchains/b77d8c1312/opt/zephyr-sdk/arm-zephyr-eabi/bin/../lib/gcc/arm-zephyr-eabi/12.2.0/thumb/v8-m.main+fp/hard/libgcc.a
LOAD /home/kim/ncs/toolchains/b77d8c1312/opt/zephyr-sdk/arm-zephyr-eabi/arm-zephyr-eabi/lib/thumb/v8-m.main+fp/hard/libc_nano.a
                0x0000000000000020                _region_min_align = 0x20

.rel.plt        0x0000000000008000        0x0
 *(SORT_BY_ALIGNMENT(.rel.plt))
                [!provide]                        PROVIDE (__rel_iplt_start = .)
 *(SORT_BY_ALIGNMENT(.rel.iplt))
 .rel.iplt      0x0000000000008000        0x0 zephyr/CMakeFiles/zephyr_final.dir/isr_tables.c.obj
                [!provide]                        PROVIDE (__rel_iplt_end = .)

.rela.plt       0x0000000000000000        0x0
 *(SORT_BY_ALIGNMENT(.rela.plt))
                [!provide]                        PROVIDE (__rela_iplt_start = .)
 *(SORT_BY_ALIGNMENT(.rela.iplt))
                [!provide]                        PROVIDE (__rela_iplt_end = .)

.rel.dyn
 *(SORT_BY_ALIGNMENT(.rel.*))

.rela.dyn
 *(SORT_BY_ALIGNMENT(.rela.*))

/DISCARD/
 *(SORT_BY_ALIGNMENT(.plt))

/DISCARD/
 *(SORT_BY_ALIGNMENT(.iplt))
                0x0000000000008000                __rom_region_start = 0x8000

rom_start       0x0000000000008000      0x144
                0x0000000000008000                __rom_start_address = .
 FILL mask 0x00
                0x0000000000008000                . = (. + (0x0 - (. - __rom_start_address)))
                0x0000000000008000                . = ALIGN (0x4)
                0x0000000000008000                . = ALIGN (0x80)
                0x0000000000008000                . = ALIGN (0x200)
                0x0000000000008000                _vector_start = .
 *(SORT_BY_ALIGNMENT(.exc_vector_table))
 *(SORT_BY_ALIGNMENT(.exc_vector_table.*))
 .exc_vector_table._vector_table_section
                0x0000000000008000       0x40 zephyr/arch/arch/arm/core/cortex_m/libarch__arm__core__cortex_m.a(vector_table.S.obj)
                0x0000000000008000                _vector_table
 *(SORT_BY_ALIGNMENT(.vectors))
                0x0000000000008144                _vector_end = .
                0x0000000000008040                . = ALIGN (0x4)
 *(SORT_BY_ALIGNMENT(.gnu.linkonce.irq_vector_table*))
 .gnu.linkonce.irq_vector_table
                0x0000000000008040      0x104 zephyr/CMakeFiles/zephyr_final.dir/isr_tables.c.obj
                0x0000000000008040                _irq_vector_table
                0x0000000000008144                _vector_end = .

text            0x0000000000008148    0x13934
                0x0000000000008148                __text_region_start = .
 *(SORT_BY_ALIGNMENT(.text))
 .text          0x0000000000008148      0x378 /home/kim/ncs/toolchains/b77d8c1312/opt/zephyr-sdk/arm-zephyr-eabi/bin/../lib/gcc/arm-zephyr-eabi/12.2.0/thumb/v8-m.main+fp/hard/libgcc.a(_arm_addsubdf3.o)
                0x0000000000008148                __aeabi_drsub
                0x0000000000008150                __aeabi_dsub
                0x0000000000008150                __subdf3
                0x0000000000008154                __adddf3
                0x0000000000008154                __aeabi_dadd
                0x00000000000083cc                __aeabi_ui2d
                0x00000000000083cc                __floatunsidf
                0x00000000000083ec                __floatsidf
                0x00000000000083ec                __aeabi_i2d
                0x0000000000008410                __extendsfdf2
                0x0000000000008410                __aeabi_f2d
                0x0000000000008454                __aeabi_ul2d
                0x0000000000008454                __floatundidf
                0x0000000000008464                __floatdidf
                0x0000000000008464                __aeabi_l2d
 .text          0x00000000000084c0      0x424 /home/kim/ncs/toolchains/b77d8c1312/opt/zephyr-sdk/arm-zephyr-eabi/bin/../lib/gcc/arm-zephyr-eabi/12.2.0/thumb/v8-m.main+fp/hard/libgcc.a(_arm_muldivdf3.o)
                0x00000000000084c0                __aeabi_dmul
                0x00000000000084c0                __muldf3
                0x0000000000008714                __aeabi_ddiv
                0x0000000000008714                __divdf3
 .text          0x00000000000088e4      0x110 /home/kim/ncs/toolchains/b77d8c1312/opt/zephyr-sdk/arm-zephyr-eabi/bin/../lib/gcc/arm-zephyr-eabi/12.2.0/thumb/v8-m.main+fp/hard/libgcc.a(_arm_cmpdf2.o)
                0x00000000000088e4                __gtdf2
                0x00000000000088e4                __gedf2
                0x00000000000088ec                __ltdf2
                0x00000000000088ec                __ledf2
                0x00000000000088f4                __cmpdf2
                0x00000000000088f4                __eqdf2
                0x00000000000088f4                __nedf2
                0x0000000000008970                __aeabi_cdrcmple
                0x0000000000008980                __aeabi_cdcmple
                0x0000000000008980                __aeabi_cdcmpeq
                0x0000000000008990                __aeabi_dcmpeq
                0x00000000000089a4                __aeabi_dcmplt
                0x00000000000089b8                __aeabi_dcmple
                0x00000000000089cc                __aeabi_dcmpge
                0x00000000000089e0                __aeabi_dcmpgt
 .text          0x00000000000089f4       0x2c /home/kim/ncs/toolchains/b77d8c1312/opt/zephyr-sdk/arm-zephyr-eabi/bin/../lib/gcc/arm-zephyr-eabi/12.2.0/thumb/v8-m.main+fp/hard/libgcc.a(_arm_unorddf2.o)
                0x00000000000089f4                __aeabi_dcmpun
                0x00000000000089f4                __unorddf2
 .text          0x0000000000008a20       0x50 /home/kim/ncs/toolchains/b77d8c1312/opt/zephyr-sdk/arm-zephyr-eabi/bin/../lib/gcc/arm-zephyr-eabi/12.2.0/thumb/v8-m.main+fp/hard/libgcc.a(_arm_fixdfsi.o)
                0x0000000000008a20                __fixdfsi
                0x0000000000008a20                __aeabi_d2iz
 .text          0x0000000000008a70       0xa0 /home/kim/ncs/toolchains/b77d8c1312/opt/zephyr-sdk/arm-zephyr-eabi/bin/../lib/gcc/arm-zephyr-eabi/12.2.0/thumb/v8-m.main+fp/hard/libgcc.a(_arm_truncdfsf2.o)
                0x0000000000008a70                __aeabi_d2f
                0x0000000000008a70                __truncdfsf2
 .text          0x0000000000008b10       0xa0 /home/kim/ncs/toolchains/b77d8c1312/opt/zephyr-sdk/arm-zephyr-eabi/bin/../lib/gcc/arm-zephyr-eabi/12.2.0/thumb/v8-m.main+fp/hard/libgcc.a(_aeabi_ldivmod.o)
                0x0000000000008b10                __aeabi_ldivmod
 .text          0x0000000000008bb0       0x30 /home/kim/ncs/toolchains/b77d8c1312/opt/zephyr-sdk/arm-zephyr-eabi/bin/../lib/gcc/arm-zephyr-eabi/12.2.0/thumb/v8-m.main+fp/hard/libgcc.a(_aeabi_uldivmod.o)
                0x0000000000008bb0                __aeabi_uldivmod
 .text          0x0000000000008be0        0x4 /home/kim/ncs/toolchains/b77d8c1312/opt/zephyr-sdk/arm-zephyr-eabi/bin/../lib/gcc/arm-zephyr-eabi/12.2.0/thumb/v8-m.main+fp/hard/libgcc.a(_dvmd_tls.o)
                0x0000000000008be0                __aeabi_ldiv0
                0x0000000000008be0                __aeabi_idiv0
 .text          0x0000000000008be4       0x14 /home/kim/ncs/toolchains/b77d8c1312/opt/zephyr-sdk/arm-zephyr-eabi/arm-zephyr-eabi/lib/thumb/v8-m.main+fp/hard/libc_nano.a(lib_a-strcmp.o)
                0x0000000000008be4                strcmp
 .text          0x0000000000008bf8       0x10 /home/kim/ncs/toolchains/b77d8c1312/opt/zephyr-sdk/arm-zephyr-eabi/arm-zephyr-eabi/lib/thumb/v8-m.main+fp/hard/libc_nano.a(lib_a-strlen.o)
                0x0000000000008bf8                strlen
 .text          0x0000000000008c08      0x29c /home/kim/ncs/toolchains/b77d8c1312/opt/zephyr-sdk/arm-zephyr-eabi/bin/../lib/gcc/arm-zephyr-eabi/12.2.0/thumb/v8-m.main+fp/hard/libgcc.a(_udivmoddi4.o)
                0x0000000000008c08                __udivmoddi4
 *(SORT_BY_ALIGNMENT(.text.*))
 *fill*         0x0000000000008ea4        0x4 
 .text.z_cbvprintf_impl
                0x0000000000008ea8      0xd1c zephyr/libzephyr.a(cbprintf_complete.c.obj)
                0x0000000000008ea8                z_cbvprintf_impl
 *fill*         0x0000000000009bc4        0x4 
 .text.parse_edrx
                0x0000000000009bc8      0x158 modules/nrf/lib/lte_link_control/lib..__nrf__lib__lte_link_control.a(edrx.c.obj)
 .text._dtoa_r  0x0000000000009d20      0xc54 /home/kim/ncs/toolchains/b77d8c1312/opt/zephyr-sdk/arm-zephyr-eabi/arm-zephyr-eabi/lib/thumb/v8-m.main+fp/hard/libc_nano.a(lib_a-dtoa.o)
                0x0000000000009d20                _dtoa_r
 .text.lte_handler
                0x000000000000a974      0x124 app/libapp.a(main.c.obj)
 .text.gnss_event_handler.part.0
                0x000000000000aa98      0x1ac app/libapp.a(main.c.obj)
 .text.gnss_event_handler
                0x000000000000ac44       0x2c app/libapp.a(main.c.obj)
 .text.main     0x000000000000ac70      0x2d0 app/libapp.a(main.c.obj)
                0x000000000000ac70                main
 .text.cbvprintf_package
                0x000000000000af40      0x3a4 zephyr/libzephyr.a(cbprintf_packaged.c.obj)
                0x000000000000af40                cbvprintf_package
 .text.cbprintf_package_convert
                0x000000000000b2e4      0x3c0 zephyr/libzephyr.a(cbprintf_packaged.c.obj)
                0x000000000000b2e4                cbprintf_package_convert
 .text.__printk_hook_install
                0x000000000000b6a4        0xc zephyr/libzephyr.a(printk.c.obj)
                0x000000000000b6a4                __printk_hook_install
 .text.vsnprintk
                0x000000000000b6b0       0x2c zephyr/libzephyr.a(printk.c.obj)
                0x000000000000b6b0                vsnprintk
 .text._check_fd
                0x000000000000b6dc       0x2c zephyr/libzephyr.a(fdtable.c.obj)
 .text.zvfs_lseek_wrap.constprop.0
                0x000000000000b708       0x7c zephyr/libzephyr.a(fdtable.c.obj)
 .text.z_fd_unref.isra.0
                0x000000000000b784       0x40 zephyr/libzephyr.a(fdtable.c.obj)
 .text.zvfs_get_fd_obj_and_vtable
                0x000000000000b7c4       0x34 zephyr/libzephyr.a(fdtable.c.obj)
                0x000000000000b7c4                zvfs_get_fd_obj_and_vtable
 .text.zvfs_reserve_fd
                0x000000000000b7f8       0x78 zephyr/libzephyr.a(fdtable.c.obj)
                0x000000000000b7f8                zvfs_reserve_fd
 .text.zvfs_finalize_typed_fd
                0x000000000000b870       0x30 zephyr/libzephyr.a(fdtable.c.obj)
                0x000000000000b870                zvfs_finalize_typed_fd
 .text.zvfs_read
                0x000000000000b8a0       0x8c zephyr/libzephyr.a(fdtable.c.obj)
                0x000000000000b8a0                zvfs_read
 .text.zvfs_write
                0x000000000000b92c       0x8c zephyr/libzephyr.a(fdtable.c.obj)
                0x000000000000b92c                zvfs_write
 .text.zvfs_close
                0x000000000000b9b8       0x4c zephyr/libzephyr.a(fdtable.c.obj)
                0x000000000000b9b8                zvfs_close
 .text.zvfs_fstat
                0x000000000000ba04       0x34 zephyr/libzephyr.a(fdtable.c.obj)
                0x000000000000ba04                zvfs_fstat
 .text.zvfs_lseek
                0x000000000000ba38       0x38 zephyr/libzephyr.a(fdtable.c.obj)
                0x000000000000ba38                zvfs_lseek
 .text.extract_decimal
                0x000000000000ba70       0x2c zephyr/libzephyr.a(cbprintf_complete.c.obj)
 .text.encode_uint
                0x000000000000ba9c       0x9c zephyr/libzephyr.a(cbprintf_complete.c.obj)
 .text.process_event
                0x000000000000bb38      0x21c zephyr/libzephyr.a(onoff.c.obj)
 .text.activate_foreach_backend
                0x000000000000bd54       0x64 zephyr/libzephyr.a(log_core.c.obj)
 .text.enable_logger
                0x000000000000bdb8       0x5c zephyr/libzephyr.a(log_core.c.obj)
 .text.log_process_thread_timer_expiry_fn
                0x000000000000be14        0xc zephyr/libzephyr.a(log_core.c.obj)
 .text.z_log_init
                0x000000000000be20       0x90 zephyr/libzephyr.a(log_core.c.obj)
 .text.log_format_func_t_get
                0x000000000000beb0        0xc zephyr/libzephyr.a(log_core.c.obj)
                0x000000000000beb0                log_format_func_t_get
 .text.log_set_timestamp_func
                0x000000000000bebc       0x20 zephyr/libzephyr.a(log_core.c.obj)
                0x000000000000bebc                log_set_timestamp_func
 .text.z_log_notify_backend_enabled
                0x000000000000bedc       0x1c zephyr/libzephyr.a(log_core.c.obj)
                0x000000000000bedc                z_log_notify_backend_enabled
 .text.z_log_dropped
                0x000000000000bef8       0x3c zephyr/libzephyr.a(log_core.c.obj)
                0x000000000000bef8                z_log_dropped
 .text.z_log_dropped_read_and_clear
                0x000000000000bf34       0x18 zephyr/libzephyr.a(log_core.c.obj)
                0x000000000000bf34                z_log_dropped_read_and_clear
 .text.dropped_notify
                0x000000000000bf4c       0x30 zephyr/libzephyr.a(log_core.c.obj)
                0x000000000000bf4c                dropped_notify
 .text.z_log_msg_init
                0x000000000000bf7c       0x20 zephyr/libzephyr.a(log_core.c.obj)
                0x000000000000bf7c                z_log_msg_init
 .text.log_core_init
                0x000000000000bf9c       0x34 zephyr/libzephyr.a(log_core.c.obj)
                0x000000000000bf9c                log_core_init
 .text.z_log_msg_alloc
                0x000000000000bfd0       0x10 zephyr/libzephyr.a(log_core.c.obj)
                0x000000000000bfd0                z_log_msg_alloc
 .text.z_log_msg_local_claim
                0x000000000000bfe0        0xc zephyr/libzephyr.a(log_core.c.obj)
                0x000000000000bfe0                z_log_msg_local_claim
 .text.z_log_msg_free
                0x000000000000bfec       0x10 zephyr/libzephyr.a(log_core.c.obj)
                0x000000000000bfec                z_log_msg_free
 .text.z_log_msg_pending
                0x000000000000bffc        0xc zephyr/libzephyr.a(log_core.c.obj)
                0x000000000000bffc                z_log_msg_pending
 .text.z_impl_log_process
                0x000000000000c008       0xb4 zephyr/libzephyr.a(log_core.c.obj)
                0x000000000000c008                z_impl_log_process
 .text.z_impl_log_panic
                0x000000000000c0bc       0x44 zephyr/libzephyr.a(log_core.c.obj)
                0x000000000000c0bc                z_impl_log_panic
 .text.log_process_thread_func
                0x000000000000c100       0x9c zephyr/libzephyr.a(log_core.c.obj)
 .text.z_log_msg_post_finalize
                0x000000000000c19c       0x78 zephyr/libzephyr.a(log_core.c.obj)
 .text.z_log_msg_commit
                0x000000000000c214       0x24 zephyr/libzephyr.a(log_core.c.obj)
                0x000000000000c214                z_log_msg_commit
 .text.log_source_name_get
                0x000000000000c238       0x1c zephyr/libzephyr.a(log_mgmt.c.obj)
                0x000000000000c238                log_source_name_get
 .text.log_backend_enable
                0x000000000000c254       0x28 zephyr/libzephyr.a(log_mgmt.c.obj)
                0x000000000000c254                log_backend_enable
 .text.z_impl_z_log_msg_static_create
                0x000000000000c27c      0x108 zephyr/libzephyr.a(log_msg.c.obj)
                0x000000000000c27c                z_impl_z_log_msg_static_create
 .text.z_log_msg_runtime_vcreate
                0x000000000000c384       0xa0 zephyr/libzephyr.a(log_msg.c.obj)
                0x000000000000c384                z_log_msg_runtime_vcreate
 .text.log_msg_get_source_id
                0x000000000000c424       0x18 zephyr/libzephyr.a(log_msg.c.obj)
                0x000000000000c424                log_msg_get_source_id
 .text.print_formatted
                0x000000000000c43c       0x24 zephyr/libzephyr.a(log_output.c.obj)
 .text.newline_print
                0x000000000000c460       0x1c zephyr/libzephyr.a(log_output.c.obj)
 .text.log_output_process
                0x000000000000c47c      0x2dc zephyr/libzephyr.a(log_output.c.obj)
                0x000000000000c47c                log_output_process
 .text.log_output_dropped_process
                0x000000000000c758       0x58 zephyr/libzephyr.a(log_output.c.obj)
                0x000000000000c758                log_output_dropped_process
 .text.log_output_timestamp_freq_set
                0x000000000000c7b0       0x2c zephyr/libzephyr.a(log_output.c.obj)
                0x000000000000c7b0                log_output_timestamp_freq_set
 .text.char_out
                0x000000000000c7dc       0x24 zephyr/libzephyr.a(log_backend_uart.c.obj)
 .text.mem_attr_get_regions
                0x000000000000c800        0xc zephyr/libzephyr.a(mem_attr.c.obj)
                0x000000000000c800                mem_attr_get_regions
 .text.boot_banner
                0x000000000000c80c       0x1c zephyr/libzephyr.a(banner.c.obj)
                0x000000000000c80c                boot_banner
 .text.z_arm_fatal_error
                0x000000000000c828      0x120 zephyr/arch/arch/arm/core/libarch__arm__core.a(fatal.c.obj)
                0x000000000000c828                z_arm_fatal_error
 .text.z_SysNmiOnReset
                0x000000000000c948        0x8 zephyr/arch/arch/arm/core/libarch__arm__core.a(nmi_on_reset.S.obj)
                0x000000000000c948                z_SysNmiOnReset
 .text._HandlerModeExit
                0x000000000000c950       0x28 zephyr/arch/arch/arm/core/cortex_m/libarch__arm__core__cortex_m.a(exc_exit.c.obj)
                0x000000000000c950                z_arm_exc_exit
                0x000000000000c950                z_arm_int_exit
 .text.mem_manage_fault.constprop.0
                0x000000000000c978       0xd0 zephyr/arch/arch/arm/core/cortex_m/libarch__arm__core__cortex_m.a(fault.c.obj)
 .text.usage_fault.constprop.0
                0x000000000000ca48       0xbc zephyr/arch/arch/arm/core/cortex_m/libarch__arm__core__cortex_m.a(fault.c.obj)
 .text.bus_fault.constprop.0
                0x000000000000cb04       0xd0 zephyr/arch/arch/arm/core/cortex_m/libarch__arm__core__cortex_m.a(fault.c.obj)
 .text.z_arm_fault
                0x000000000000cbd4      0x1d4 zephyr/arch/arch/arm/core/cortex_m/libarch__arm__core__cortex_m.a(fault.c.obj)
                0x000000000000cbd4                z_arm_fault
 .text.z_arm_fault_init
                0x000000000000cda8       0x20 zephyr/arch/arch/arm/core/cortex_m/libarch__arm__core__cortex_m.a(fault.c.obj)
                0x000000000000cda8                z_arm_fault_init
 .text.__fault  0x000000000000cdc8       0x14 zephyr/arch/arch/arm/core/cortex_m/libarch__arm__core__cortex_m.a(fault_s.S.obj)
                0x000000000000cdc8                z_arm_bus_fault
                0x000000000000cdc8                z_arm_usage_fault
                0x000000000000cdc8                z_arm_mpu_fault
                0x000000000000cdc8                z_arm_exc_spurious
                0x000000000000cdc8                z_arm_debug_monitor
                0x000000000000cdc8                z_arm_hard_fault
 .text._reset_section
                0x000000000000cddc       0x60 zephyr/arch/arch/arm/core/cortex_m/libarch__arm__core__cortex_m.a(reset.S.obj)
                0x000000000000cddc                z_arm_reset
                0x000000000000cddc                __start
 .text.z_arm_clear_arm_mpu_config
                0x000000000000ce3c       0x24 zephyr/arch/arch/arm/core/cortex_m/libarch__arm__core__cortex_m.a(scb.c.obj)
                0x000000000000ce3c                z_arm_clear_arm_mpu_config
 .text.z_arm_init_arch_hw_at_boot
                0x000000000000ce60       0x4c zephyr/arch/arch/arm/core/cortex_m/libarch__arm__core__cortex_m.a(scb.c.obj)
                0x000000000000ce60                z_arm_init_arch_hw_at_boot
 .text.z_impl_k_thread_abort
                0x000000000000ceac       0x2c zephyr/arch/arch/arm/core/cortex_m/libarch__arm__core__cortex_m.a(thread_abort.c.obj)
                0x000000000000ceac                z_impl_k_thread_abort
 .text.arch_swap
                0x000000000000ced8       0x34 zephyr/arch/arch/arm/core/cortex_m/libarch__arm__core__cortex_m.a(swap.c.obj)
                0x000000000000ced8                arch_swap
 .text.z_arm_pendsv_c
                0x000000000000cf0c       0x48 zephyr/arch/arch/arm/core/cortex_m/libarch__arm__core__cortex_m.a(swap.c.obj)
                0x000000000000cf0c                z_arm_pendsv_c
 .text.z_arm_pendsv
                0x000000000000cf54       0x7c zephyr/arch/arch/arm/core/cortex_m/libarch__arm__core__cortex_m.a(swap_helper.S.obj)
                0x000000000000cf54                z_arm_pendsv
 .text.z_arm_svc
                0x000000000000cfd0       0x20 zephyr/arch/arch/arm/core/cortex_m/libarch__arm__core__cortex_m.a(swap_helper.S.obj)
                0x000000000000cfd0                z_arm_svc
 .text.arch_irq_enable
                0x000000000000cff0       0x1c zephyr/arch/arch/arm/core/cortex_m/libarch__arm__core__cortex_m.a(irq_manage.c.obj)
                0x000000000000cff0                arch_irq_enable
 .text.arch_irq_disable
                0x000000000000d00c       0x28 zephyr/arch/arch/arm/core/cortex_m/libarch__arm__core__cortex_m.a(irq_manage.c.obj)
                0x000000000000d00c                arch_irq_disable
 .text.arch_irq_is_enabled
                0x000000000000d034       0x1c zephyr/arch/arch/arm/core/cortex_m/libarch__arm__core__cortex_m.a(irq_manage.c.obj)
                0x000000000000d034                arch_irq_is_enabled
 .text.z_arm_irq_priority_set
                0x000000000000d050       0x2c zephyr/arch/arch/arm/core/cortex_m/libarch__arm__core__cortex_m.a(irq_manage.c.obj)
                0x000000000000d050                z_arm_irq_priority_set
 .text.z_prep_c
                0x000000000000d07c       0x5c zephyr/arch/arch/arm/core/cortex_m/libarch__arm__core__cortex_m.a(prep_c.c.obj)
                0x000000000000d07c                z_prep_c
 .text.arch_new_thread
                0x000000000000d0d8       0x40 zephyr/arch/arch/arm/core/cortex_m/libarch__arm__core__cortex_m.a(thread.c.obj)
                0x000000000000d0d8                arch_new_thread
 .text.arch_float_disable
                0x000000000000d118       0x48 zephyr/arch/arch/arm/core/cortex_m/libarch__arm__core__cortex_m.a(thread.c.obj)
                0x000000000000d118                arch_float_disable
 .text.arch_switch_to_main_thread
                0x000000000000d160       0x58 zephyr/arch/arch/arm/core/cortex_m/libarch__arm__core__cortex_m.a(thread.c.obj)
                0x000000000000d160                arch_switch_to_main_thread
 .text.z_arm_cpu_idle_init
                0x000000000000d1b8        0xc zephyr/arch/arch/arm/core/cortex_m/libarch__arm__core__cortex_m.a(cpu_idle.c.obj)
                0x000000000000d1b8                z_arm_cpu_idle_init
 .text.z_arm_interrupt_init
                0x000000000000d1c4       0x18 zephyr/arch/arch/arm/core/cortex_m/libarch__arm__core__cortex_m.a(irq_init.c.obj)
                0x000000000000d1c4                z_arm_interrupt_init
 .text._isr_wrapper
                0x000000000000d1dc       0x24 zephyr/arch/arch/arm/core/cortex_m/libarch__arm__core__cortex_m.a(isr_wrapper.c.obj)
                0x000000000000d1dc                _isr_wrapper
 .text.z_arm_configure_static_mpu_regions
                0x000000000000d200       0x38 zephyr/arch/arch/arm/core/mpu/libarch__arm__core__mpu.a(arm_core_mpu.c.obj)
                0x000000000000d200                z_arm_configure_static_mpu_regions
 .text.region_init
                0x000000000000d238       0x34 zephyr/arch/arch/arm/core/mpu/libarch__arm__core__mpu.a(arm_mpu.c.obj)
 .text.region_allocate_and_init
                0x000000000000d26c       0x38 zephyr/arch/arch/arm/core/mpu/libarch__arm__core__mpu.a(arm_mpu.c.obj)
 .text.mpu_configure_regions_and_partition.constprop.0
                0x000000000000d2a4      0x164 zephyr/arch/arch/arm/core/mpu/libarch__arm__core__mpu.a(arm_mpu.c.obj)
 .text.arm_core_mpu_enable
                0x000000000000d408       0x18 zephyr/arch/arch/arm/core/mpu/libarch__arm__core__mpu.a(arm_mpu.c.obj)
                0x000000000000d408                arm_core_mpu_enable
 .text.arm_core_mpu_disable
                0x000000000000d420       0x14 zephyr/arch/arch/arm/core/mpu/libarch__arm__core__mpu.a(arm_mpu.c.obj)
                0x000000000000d420                arm_core_mpu_disable
 .text.arm_core_mpu_configure_static_mpu_regions
                0x000000000000d434       0x14 zephyr/arch/arch/arm/core/mpu/libarch__arm__core__mpu.a(arm_mpu.c.obj)
                0x000000000000d434                arm_core_mpu_configure_static_mpu_regions
 .text.arm_core_mpu_mark_areas_for_dynamic_regions
                0x000000000000d448       0xb8 zephyr/arch/arch/arm/core/mpu/libarch__arm__core__mpu.a(arm_mpu.c.obj)
                0x000000000000d448                arm_core_mpu_mark_areas_for_dynamic_regions
 .text.z_arm_mpu_init
                0x000000000000d500      0x11c zephyr/arch/arch/arm/core/mpu/libarch__arm__core__mpu.a(arm_mpu.c.obj)
                0x000000000000d500                z_arm_mpu_init
 .text.__stdout_hook_install
                0x000000000000d61c        0xc zephyr/lib/libc/newlib/liblib__libc__newlib.a(libc-hooks.c.obj)
                0x000000000000d61c                __stdout_hook_install
 .text.z_impl_zephyr_write_stdout
                0x000000000000d628       0x30 zephyr/lib/libc/newlib/liblib__libc__newlib.a(libc-hooks.c.obj)
                0x000000000000d628                z_impl_zephyr_write_stdout
 .text._sbrk    0x000000000000d658       0x28 zephyr/lib/libc/newlib/liblib__libc__newlib.a(libc-hooks.c.obj)
                0x000000000000d658                _sbrk
                0x000000000000d658                sbrk
 .text.abort    0x000000000000d680       0x1c zephyr/lib/libc/common/liblib__libc__common.a(abort.c.obj)
                0x000000000000d680                abort
 .text.pthread_barrier_pool_init
                0x000000000000d69c       0x28 zephyr/lib/posix/options/liblib__posix__options.a(barrier.c.obj)
 .text.pthread_cond_pool_init
                0x000000000000d6c4       0x20 zephyr/lib/posix/options/liblib__posix__options.a(cond.c.obj)
 .text.pthread_mutex_pool_init
                0x000000000000d6e4       0x20 zephyr/lib/posix/options/liblib__posix__options.a(mutex.c.obj)
 .text.posix_thread_pool_init
                0x000000000000d704       0x38 zephyr/lib/posix/options/liblib__posix__options.a(pthread.c.obj)
 .text.nordicsemi_nrf91_init
                0x000000000000d73c       0x10 zephyr/soc/soc/nrf9160/libsoc__nordic.a(soc.c.obj)
 .text.arch_busy_wait
                0x000000000000d74c       0x14 zephyr/soc/soc/nrf9160/libsoc__nordic.a(soc.c.obj)
                0x000000000000d74c                arch_busy_wait
 .text.net_hostname_init
                0x000000000000d760       0x18 zephyr/subsys/net/libsubsys__net.a(hostname.c.obj)
                0x000000000000d760                net_hostname_init
 .text.z_impl_zsock_socket
                0x000000000000d778       0x5c zephyr/subsys/net/libsubsys__net.a(sockets.c.obj)
                0x000000000000d778                z_impl_zsock_socket
 .text.socket_offload_dns_register
                0x000000000000d7d4        0xc zephyr/subsys/net/libsubsys__net.a(socket_offload.c.obj)
                0x000000000000d7d4                socket_offload_dns_register
 .text.socket_offload_getaddrinfo
                0x000000000000d7e0       0x14 zephyr/subsys/net/libsubsys__net.a(socket_offload.c.obj)
                0x000000000000d7e0                socket_offload_getaddrinfo
 .text.socket_offload_freeaddrinfo
                0x000000000000d7f4        0xc zephyr/subsys/net/libsubsys__net.a(socket_offload.c.obj)
                0x000000000000d7f4                socket_offload_freeaddrinfo
 .text.net_if_set_name
                0x000000000000d800       0x64 zephyr/subsys/net/ip/libsubsys__net__ip.a(net_if.c.obj)
                0x000000000000d800                net_if_set_name
 .text.net_if_init
                0x000000000000d864       0xbc zephyr/subsys/net/ip/libsubsys__net__ip.a(net_if.c.obj)
                0x000000000000d864                net_if_init
 .text.net_if_post_init
                0x000000000000d920       0x28 zephyr/subsys/net/ip/libsubsys__net__ip.a(net_if.c.obj)
                0x000000000000d920                net_if_post_init
 .text.z_impl_net_addr_ntop
                0x000000000000d948      0x1d4 zephyr/subsys/net/ip/libsubsys__net__ip.a(utils.c.obj)
                0x000000000000d948                z_impl_net_addr_ntop
 .text.onoff_stop
                0x000000000000db1c       0x30 zephyr/drivers/clock_control/libdrivers__clock_control.a(clock_control_nrf.c.obj)
 .text.onoff_start
                0x000000000000db4c       0x44 zephyr/drivers/clock_control/libdrivers__clock_control.a(clock_control_nrf.c.obj)
 .text.generic_hfclk_stop
                0x000000000000db90       0x34 zephyr/drivers/clock_control/libdrivers__clock_control.a(clock_control_nrf.c.obj)
 .text.clk_init
                0x000000000000dbc4       0x58 zephyr/drivers/clock_control/libdrivers__clock_control.a(clock_control_nrf.c.obj)
 .text.api_blocking_start
                0x000000000000dc1c       0x3c zephyr/drivers/clock_control/libdrivers__clock_control.a(clock_control_nrf.c.obj)
 .text.clkstarted_handle.constprop.0
                0x000000000000dc58       0x4c zephyr/drivers/clock_control/libdrivers__clock_control.a(clock_control_nrf.c.obj)
 .text.generic_hfclk_start
                0x000000000000dca4       0x80 zephyr/drivers/clock_control/libdrivers__clock_control.a(clock_control_nrf.c.obj)
 .text.clock_event_handler
                0x000000000000dd24       0x1c zephyr/drivers/clock_control/libdrivers__clock_control.a(clock_control_nrf.c.obj)
 .text.z_nrf_clock_control_lf_on
                0x000000000000dd40       0xf4 zephyr/drivers/clock_control/libdrivers__clock_control.a(clock_control_nrf.c.obj)
                0x000000000000dd40                z_nrf_clock_control_lf_on
 .text.uart_console_init
                0x000000000000de34       0x28 zephyr/drivers/console/libdrivers__console.a(uart_console.c.obj)
 .text.console_out
                0x000000000000de5c       0x28 zephyr/drivers/console/libdrivers__console.a(uart_console.c.obj)
 .text.gpio_nrfx_init
                0x000000000000de84       0x48 zephyr/drivers/gpio/libdrivers__gpio.a(gpio_nrfx.c.obj)
 .text.nrfx_gpio_handler
                0x000000000000decc       0x3c zephyr/drivers/gpio/libdrivers__gpio.a(gpio_nrfx.c.obj)
 .text.gpio_nrfx_pin_configure
                0x000000000000df08      0x17c zephyr/drivers/gpio/libdrivers__gpio.a(gpio_nrfx.c.obj)
 .text.gpio_nrfx_pin_interrupt_configure
                0x000000000000e084       0xf4 zephyr/drivers/gpio/libdrivers__gpio.a(gpio_nrfx.c.obj)
 .text.pinctrl_configure_pins
                0x000000000000e178      0x17c zephyr/drivers/pinctrl/libdrivers__pinctrl.a(pinctrl_nrf.c.obj)
                0x000000000000e178                pinctrl_configure_pins
 .text.uarte_nrfx_poll_out
                0x000000000000e2f4       0xb4 zephyr/drivers/serial/libdrivers__serial.a(uart_nrfx_uarte.c.obj)
 .text.uarte_0_init
                0x000000000000e3a8      0x11c zephyr/drivers/serial/libdrivers__serial.a(uart_nrfx_uarte.c.obj)
 .text.compare_int_lock
                0x000000000000e4c4       0x40 zephyr/drivers/timer/libdrivers__timer.a(nrf_rtc_timer.c.obj)
 .text.sys_clock_timeout_handler
                0x000000000000e504       0x48 zephyr/drivers/timer/libdrivers__timer.a(nrf_rtc_timer.c.obj)
 .text.compare_int_unlock
                0x000000000000e54c       0x4c zephyr/drivers/timer/libdrivers__timer.a(nrf_rtc_timer.c.obj)
 .text.z_nrf_rtc_timer_read
                0x000000000000e598       0x44 zephyr/drivers/timer/libdrivers__timer.a(nrf_rtc_timer.c.obj)
                0x000000000000e598                z_nrf_rtc_timer_read
 .text.compare_set
                0x000000000000e5dc      0x124 zephyr/drivers/timer/libdrivers__timer.a(nrf_rtc_timer.c.obj)
 .text.sys_clock_driver_init
                0x000000000000e700       0x90 zephyr/drivers/timer/libdrivers__timer.a(nrf_rtc_timer.c.obj)
 .text.rtc_nrf_isr
                0x000000000000e790       0xd0 zephyr/drivers/timer/libdrivers__timer.a(nrf_rtc_timer.c.obj)
                0x000000000000e790                rtc_nrf_isr
 .text.sys_clock_set_timeout
                0x000000000000e860       0x5c zephyr/drivers/timer/libdrivers__timer.a(nrf_rtc_timer.c.obj)
                0x000000000000e860                sys_clock_set_timeout
 .text.sys_clock_elapsed
                0x000000000000e8bc       0x14 zephyr/drivers/timer/libdrivers__timer.a(nrf_rtc_timer.c.obj)
                0x000000000000e8bc                sys_clock_elapsed
 .text.nrf_modem_lib_dfu_handler
                0x000000000000e8d0       0x24 modules/nrf/lib/nrf_modem_lib/lib..__nrf__lib__nrf_modem_lib.a(nrf_modem_lib.c.obj)
 .text.nrf_modem_lib_init
                0x000000000000e8f4       0x50 modules/nrf/lib/nrf_modem_lib/lib..__nrf__lib__nrf_modem_lib.a(nrf_modem_lib.c.obj)
                0x000000000000e8f4                nrf_modem_lib_init
 .text.thread_monitor_entry_get
                0x000000000000e944       0x48 modules/nrf/lib/nrf_modem_lib/lib..__nrf__lib__nrf_modem_lib.a(nrf_modem_os.c.obj)
 .text.on_init  0x000000000000e98c       0x20 modules/nrf/lib/nrf_modem_lib/lib..__nrf__lib__nrf_modem_lib.a(nrf_modem_os.c.obj)
 .text.nrf_modem_os_timedwait
                0x000000000000e9ac      0x180 modules/nrf/lib/nrf_modem_lib/lib..__nrf__lib__nrf_modem_lib.a(nrf_modem_os.c.obj)
                0x000000000000e9ac                nrf_modem_os_timedwait
 .text.nrf_modem_os_sem_init
                0x000000000000eb2c       0x44 modules/nrf/lib/nrf_modem_lib/lib..__nrf__lib__nrf_modem_lib.a(nrf_modem_os.c.obj)
                0x000000000000eb2c                nrf_modem_os_sem_init
 .text.nrf_modem_os_mutex_init
                0x000000000000eb70       0x34 modules/nrf/lib/nrf_modem_lib/lib..__nrf__lib__nrf_modem_lib.a(nrf_modem_os.c.obj)
                0x000000000000eb70                nrf_modem_os_mutex_init
 .text.nrf_modem_os_event_notify
                0x000000000000eba4       0x38 modules/nrf/lib/nrf_modem_lib/lib..__nrf__lib__nrf_modem_lib.a(nrf_modem_os.c.obj)
                0x000000000000eba4                nrf_modem_os_event_notify
 .text.nrf_modem_os_alloc
                0x000000000000ebdc       0x10 modules/nrf/lib/nrf_modem_lib/lib..__nrf__lib__nrf_modem_lib.a(nrf_modem_os.c.obj)
                0x000000000000ebdc                nrf_modem_os_alloc
 .text.nrf_modem_os_free
                0x000000000000ebec        0xc modules/nrf/lib/nrf_modem_lib/lib..__nrf__lib__nrf_modem_lib.a(nrf_modem_os.c.obj)
                0x000000000000ebec                nrf_modem_os_free
 .text.nrf_modem_os_shm_tx_alloc
                0x000000000000ebf8       0x10 modules/nrf/lib/nrf_modem_lib/lib..__nrf__lib__nrf_modem_lib.a(nrf_modem_os.c.obj)
                0x000000000000ebf8                nrf_modem_os_shm_tx_alloc
 .text.nrf_modem_os_shm_tx_free
                0x000000000000ec08        0xc modules/nrf/lib/nrf_modem_lib/lib..__nrf__lib__nrf_modem_lib.a(nrf_modem_os.c.obj)
                0x000000000000ec08                nrf_modem_os_shm_tx_free
 .text.nrf_modem_os_init
                0x000000000000ec14       0x30 modules/nrf/lib/nrf_modem_lib/lib..__nrf__lib__nrf_modem_lib.a(nrf_modem_os.c.obj)
                0x000000000000ec14                nrf_modem_os_init
 .text.nrf_modem_os_shutdown
                0x000000000000ec44       0x18 modules/nrf/lib/nrf_modem_lib/lib..__nrf__lib__nrf_modem_lib.a(nrf_modem_os.c.obj)
                0x000000000000ec44                nrf_modem_os_shutdown
 .text.cfun_callback
                0x000000000000ec5c       0x24 modules/nrf/lib/nrf_modem_lib/lib..__nrf__lib__nrf_modem_lib.a(cfun_hooks.c.obj)
 .text.on_modem_init
                0x000000000000ec80        0xc modules/nrf/lib/nrf_modem_lib/lib..__nrf__lib__nrf_modem_lib.a(cfun_hooks.c.obj)
 .text.z_to_nrf_optname
                0x000000000000ec8c       0xdc modules/nrf/lib/nrf_modem_lib/lib..__nrf__lib__nrf_modem_lib.a(nrf9x_sockets.c.obj)
 .text.nrf9x_socket_offload_init
                0x000000000000ed68       0x24 modules/nrf/lib/nrf_modem_lib/lib..__nrf__lib__nrf_modem_lib.a(nrf9x_sockets.c.obj)
 .text.nrf9x_socket_is_supported
                0x000000000000ed8c       0x38 modules/nrf/lib/nrf_modem_lib/lib..__nrf__lib__nrf_modem_lib.a(nrf9x_sockets.c.obj)
 .text.pollcb   0x000000000000edc4       0x30 modules/nrf/lib/nrf_modem_lib/lib..__nrf__lib__nrf_modem_lib.a(nrf9x_sockets.c.obj)
 .text.nrf9x_socket_offload_sendmsg
                0x000000000000edf4      0x110 modules/nrf/lib/nrf_modem_lib/lib..__nrf__lib__nrf_modem_lib.a(nrf9x_sockets.c.obj)
 .text.allocate_ctx
                0x000000000000ef04       0x44 modules/nrf/lib/nrf_modem_lib/lib..__nrf__lib__nrf_modem_lib.a(nrf9x_sockets.c.obj)
 .text.release_ctx
                0x000000000000ef48       0x2c modules/nrf/lib/nrf_modem_lib/lib..__nrf__lib__nrf_modem_lib.a(nrf9x_sockets.c.obj)
 .text.nrf9x_iface_api_init
                0x000000000000ef74       0x38 modules/nrf/lib/nrf_modem_lib/lib..__nrf__lib__nrf_modem_lib.a(nrf9x_sockets.c.obj)
 .text.nrf9x_socket_offload_ioctl
                0x000000000000efac      0x10c modules/nrf/lib/nrf_modem_lib/lib..__nrf__lib__nrf_modem_lib.a(nrf9x_sockets.c.obj)
 .text.nrf9x_socket_create
                0x000000000000f0b8       0x9c modules/nrf/lib/nrf_modem_lib/lib..__nrf__lib__nrf_modem_lib.a(nrf9x_sockets.c.obj)
 .text.nrf9x_socket_offload_accept
                0x000000000000f154       0xe4 modules/nrf/lib/nrf_modem_lib/lib..__nrf__lib__nrf_modem_lib.a(nrf9x_sockets.c.obj)
 .text.nrf_modem_fault_handler
                0x000000000000f238       0x20 modules/nrf/lib/nrf_modem_lib/lib..__nrf__lib__nrf_modem_lib.a(fault.c.obj)
                0x000000000000f238                nrf_modem_fault_handler
 .text.at_monitor_sys_init
                0x000000000000f258       0x28 modules/nrf/lib/at_monitor/lib..__nrf__lib__at_monitor.a(at_monitor.c.obj)
 .text.at_monitor_dispatch
                0x000000000000f280       0xbc modules/nrf/lib/at_monitor/lib..__nrf__lib__at_monitor.a(at_monitor.c.obj)
                0x000000000000f280                at_monitor_dispatch
 .text.at_monitor_task
                0x000000000000f33c       0x64 modules/nrf/lib/at_monitor/lib..__nrf__lib__at_monitor.a(at_monitor.c.obj)
 .text.at_parser_check
                0x000000000000f3a0       0x28 modules/nrf/lib/at_parser/lib..__nrf__lib__at_parser.a(at_parser.c.obj)
 .text.at_parser_tok
                0x000000000000f3c8      0x148 modules/nrf/lib/at_parser/lib..__nrf__lib__at_parser.a(at_parser.c.obj)
 .text.at_parser_init
                0x000000000000f510       0x20 modules/nrf/lib/at_parser/lib..__nrf__lib__at_parser.a(at_parser.c.obj)
                0x000000000000f510                at_parser_init
 .text.at_match_str
                0x000000000000f530       0x84 modules/nrf/lib/at_parser/lib..__nrf__lib__at_parser.a(at_match.c.obj)
                0x000000000000f530                at_match_str
 .text.lte_lc_connect_async
                0x000000000000f5b4       0x34 modules/nrf/lib/lte_link_control/lib..__nrf__lib__lte_link_control.a(lte_lc.c.obj)
                0x000000000000f5b4                lte_lc_connect_async
 .text.lte_lc_on_modem_cfun
                0x000000000000f5e8       0x24 modules/nrf/lib/lte_link_control/lib..__nrf__lib__lte_link_control.a(lte_lc_modem_hooks.c.obj)
 .text.on_modem_init.part.0
                0x000000000000f60c       0x60 modules/nrf/lib/lte_link_control/lib..__nrf__lib__lte_link_control.a(lte_lc_modem_hooks.c.obj)
 .text.on_modem_init
                0x000000000000f66c       0x44 modules/nrf/lib/lte_link_control/lib..__nrf__lib__lte_link_control.a(lte_lc_modem_hooks.c.obj)
 .text.k_mutex_unlock.constprop.0.isra.0
                0x000000000000f6b0        0xc modules/nrf/lib/lte_link_control/lib..__nrf__lib__lte_link_control.a(event_handler_list.c.obj)
 .text.event_handler_list_handler_append
                0x000000000000f6bc       0x58 modules/nrf/lib/lte_link_control/lib..__nrf__lib__lte_link_control.a(event_handler_list.c.obj)
                0x000000000000f6bc                event_handler_list_handler_append
 .text.event_handler_list_dispatch
                0x000000000000f714       0x48 modules/nrf/lib/lte_link_control/lib..__nrf__lib__lte_link_control.a(event_handler_list.c.obj)
                0x000000000000f714                event_handler_list_dispatch
 .text.event_handler_list_is_empty
                0x000000000000f75c       0x10 modules/nrf/lib/lte_link_control/lib..__nrf__lib__lte_link_control.a(event_handler_list.c.obj)
                0x000000000000f75c                event_handler_list_is_empty
 .text.work_q_start
                0x000000000000f76c       0x30 modules/nrf/lib/lte_link_control/lib..__nrf__lib__lte_link_control.a(work_q.c.obj)
                0x000000000000f76c                work_q_start
 .text.work_q_get
                0x000000000000f79c        0x8 modules/nrf/lib/lte_link_control/lib..__nrf__lib__lte_link_control.a(work_q.c.obj)
                0x000000000000f79c                work_q_get
 .text.at_handler_cereg
                0x000000000000f7a4      0x318 modules/nrf/lib/lte_link_control/lib..__nrf__lib__lte_link_control.a(cereg.c.obj)
 .text.cereg_status_get
                0x000000000000fabc       0x58 modules/nrf/lib/lte_link_control/lib..__nrf__lib__lte_link_control.a(cereg.c.obj)
                0x000000000000fabc                cereg_status_get
 .text.cereg_lte_connect
                0x000000000000fb14       0xd0 modules/nrf/lib/lte_link_control/lib..__nrf__lib__lte_link_control.a(cereg.c.obj)
                0x000000000000fb14                cereg_lte_connect
 .text.cereg_notifications_enable
                0x000000000000fbe4       0x28 modules/nrf/lib/lte_link_control/lib..__nrf__lib__lte_link_control.a(cereg.c.obj)
                0x000000000000fbe4                cereg_notifications_enable
 .text.cfun_mode_get
                0x000000000000fc0c       0x4c modules/nrf/lib/lte_link_control/lib..__nrf__lib__lte_link_control.a(cfun.c.obj)
                0x000000000000fc0c                cfun_mode_get
 .text.cfun_mode_set
                0x000000000000fc58       0x90 modules/nrf/lib/lte_link_control/lib..__nrf__lib__lte_link_control.a(cfun.c.obj)
                0x000000000000fc58                cfun_mode_set
 .text.at_handler_cscon
                0x000000000000fce8       0x7c modules/nrf/lib/lte_link_control/lib..__nrf__lib__lte_link_control.a(cscon.c.obj)
 .text.cscon_notifications_enable
                0x000000000000fd64       0x28 modules/nrf/lib/lte_link_control/lib..__nrf__lib__lte_link_control.a(cscon.c.obj)
                0x000000000000fd64                cscon_notifications_enable
 .text.at_handler_mdmev
                0x000000000000fd8c       0x58 modules/nrf/lib/lte_link_control/lib..__nrf__lib__lte_link_control.a(mdmev.c.obj)
 .text.xsystemmode_mode_set
                0x000000000000fde4       0x7c modules/nrf/lib/lte_link_control/lib..__nrf__lib__lte_link_control.a(xsystemmode.c.obj)
                0x000000000000fde4                xsystemmode_mode_set
 .text.lte_lc_edrx_current_values_clear
                0x000000000000fe60       0x2c modules/nrf/lib/lte_link_control/lib..__nrf__lib__lte_link_control.a(edrx.c.obj)
 .text.lte_lc_edrx_values_store
                0x000000000000fe8c       0x44 modules/nrf/lib/lte_link_control/lib..__nrf__lib__lte_link_control.a(edrx.c.obj)
 .text.edrx_ptw_send_work_fn
                0x000000000000fed0       0x84 modules/nrf/lib/lte_link_control/lib..__nrf__lib__lte_link_control.a(edrx.c.obj)
 .text.at_handler_cedrxp
                0x000000000000ff54       0x74 modules/nrf/lib/lte_link_control/lib..__nrf__lib__lte_link_control.a(edrx.c.obj)
 .text.edrx_request
                0x000000000000ffc8       0xc4 modules/nrf/lib/lte_link_control/lib..__nrf__lib__lte_link_control.a(edrx.c.obj)
                0x000000000000ffc8                edrx_request
 .text.lte_lc_edrx_on_modem_cfun
                0x000000000001008c       0x20 modules/nrf/lib/lte_link_control/lib..__nrf__lib__lte_link_control.a(edrx.c.obj)
 .text.psm_evt_update_send
                0x00000000000100ac       0x48 modules/nrf/lib/lte_link_control/lib..__nrf__lib__lte_link_control.a(psm.c.obj)
                0x00000000000100ac                psm_evt_update_send
 .text.psm_param_set
                0x00000000000100f4       0x68 modules/nrf/lib/lte_link_control/lib..__nrf__lib__lte_link_control.a(psm.c.obj)
                0x00000000000100f4                psm_param_set
 .text.psm_req  0x000000000001015c       0x7c modules/nrf/lib/lte_link_control/lib..__nrf__lib__lte_link_control.a(psm.c.obj)
                0x000000000001015c                psm_req
 .text.psm_proprietary_req
                0x00000000000101d8       0x1c modules/nrf/lib/lte_link_control/lib..__nrf__lib__lte_link_control.a(psm.c.obj)
                0x00000000000101d8                psm_proprietary_req
 .text.psm_parse
                0x00000000000101f4       0xf8 modules/nrf/lib/lte_link_control/lib..__nrf__lib__lte_link_control.a(psm.c.obj)
                0x00000000000101f4                psm_parse
 .text.psm_get  0x00000000000102ec      0x108 modules/nrf/lib/lte_link_control/lib..__nrf__lib__lte_link_control.a(psm.c.obj)
                0x00000000000102ec                psm_get
 .text.psm_get_work_fn
                0x00000000000103f4       0x38 modules/nrf/lib/lte_link_control/lib..__nrf__lib__lte_link_control.a(psm.c.obj)
 .text.psm_work_get
                0x000000000001042c        0x8 modules/nrf/lib/lte_link_control/lib..__nrf__lib__lte_link_control.a(psm.c.obj)
                0x000000000001042c                psm_work_get
 .text.set_antenna_configuration.part.0
                0x0000000000010434       0x2c modules/nrf/lib/modem_antenna/lib..__nrf__lib__modem_antenna.a(modem_antenna.c.obj)
 .text.on_modem_lib_init
                0x0000000000010460       0x40 modules/nrf/lib/modem_antenna/lib..__nrf__lib__modem_antenna.a(modem_antenna.c.obj)
 .text.ns_fault_init
                0x00000000000104a0       0x30 modules/nrf/modules/trusted-firmware-m/lib..__nrf__modules__trusted-firmware-m.a(fault.c.obj)
 .text.arm_fault
                0x00000000000104d0      0x24c modules/nrf/modules/trusted-firmware-m/lib..__nrf__modules__trusted-firmware-m.a(fault.c.obj)
                0x00000000000104d0                arm_fault
 .text.tfm_ns_fault_handler_callback
                0x000000000001071c       0x48 modules/nrf/modules/trusted-firmware-m/lib..__nrf__modules__trusted-firmware-m.a(fault.c.obj)
                0x000000000001071c                tfm_ns_fault_handler_callback
 .text.tfm_ns_interface_dispatch
                0x0000000000010764       0x68 modules/trusted-firmware-m/libtfm_api.a(interface.c.obj)
                0x0000000000010764                tfm_ns_interface_dispatch
 .text.tfm_platform_ioctl
                0x00000000000107cc       0x4c modules/trusted-firmware-m/libtfm_api.a(tfm_platform_api.c.obj)
                0x00000000000107cc                tfm_platform_ioctl
 .text.psa_generate_random
                0x0000000000010818       0x48 modules/trusted-firmware-m/libtfm_api.a(tfm_crypto_api.c.obj)
                0x0000000000010818                psa_generate_random
 .text.psa_call
                0x0000000000010860       0x38 modules/trusted-firmware-m/libtfm_api.a(tfm_tz_psa_ns_api.c.obj)
                0x0000000000010860                psa_call
 .text.SystemInit
                0x0000000000010898       0x1c modules/hal_nordic/nrfx/libmodules__hal_nordic__nrfx.a(system_nrf91.c.obj)
                0x0000000000010898                SystemInit
 .text.nrfx_flag32_alloc
                0x00000000000108b4       0x40 modules/hal_nordic/nrfx/libmodules__hal_nordic__nrfx.a(nrfx_flag32_allocator.c.obj)
                0x00000000000108b4                nrfx_flag32_alloc
 .text.nrfx_flag32_free
                0x00000000000108f4       0x38 modules/hal_nordic/nrfx/libmodules__hal_nordic__nrfx.a(nrfx_flag32_allocator.c.obj)
                0x00000000000108f4                nrfx_flag32_free
 .text.nrfx_gppi_channels_enable
                0x000000000001092c        0xc modules/hal_nordic/nrfx/libmodules__hal_nordic__nrfx.a(nrfx_gppi_dppi.c.obj)
                0x000000000001092c                nrfx_gppi_channels_enable
 .text.nrfx_gppi_channel_alloc
                0x0000000000010938        0xc modules/hal_nordic/nrfx/libmodules__hal_nordic__nrfx.a(nrfx_gppi_dppi.c.obj)
                0x0000000000010938                nrfx_gppi_channel_alloc
 .text.clock_stop
                0x0000000000010944       0xb0 modules/hal_nordic/nrfx/libmodules__hal_nordic__nrfx.a(nrfx_clock.c.obj)
 .text.nrfx_clock_init
                0x00000000000109f4       0x20 modules/hal_nordic/nrfx/libmodules__hal_nordic__nrfx.a(nrfx_clock.c.obj)
                0x00000000000109f4                nrfx_clock_init
 .text.nrfx_clock_enable
                0x0000000000010a14       0x28 modules/hal_nordic/nrfx/libmodules__hal_nordic__nrfx.a(nrfx_clock.c.obj)
                0x0000000000010a14                nrfx_clock_enable
 .text.nrfx_clock_start
                0x0000000000010a3c       0xb8 modules/hal_nordic/nrfx/libmodules__hal_nordic__nrfx.a(nrfx_clock.c.obj)
                0x0000000000010a3c                nrfx_clock_start
 .text.nrfx_power_clock_irq_handler
                0x0000000000010af4       0x64 modules/hal_nordic/nrfx/libmodules__hal_nordic__nrfx.a(nrfx_clock.c.obj)
                0x0000000000010af4                nrfx_power_clock_irq_handler
 .text.nrfx_dppi_channel_alloc
                0x0000000000010b58       0x10 modules/hal_nordic/nrfx/libmodules__hal_nordic__nrfx.a(nrfx_dppi.c.obj)
                0x0000000000010b58                nrfx_dppi_channel_alloc
 .text.nrf_gpio_pin_port_decode
                0x0000000000010b68       0x18 modules/hal_nordic/nrfx/libmodules__hal_nordic__nrfx.a(nrfx_gpiote.c.obj)
 .text.release_handler
                0x0000000000010b80       0x6c modules/hal_nordic/nrfx/libmodules__hal_nordic__nrfx.a(nrfx_gpiote.c.obj)
 .text.pin_te_get.isra.0
                0x0000000000010bec       0x18 modules/hal_nordic/nrfx/libmodules__hal_nordic__nrfx.a(nrfx_gpiote.c.obj)
 .text.pin_is_input.isra.0
                0x0000000000010c04       0x20 modules/hal_nordic/nrfx/libmodules__hal_nordic__nrfx.a(nrfx_gpiote.c.obj)
 .text.pin_in_use_by_te.isra.0
                0x0000000000010c24       0x1c modules/hal_nordic/nrfx/libmodules__hal_nordic__nrfx.a(nrfx_gpiote.c.obj)
 .text.latch_pending_read_and_check
                0x0000000000010c40       0x1c modules/hal_nordic/nrfx/libmodules__hal_nordic__nrfx.a(nrfx_gpiote.c.obj)
 .text.__nrfy_internal_gpiote_events_process.constprop.0
                0x0000000000010c5c       0x5c modules/hal_nordic/nrfx/libmodules__hal_nordic__nrfx.a(nrfx_gpiote.c.obj)
 .text.irq_handler.constprop.0
                0x0000000000010cb8      0x15c modules/hal_nordic/nrfx/libmodules__hal_nordic__nrfx.a(nrfx_gpiote.c.obj)
 .text.pin_uninit
                0x0000000000010e14       0xa0 modules/hal_nordic/nrfx/libmodules__hal_nordic__nrfx.a(nrfx_gpiote.c.obj)
 .text.nrfx_gpiote_input_configure
                0x0000000000010eb4      0x1f8 modules/hal_nordic/nrfx/libmodules__hal_nordic__nrfx.a(nrfx_gpiote.c.obj)
                0x0000000000010eb4                nrfx_gpiote_input_configure
 .text.nrfx_gpiote_output_configure
                0x00000000000110ac      0x130 modules/hal_nordic/nrfx/libmodules__hal_nordic__nrfx.a(nrfx_gpiote.c.obj)
                0x00000000000110ac                nrfx_gpiote_output_configure
 .text.nrfx_gpiote_global_callback_set
                0x00000000000111dc       0x1c modules/hal_nordic/nrfx/libmodules__hal_nordic__nrfx.a(nrfx_gpiote.c.obj)
                0x00000000000111dc                nrfx_gpiote_global_callback_set
 .text.nrfx_gpiote_channel_get
                0x00000000000111f8       0x38 modules/hal_nordic/nrfx/libmodules__hal_nordic__nrfx.a(nrfx_gpiote.c.obj)
                0x00000000000111f8                nrfx_gpiote_channel_get
 .text.nrfx_gpiote_init
                0x0000000000011230       0x78 modules/hal_nordic/nrfx/libmodules__hal_nordic__nrfx.a(nrfx_gpiote.c.obj)
                0x0000000000011230                nrfx_gpiote_init
 .text.nrfx_gpiote_init_check
                0x00000000000112a8       0x1c modules/hal_nordic/nrfx/libmodules__hal_nordic__nrfx.a(nrfx_gpiote.c.obj)
                0x00000000000112a8                nrfx_gpiote_init_check
 .text.nrfx_gpiote_channel_free
                0x00000000000112c4       0x18 modules/hal_nordic/nrfx/libmodules__hal_nordic__nrfx.a(nrfx_gpiote.c.obj)
                0x00000000000112c4                nrfx_gpiote_channel_free
 .text.nrfx_gpiote_channel_alloc
                0x00000000000112dc       0x18 modules/hal_nordic/nrfx/libmodules__hal_nordic__nrfx.a(nrfx_gpiote.c.obj)
                0x00000000000112dc                nrfx_gpiote_channel_alloc
 .text.nrfx_gpiote_trigger_enable
                0x00000000000112f4       0xb0 modules/hal_nordic/nrfx/libmodules__hal_nordic__nrfx.a(nrfx_gpiote.c.obj)
                0x00000000000112f4                nrfx_gpiote_trigger_enable
 .text.nrfx_gpiote_1_irq_handler
                0x00000000000113a4        0xc modules/hal_nordic/nrfx/libmodules__hal_nordic__nrfx.a(nrfx_gpiote.c.obj)
                0x00000000000113a4                nrfx_gpiote_1_irq_handler
 .text.nrfx_ipc_init
                0x00000000000113b0       0x30 modules/hal_nordic/nrfx/libmodules__hal_nordic__nrfx.a(nrfx_ipc.c.obj)
                0x00000000000113b0                nrfx_ipc_init
 .text.nrfx_ipc_config_load
                0x00000000000113e0       0x40 modules/hal_nordic/nrfx/libmodules__hal_nordic__nrfx.a(nrfx_ipc.c.obj)
                0x00000000000113e0                nrfx_ipc_config_load
 .text.nrfx_ipc_uninit
                0x0000000000011420       0x64 modules/hal_nordic/nrfx/libmodules__hal_nordic__nrfx.a(nrfx_ipc.c.obj)
                0x0000000000011420                nrfx_ipc_uninit
 .text.nrfx_ipc_receive_event_enable
                0x0000000000011484       0x10 modules/hal_nordic/nrfx/libmodules__hal_nordic__nrfx.a(nrfx_ipc.c.obj)
                0x0000000000011484                nrfx_ipc_receive_event_enable
 .text.nrfx_ipc_receive_event_disable
                0x0000000000011494       0x10 modules/hal_nordic/nrfx/libmodules__hal_nordic__nrfx.a(nrfx_ipc.c.obj)
                0x0000000000011494                nrfx_ipc_receive_event_disable
 .text.nrfx_ipc_irq_handler
                0x00000000000114a4       0x40 modules/hal_nordic/nrfx/libmodules__hal_nordic__nrfx.a(nrfx_ipc.c.obj)
                0x00000000000114a4                nrfx_ipc_irq_handler
 .text.modem_off
                0x00000000000114e4       0x28 /home/kim/ncs/v2.9.1/nrfxlib/nrf_modem/lib/cellular/nrf9160/hard-float/libmodem.a(nrf_modem.c.obj)
 .text.nrf_modem_platform_init
                0x000000000001150c       0x3c /home/kim/ncs/v2.9.1/nrfxlib/nrf_modem/lib/cellular/nrf9160/hard-float/libmodem.a(nrf_modem.c.obj)
 .text.atomic_set.constprop.0.isra.0
                0x0000000000011548       0x14 /home/kim/ncs/v2.9.1/nrfxlib/nrf_modem/lib/cellular/nrf9160/hard-float/libmodem.a(nrf_modem.c.obj)
 .text.nrf_modem_init
                0x000000000001155c       0xcc /home/kim/ncs/v2.9.1/nrfxlib/nrf_modem/lib/cellular/nrf9160/hard-float/libmodem.a(nrf_modem.c.obj)
                0x000000000001155c                nrf_modem_init
 .text.nrf_modem_fault_handler_set
                0x0000000000011628        0xc /home/kim/ncs/v2.9.1/nrfxlib/nrf_modem/lib/cellular/nrf9160/hard-float/libmodem.a(nrf_modem_fault.c.obj)
                0x0000000000011628                nrf_modem_fault_handler_set
 .text.nrf_modem_fault_handler_internal
                0x0000000000011634       0x18 /home/kim/ncs/v2.9.1/nrfxlib/nrf_modem/lib/cellular/nrf9160/hard-float/libmodem.a(nrf_modem_fault.c.obj)
                0x0000000000011634                nrf_modem_fault_handler_internal
 .text.nrf_modem_state_set
                0x000000000001164c        0xc /home/kim/ncs/v2.9.1/nrfxlib/nrf_modem/lib/cellular/nrf9160/hard-float/libmodem.a(nrf_modem_state.c.obj)
                0x000000000001164c                nrf_modem_state_set
 .text.nrf_modem_state_is_initialized
                0x0000000000011658       0x10 /home/kim/ncs/v2.9.1/nrfxlib/nrf_modem/lib/cellular/nrf9160/hard-float/libmodem.a(nrf_modem_state.c.obj)
                0x0000000000011658                nrf_modem_state_is_initialized
 .text.rpc_handle_data_message
                0x0000000000011668       0x38 /home/kim/ncs/v2.9.1/nrfxlib/nrf_modem/lib/cellular/nrf9160/hard-float/libmodem.a(rpc_framework.c.obj)
                0x0000000000011668                rpc_handle_data_message
 .text.rpc_transport_init
                0x00000000000116a0        0xc /home/kim/ncs/v2.9.1/nrfxlib/nrf_modem/lib/cellular/nrf9160/hard-float/libmodem.a(rpc_transport.c.obj)
                0x00000000000116a0                rpc_transport_init
 .text.rpc_transport_msg_alloc
                0x00000000000116ac        0xc /home/kim/ncs/v2.9.1/nrfxlib/nrf_modem/lib/cellular/nrf9160/hard-float/libmodem.a(rpc_transport.c.obj)
                0x00000000000116ac                rpc_transport_msg_alloc
 .text.rpc_transport_msg_data_tx_size
                0x00000000000116b8        0xc /home/kim/ncs/v2.9.1/nrfxlib/nrf_modem/lib/cellular/nrf9160/hard-float/libmodem.a(rpc_transport.c.obj)
                0x00000000000116b8                rpc_transport_msg_data_tx_size
 .text.rpc_transport_msg_data_rx_free
                0x00000000000116c4        0xc /home/kim/ncs/v2.9.1/nrfxlib/nrf_modem/lib/cellular/nrf9160/hard-float/libmodem.a(rpc_transport.c.obj)
                0x00000000000116c4                rpc_transport_msg_data_rx_free
 .text.rpc_transport_msg_send
                0x00000000000116d0        0xc /home/kim/ncs/v2.9.1/nrfxlib/nrf_modem/lib/cellular/nrf9160/hard-float/libmodem.a(rpc_transport.c.obj)
                0x00000000000116d0                rpc_transport_msg_send
 .text.rpc_transport_data_rx_suspend
                0x00000000000116dc        0xc /home/kim/ncs/v2.9.1/nrfxlib/nrf_modem/lib/cellular/nrf9160/hard-float/libmodem.a(rpc_transport.c.obj)
                0x00000000000116dc                rpc_transport_data_rx_suspend
 .text.rpc_transport_data_rx_resume
                0x00000000000116e8        0xc /home/kim/ncs/v2.9.1/nrfxlib/nrf_modem/lib/cellular/nrf9160/hard-float/libmodem.a(rpc_transport.c.obj)
                0x00000000000116e8                rpc_transport_data_rx_resume
 .text.rpc_transport_ipc_msg_data_tx_size
                0x00000000000116f4        0xc /home/kim/ncs/v2.9.1/nrfxlib/nrf_modem/lib/cellular/nrf9160/hard-float/libmodem.a(rpc_transport_ipc.c.obj)
 .text.rpc_transport_ipc_msg_tx_free
                0x0000000000011700       0x38 /home/kim/ncs/v2.9.1/nrfxlib/nrf_modem/lib/cellular/nrf9160/hard-float/libmodem.a(rpc_transport_ipc.c.obj)
 .text.handle_modem_rpc_msg
                0x0000000000011738       0x68 /home/kim/ncs/v2.9.1/nrfxlib/nrf_modem/lib/cellular/nrf9160/hard-float/libmodem.a(rpc_transport_ipc.c.obj)
 .text.rpc_message_handler
                0x00000000000117a0       0x24 /home/kim/ncs/v2.9.1/nrfxlib/nrf_modem/lib/cellular/nrf9160/hard-float/libmodem.a(rpc_transport_ipc.c.obj)
 .text.ipc_irq_handler
                0x00000000000117c4       0xec /home/kim/ncs/v2.9.1/nrfxlib/nrf_modem/lib/cellular/nrf9160/hard-float/libmodem.a(rpc_transport_ipc.c.obj)
                0x00000000000117c4                ipc_irq_handler
 .text.rpc_transport_ipc_ctrl_msg_alloc
                0x00000000000118b0       0x44 /home/kim/ncs/v2.9.1/nrfxlib/nrf_modem/lib/cellular/nrf9160/hard-float/libmodem.a(rpc_transport_ipc.c.obj)
 .text.rpc_transport_ipc_data_msg_alloc
                0x00000000000118f4       0x24 /home/kim/ncs/v2.9.1/nrfxlib/nrf_modem/lib/cellular/nrf9160/hard-float/libmodem.a(rpc_transport_ipc.c.obj)
 .text.rpc_transport_ipc_data_msg_send
                0x0000000000011918       0x6c /home/kim/ncs/v2.9.1/nrfxlib/nrf_modem/lib/cellular/nrf9160/hard-float/libmodem.a(rpc_transport_ipc.c.obj)
 .text.rpc_transport_ipc_init
                0x0000000000011984      0x1d4 /home/kim/ncs/v2.9.1/nrfxlib/nrf_modem/lib/cellular/nrf9160/hard-float/libmodem.a(rpc_transport_ipc.c.obj)
 .text.rpc_transport_ipc_ctrl_msg_send
                0x0000000000011b58       0x6c /home/kim/ncs/v2.9.1/nrfxlib/nrf_modem/lib/cellular/nrf9160/hard-float/libmodem.a(rpc_transport_ipc.c.obj)
 .text.rpc_transport_ipc_request_shutdown
                0x0000000000011bc4       0x38 /home/kim/ncs/v2.9.1/nrfxlib/nrf_modem/lib/cellular/nrf9160/hard-float/libmodem.a(rpc_transport_ipc.c.obj)
 .text.rpc_transport_ipc_msg_data_rx_free
                0x0000000000011bfc       0x30 /home/kim/ncs/v2.9.1/nrfxlib/nrf_modem/lib/cellular/nrf9160/hard-float/libmodem.a(rpc_transport_ipc.c.obj)
 .text.cfun_post_modem
                0x0000000000011c2c       0x14 /home/kim/ncs/v2.9.1/nrfxlib/nrf_modem/lib/cellular/nrf9160/hard-float/libmodem.a(nrf_modem_at.c.obj)
 .text.at_cmd_vsprintf
                0x0000000000011c40       0x50 /home/kim/ncs/v2.9.1/nrfxlib/nrf_modem/lib/cellular/nrf9160/hard-float/libmodem.a(nrf_modem_at.c.obj)
 .text.cfun_pre_modem
                0x0000000000011c90       0x44 /home/kim/ncs/v2.9.1/nrfxlib/nrf_modem/lib/cellular/nrf9160/hard-float/libmodem.a(nrf_modem_at.c.obj)
 .text.at_cmd_send
                0x0000000000011cd4       0x68 /home/kim/ncs/v2.9.1/nrfxlib/nrf_modem/lib/cellular/nrf9160/hard-float/libmodem.a(nrf_modem_at.c.obj)
 .text.at_response_match
                0x0000000000011d3c       0x48 /home/kim/ncs/v2.9.1/nrfxlib/nrf_modem/lib/cellular/nrf9160/hard-float/libmodem.a(nrf_modem_at.c.obj)
 .text.nrf_modem_at_notif_handler_set
                0x0000000000011d84        0xc /home/kim/ncs/v2.9.1/nrfxlib/nrf_modem/lib/cellular/nrf9160/hard-float/libmodem.a(nrf_modem_at.c.obj)
                0x0000000000011d84                nrf_modem_at_notif_handler_set
 .text.nrf_modem_at_cfun_handler_set
                0x0000000000011d90        0xc /home/kim/ncs/v2.9.1/nrfxlib/nrf_modem/lib/cellular/nrf9160/hard-float/libmodem.a(nrf_modem_at.c.obj)
                0x0000000000011d90                nrf_modem_at_cfun_handler_set
 .text.nrf_modem_at_printf
                0x0000000000011d9c       0xc8 /home/kim/ncs/v2.9.1/nrfxlib/nrf_modem/lib/cellular/nrf9160/hard-float/libmodem.a(nrf_modem_at.c.obj)
                0x0000000000011d9c                nrf_modem_at_printf
 .text.nrf_modem_at_cmd
                0x0000000000011e64      0x18c /home/kim/ncs/v2.9.1/nrfxlib/nrf_modem/lib/cellular/nrf9160/hard-float/libmodem.a(nrf_modem_at.c.obj)
                0x0000000000011e64                nrf_modem_at_cmd
 .text.nrf_modem_at_scanf
                0x0000000000011ff0       0xf4 /home/kim/ncs/v2.9.1/nrfxlib/nrf_modem/lib/cellular/nrf9160/hard-float/libmodem.a(nrf_modem_at.c.obj)
                0x0000000000011ff0                nrf_modem_at_scanf
 .text.rpc_at_event_handler
                0x00000000000120e4       0x88 /home/kim/ncs/v2.9.1/nrfxlib/nrf_modem/lib/cellular/nrf9160/hard-float/libmodem.a(nrf_modem_at.c.obj)
                0x00000000000120e4                rpc_at_event_handler
 .text.rpc_at_init
                0x000000000001216c       0x40 /home/kim/ncs/v2.9.1/nrfxlib/nrf_modem/lib/cellular/nrf9160/hard-float/libmodem.a(nrf_modem_at.c.obj)
                0x000000000001216c                rpc_at_init
 .text.sock_unref.isra.0
                0x00000000000121ac       0x40 /home/kim/ncs/v2.9.1/nrfxlib/nrf_modem/lib/cellular/nrf9160/hard-float/libmodem.a(sock.c.obj)
 .text.sock_init
                0x00000000000121ec       0x3c /home/kim/ncs/v2.9.1/nrfxlib/nrf_modem/lib/cellular/nrf9160/hard-float/libmodem.a(sock.c.obj)
                0x00000000000121ec                sock_init
 .text.sock_open
                0x0000000000012228       0x68 /home/kim/ncs/v2.9.1/nrfxlib/nrf_modem/lib/cellular/nrf9160/hard-float/libmodem.a(sock.c.obj)
                0x0000000000012228                sock_open
 .text.sock_find
                0x0000000000012290       0x24 /home/kim/ncs/v2.9.1/nrfxlib/nrf_modem/lib/cellular/nrf9160/hard-float/libmodem.a(sock.c.obj)
                0x0000000000012290                sock_find
 .text._sock_close
                0x00000000000122b4       0x30 /home/kim/ncs/v2.9.1/nrfxlib/nrf_modem/lib/cellular/nrf9160/hard-float/libmodem.a(sock.c.obj)
                0x00000000000122b4                _sock_close
 .text.sock_shutdown
                0x00000000000122e4       0x28 /home/kim/ncs/v2.9.1/nrfxlib/nrf_modem/lib/cellular/nrf9160/hard-float/libmodem.a(sock.c.obj)
                0x00000000000122e4                sock_shutdown
 .text.sock_rpc_flow_control_set
                0x000000000001230c       0x50 /home/kim/ncs/v2.9.1/nrfxlib/nrf_modem/lib/cellular/nrf9160/hard-float/libmodem.a(sock.c.obj)
                0x000000000001230c                sock_rpc_flow_control_set
 .text.sock_proto_is_valid
                0x000000000001235c       0x30 /home/kim/ncs/v2.9.1/nrfxlib/nrf_modem/lib/cellular/nrf9160/hard-float/libmodem.a(sock.c.obj)
                0x000000000001235c                sock_proto_is_valid
 .text.on_getaddrinfo_res
                0x000000000001238c       0x28 /home/kim/ncs/v2.9.1/nrfxlib/nrf_modem/lib/cellular/nrf9160/hard-float/libmodem.a(dns.c.obj)
                0x000000000001238c                on_getaddrinfo_res
 .text.addrinfo_init
                0x00000000000123b4       0x1c /home/kim/ncs/v2.9.1/nrfxlib/nrf_modem/lib/cellular/nrf9160/hard-float/libmodem.a(dns.c.obj)
                0x00000000000123b4                addrinfo_init
 .text.nrf_getaddrinfo
                0x00000000000123d0      0x29c /home/kim/ncs/v2.9.1/nrfxlib/nrf_modem/lib/cellular/nrf9160/hard-float/libmodem.a(dns.c.obj)
                0x00000000000123d0                nrf_getaddrinfo
 .text.rpc_ip_event_handler
                0x000000000001266c      0x2d8 /home/kim/ncs/v2.9.1/nrfxlib/nrf_modem/lib/cellular/nrf9160/hard-float/libmodem.a(ip.c.obj)
                0x000000000001266c                rpc_ip_event_handler
 .text.nrf_close
                0x0000000000012944       0x68 /home/kim/ncs/v2.9.1/nrfxlib/nrf_modem/lib/cellular/nrf9160/hard-float/libmodem.a(ip.c.obj)
                0x0000000000012944                nrf_close
 .text.nrf_setsockopt
                0x00000000000129ac      0x1b4 /home/kim/ncs/v2.9.1/nrfxlib/nrf_modem/lib/cellular/nrf9160/hard-float/libmodem.a(ip.c.obj)
                0x00000000000129ac                nrf_setsockopt
 .text.nrf_getsockopt
                0x0000000000012b60      0x1b8 /home/kim/ncs/v2.9.1/nrfxlib/nrf_modem/lib/cellular/nrf9160/hard-float/libmodem.a(ip.c.obj)
                0x0000000000012b60                nrf_getsockopt
 .text.rpc_ip_init
                0x0000000000012d18       0x24 /home/kim/ncs/v2.9.1/nrfxlib/nrf_modem/lib/cellular/nrf9160/hard-float/libmodem.a(ip.c.obj)
                0x0000000000012d18                rpc_ip_init
 .text.on_tls_attach_res
                0x0000000000012d3c       0x30 /home/kim/ncs/v2.9.1/nrfxlib/nrf_modem/lib/cellular/nrf9160/hard-float/libmodem.a(tls.c.obj)
                0x0000000000012d3c                on_tls_attach_res
 .text.on_tls_handshake_ntf
                0x0000000000012d6c       0x3c /home/kim/ncs/v2.9.1/nrfxlib/nrf_modem/lib/cellular/nrf9160/hard-float/libmodem.a(tls.c.obj)
                0x0000000000012d6c                on_tls_handshake_ntf
 .text.tls_attach
                0x0000000000012da8      0x108 /home/kim/ncs/v2.9.1/nrfxlib/nrf_modem/lib/cellular/nrf9160/hard-float/libmodem.a(tls.c.obj)
                0x0000000000012da8                tls_attach
 .text.nrf_af_to_rpc_af
                0x0000000000012eb0       0x10 /home/kim/ncs/v2.9.1/nrfxlib/nrf_modem/lib/cellular/nrf9160/hard-float/libmodem.a(tables.c.obj)
                0x0000000000012eb0                nrf_af_to_rpc_af
 .text.nrf_so_to_rpc_so
                0x0000000000012ec0       0x18 /home/kim/ncs/v2.9.1/nrfxlib/nrf_modem/lib/cellular/nrf9160/hard-float/libmodem.a(tables.c.obj)
                0x0000000000012ec0                nrf_so_to_rpc_so
 .text.rpc_error_to_nrf_errno
                0x0000000000012ed8       0x18 /home/kim/ncs/v2.9.1/nrfxlib/nrf_modem/lib/cellular/nrf9160/hard-float/libmodem.a(tables.c.obj)
                0x0000000000012ed8                rpc_error_to_nrf_errno
 .text.nrf_rai_to_rpc_rai
                0x0000000000012ef0       0x18 /home/kim/ncs/v2.9.1/nrfxlib/nrf_modem/lib/cellular/nrf9160/hard-float/libmodem.a(tables.c.obj)
                0x0000000000012ef0                nrf_rai_to_rpc_rai
 .text._req_forward
                0x0000000000012f08       0x40 /home/kim/ncs/v2.9.1/nrfxlib/nrf_modem/lib/cellular/nrf9160/hard-float/libmodem.a(reqres.c.obj)
                0x0000000000012f08                _req_forward
 .text.expiry_sec_to_min
                0x0000000000012f48       0x24 /home/kim/ncs/v2.9.1/nrfxlib/nrf_modem/lib/cellular/nrf9160/hard-float/libmodem.a(nrf_modem_gnss.c.obj)
 .text.send_message
                0x0000000000012f6c      0x1a0 /home/kim/ncs/v2.9.1/nrfxlib/nrf_modem/lib/cellular/nrf9160/hard-float/libmodem.a(nrf_modem_gnss.c.obj)
 .text.nrf_modem_gnss_read
                0x000000000001310c      0x240 /home/kim/ncs/v2.9.1/nrfxlib/nrf_modem/lib/cellular/nrf9160/hard-float/libmodem.a(nrf_modem_gnss.c.obj)
                0x000000000001310c                nrf_modem_gnss_read
 .text.nrf_modem_gnss_start
                0x000000000001334c       0xe0 /home/kim/ncs/v2.9.1/nrfxlib/nrf_modem/lib/cellular/nrf9160/hard-float/libmodem.a(nrf_modem_gnss.c.obj)
                0x000000000001334c                nrf_modem_gnss_start
 .text.nrf_modem_gnss_elevation_threshold_set
                0x000000000001342c       0x58 /home/kim/ncs/v2.9.1/nrfxlib/nrf_modem/lib/cellular/nrf9160/hard-float/libmodem.a(nrf_modem_gnss.c.obj)
                0x000000000001342c                nrf_modem_gnss_elevation_threshold_set
 .text.nrf_modem_gnss_use_case_set
                0x0000000000013484       0x58 /home/kim/ncs/v2.9.1/nrfxlib/nrf_modem/lib/cellular/nrf9160/hard-float/libmodem.a(nrf_modem_gnss.c.obj)
                0x0000000000013484                nrf_modem_gnss_use_case_set
 .text.nrf_modem_gnss_fix_interval_set
                0x00000000000134dc       0x5c /home/kim/ncs/v2.9.1/nrfxlib/nrf_modem/lib/cellular/nrf9160/hard-float/libmodem.a(nrf_modem_gnss.c.obj)
                0x00000000000134dc                nrf_modem_gnss_fix_interval_set
 .text.nrf_modem_gnss_fix_retry_set
                0x0000000000013538       0x5c /home/kim/ncs/v2.9.1/nrfxlib/nrf_modem/lib/cellular/nrf9160/hard-float/libmodem.a(nrf_modem_gnss.c.obj)
                0x0000000000013538                nrf_modem_gnss_fix_retry_set
 .text.nrf_modem_gnss_event_handler_set
                0x0000000000013594        0xc /home/kim/ncs/v2.9.1/nrfxlib/nrf_modem/lib/cellular/nrf9160/hard-float/libmodem.a(nrf_modem_gnss.c.obj)
                0x0000000000013594                nrf_modem_gnss_event_handler_set
 .text.rpc_gnss_event_handler
                0x00000000000135a0      0x138 /home/kim/ncs/v2.9.1/nrfxlib/nrf_modem/lib/cellular/nrf9160/hard-float/libmodem.a(nrf_modem_gnss.c.obj)
                0x00000000000135a0                rpc_gnss_event_handler
 .text.rpc_gnss_init
                0x00000000000136d8       0x44 /home/kim/ncs/v2.9.1/nrfxlib/nrf_modem/lib/cellular/nrf9160/hard-float/libmodem.a(nrf_modem_gnss.c.obj)
                0x00000000000136d8                rpc_gnss_init
 .text.rpc_gnss_deinit
                0x000000000001371c       0x3c /home/kim/ncs/v2.9.1/nrfxlib/nrf_modem/lib/cellular/nrf9160/hard-float/libmodem.a(nrf_modem_gnss.c.obj)
                0x000000000001371c                rpc_gnss_deinit
 .text.rpc_softsim_event_handler
                0x0000000000013758       0x24 /home/kim/ncs/v2.9.1/nrfxlib/nrf_modem/lib/cellular/nrf9160/hard-float/libmodem.a(nrf_modem_softsim.c.obj)
                0x0000000000013758                rpc_softsim_event_handler
 .text.ipc_trace_init
                0x000000000001377c       0x40 /home/kim/ncs/v2.9.1/nrfxlib/nrf_modem/lib/cellular/nrf9160/hard-float/libmodem.a(ipc_trace.c.obj)
                0x000000000001377c                ipc_trace_init
 .text.ipc_trace_uninit
                0x00000000000137bc       0x10 /home/kim/ncs/v2.9.1/nrfxlib/nrf_modem/lib/cellular/nrf9160/hard-float/libmodem.a(ipc_trace.c.obj)
                0x00000000000137bc                ipc_trace_uninit
 .text.ipc_trace_handler
                0x00000000000137cc       0xb4 /home/kim/ncs/v2.9.1/nrfxlib/nrf_modem/lib/cellular/nrf9160/hard-float/libmodem.a(ipc_trace.c.obj)
                0x00000000000137cc                ipc_trace_handler
 .text.z_impl_z_errno
                0x0000000000013880        0xc zephyr/kernel/libkernel.a(errno.c.obj)
                0x0000000000013880                z_impl_z_errno
 .text.k_sys_fatal_error_handler
                0x000000000001388c       0x20 zephyr/kernel/libkernel.a(fatal.c.obj)
                0x000000000001388c                k_sys_fatal_error_handler
 .text.z_fatal_error
                0x00000000000138ac       0xe8 zephyr/kernel/libkernel.a(fatal.c.obj)
                0x00000000000138ac                z_fatal_error
 .text.z_sys_init_run_level
                0x0000000000013994       0x2c zephyr/kernel/libkernel.a(init.c.obj)
 .text.bg_thread_main
                0x00000000000139c0       0xc4 zephyr/kernel/libkernel.a(init.c.obj)
 .text.z_bss_zero
                0x0000000000013a84       0x18 zephyr/kernel/libkernel.a(init.c.obj)
                0x0000000000013a84                z_bss_zero
 .text.z_init_cpu
                0x0000000000013a9c       0x68 zephyr/kernel/libkernel.a(init.c.obj)
                0x0000000000013a9c                z_init_cpu
 .text.z_cstart
                0x0000000000013b04       0xe4 zephyr/kernel/libkernel.a(init.c.obj)
                0x0000000000013b04                z_cstart
 .text.statics_init
                0x0000000000013be8       0x24 zephyr/kernel/libkernel.a(kheap.c.obj)
 .text.init_mem_slab_obj_core_list
                0x0000000000013c0c       0x24 zephyr/kernel/libkernel.a(mem_slab.c.obj)
 .text.z_impl_k_mutex_lock
                0x0000000000013c30       0xf0 zephyr/kernel/libkernel.a(mutex.c.obj)
                0x0000000000013c30                z_impl_k_mutex_lock
 .text.z_impl_k_mutex_unlock
                0x0000000000013d20       0x78 zephyr/kernel/libkernel.a(mutex.c.obj)
                0x0000000000013d20                z_impl_k_mutex_unlock
 .text.z_impl_k_queue_get
                0x0000000000013d98       0x64 zephyr/kernel/libkernel.a(queue.c.obj)
                0x0000000000013d98                z_impl_k_queue_get
 .text.z_impl_k_sem_give
                0x0000000000013dfc       0x4c zephyr/kernel/libkernel.a(sem.c.obj)
                0x0000000000013dfc                z_impl_k_sem_give
 .text.z_impl_k_sem_take
                0x0000000000013e48       0x4c zephyr/kernel/libkernel.a(sem.c.obj)
                0x0000000000013e48                z_impl_k_sem_take
 .text.z_impl_k_sem_reset
                0x0000000000013e94       0x44 zephyr/kernel/libkernel.a(sem.c.obj)
                0x0000000000013e94                z_impl_k_sem_reset
 .text.k_sys_work_q_init
                0x0000000000013ed8       0x34 zephyr/kernel/libkernel.a(system_work_q.c.obj)
 .text.work_queue_main
                0x0000000000013f0c      0x138 zephyr/kernel/libkernel.a(work.c.obj)
 .text.submit_to_queue_locked
                0x0000000000014044       0xb4 zephyr/kernel/libkernel.a(work.c.obj)
 .text.k_work_submit
                0x00000000000140f8        0xc zephyr/kernel/libkernel.a(work.c.obj)
                0x00000000000140f8                k_work_submit
 .text.k_work_queue_start
                0x0000000000014104       0x7c zephyr/kernel/libkernel.a(work.c.obj)
                0x0000000000014104                k_work_queue_start
 .text.z_setup_new_thread
                0x0000000000014180       0x60 zephyr/kernel/libkernel.a(thread.c.obj)
                0x0000000000014180                z_setup_new_thread
 .text.z_impl_k_thread_create
                0x00000000000141e0       0x58 zephyr/kernel/libkernel.a(thread.c.obj)
                0x00000000000141e0                z_impl_k_thread_create
 .text.update_cache
                0x0000000000014238       0x3c zephyr/kernel/libkernel.a(sched.c.obj)
 .text.unready_thread
                0x0000000000014274       0x30 zephyr/kernel/libkernel.a(sched.c.obj)
 .text.ready_thread
                0x00000000000142a4       0x68 zephyr/kernel/libkernel.a(sched.c.obj)
 .text.z_thread_halt
                0x000000000001430c       0xf4 zephyr/kernel/libkernel.a(sched.c.obj)
 .text.move_thread_to_end_of_prio_q
                0x0000000000014400       0x74 zephyr/kernel/libkernel.a(sched.c.obj)
                0x0000000000014400                move_thread_to_end_of_prio_q
 .text.z_pend_curr
                0x0000000000014474       0x58 zephyr/kernel/libkernel.a(sched.c.obj)
                0x0000000000014474                z_pend_curr
 .text.z_thread_prio_set
                0x00000000000144cc       0x88 zephyr/kernel/libkernel.a(sched.c.obj)
                0x00000000000144cc                z_thread_prio_set
 .text.z_reschedule
                0x0000000000014554       0x24 zephyr/kernel/libkernel.a(sched.c.obj)
                0x0000000000014554                z_reschedule
 .text.z_sched_start
                0x0000000000014578       0x3c zephyr/kernel/libkernel.a(sched.c.obj)
                0x0000000000014578                z_sched_start
 .text.z_reschedule_irqlock
                0x00000000000145b4       0x28 zephyr/kernel/libkernel.a(sched.c.obj)
                0x00000000000145b4                z_reschedule_irqlock
 .text.k_sched_lock
                0x00000000000145dc       0x28 zephyr/kernel/libkernel.a(sched.c.obj)
                0x00000000000145dc                k_sched_lock
 .text.k_sched_unlock
                0x0000000000014604       0x40 zephyr/kernel/libkernel.a(sched.c.obj)
                0x0000000000014604                k_sched_unlock
 .text.z_sched_init
                0x0000000000014644       0x10 zephyr/kernel/libkernel.a(sched.c.obj)
                0x0000000000014644                z_sched_init
 .text.z_impl_k_yield
                0x0000000000014654       0x7c zephyr/kernel/libkernel.a(sched.c.obj)
                0x0000000000014654                z_impl_k_yield
 .text.z_tick_sleep
                0x00000000000146d0       0x88 zephyr/kernel/libkernel.a(sched.c.obj)
 .text.z_impl_k_sleep
                0x0000000000014758       0x3c zephyr/kernel/libkernel.a(sched.c.obj)
                0x0000000000014758                z_impl_k_sleep
 .text.z_impl_k_sched_current_thread_query
                0x0000000000014794        0xc zephyr/kernel/libkernel.a(sched.c.obj)
                0x0000000000014794                z_impl_k_sched_current_thread_query
 .text.z_sched_wait
                0x00000000000147a0       0x24 zephyr/kernel/libkernel.a(sched.c.obj)
                0x00000000000147a0                z_sched_wait
 .text.slice_timeout
                0x00000000000147c4       0x20 zephyr/kernel/libkernel.a(timeslicing.c.obj)
 .text.thread_is_sliceable
                0x00000000000147e4       0x3c zephyr/kernel/libkernel.a(timeslicing.c.obj)
                0x00000000000147e4                thread_is_sliceable
 .text.z_reset_time_slice
                0x0000000000014820       0x50 zephyr/kernel/libkernel.a(timeslicing.c.obj)
                0x0000000000014820                z_reset_time_slice
 .text.z_time_slice
                0x0000000000014870       0x60 zephyr/kernel/libkernel.a(timeslicing.c.obj)
                0x0000000000014870                z_time_slice
 .text.z_data_copy
                0x00000000000148d0       0x34 zephyr/kernel/libkernel.a(xip.c.obj)
                0x00000000000148d0                z_data_copy
 .text.elapsed  0x0000000000014904       0x14 zephyr/kernel/libkernel.a(timeout.c.obj)
 .text.remove_timeout
                0x0000000000014918       0x38 zephyr/kernel/libkernel.a(timeout.c.obj)
 .text.next_timeout
                0x0000000000014950       0x40 zephyr/kernel/libkernel.a(timeout.c.obj)
 .text.z_add_timeout
                0x0000000000014990       0xf4 zephyr/kernel/libkernel.a(timeout.c.obj)
                0x0000000000014990                z_add_timeout
 .text.sys_clock_announce
                0x0000000000014a84       0xd0 zephyr/kernel/libkernel.a(timeout.c.obj)
                0x0000000000014a84                sys_clock_announce
 .text.sys_clock_tick_get
                0x0000000000014b54       0x30 zephyr/kernel/libkernel.a(timeout.c.obj)
                0x0000000000014b54                sys_clock_tick_get
 .text.z_timer_expiration_handler
                0x0000000000014b84       0xe0 zephyr/kernel/libkernel.a(timer.c.obj)
                0x0000000000014b84                z_timer_expiration_handler
 .text.z_impl_k_timer_start
                0x0000000000014c64       0x74 zephyr/kernel/libkernel.a(timer.c.obj)
                0x0000000000014c64                z_impl_k_timer_start
 .text.z_impl_k_poll_signal_raise
                0x0000000000014cd8       0x50 zephyr/kernel/libkernel.a(poll.c.obj)
                0x0000000000014cd8                z_impl_k_poll_signal_raise
 .text.k_aligned_alloc
                0x0000000000014d28       0x10 zephyr/kernel/libkernel.a(mempool.c.obj)
                0x0000000000014d28                k_aligned_alloc
 .text.k_thread_system_pool_assign
                0x0000000000014d38        0xc zephyr/kernel/libkernel.a(mempool.c.obj)
                0x0000000000014d38                k_thread_system_pool_assign
 .text.z_thread_aligned_alloc
                0x0000000000014d44       0x30 zephyr/kernel/libkernel.a(mempool.c.obj)
                0x0000000000014d44                z_thread_aligned_alloc
 .text.fprintf  0x0000000000014d74       0x24 /home/kim/ncs/toolchains/b77d8c1312/opt/zephyr-sdk/arm-zephyr-eabi/arm-zephyr-eabi/lib/thumb/v8-m.main+fp/hard/libc_nano.a(lib_a-fprintf.o)
                0x0000000000014d74                fprintf
                0x0000000000014d74                fiprintf
 .text.malloc   0x0000000000014d98       0x10 /home/kim/ncs/toolchains/b77d8c1312/opt/zephyr-sdk/arm-zephyr-eabi/arm-zephyr-eabi/lib/thumb/v8-m.main+fp/hard/libc_nano.a(lib_a-malloc.o)
                0x0000000000014d98                malloc
 .text._free_r  0x0000000000014da8       0x94 /home/kim/ncs/toolchains/b77d8c1312/opt/zephyr-sdk/arm-zephyr-eabi/arm-zephyr-eabi/lib/thumb/v8-m.main+fp/hard/libc_nano.a(lib_a-nano-freer.o)
                0x0000000000014da8                _free_r
 .text._malloc_r
                0x0000000000014e3c       0xb4 /home/kim/ncs/toolchains/b77d8c1312/opt/zephyr-sdk/arm-zephyr-eabi/arm-zephyr-eabi/lib/thumb/v8-m.main+fp/hard/libc_nano.a(lib_a-nano-mallocr.o)
                0x0000000000014e3c                _malloc_r
 .text._vfprintf_r
                0x0000000000014ef0      0x258 /home/kim/ncs/toolchains/b77d8c1312/opt/zephyr-sdk/arm-zephyr-eabi/arm-zephyr-eabi/lib/thumb/v8-m.main+fp/hard/libc_nano.a(lib_a-nano-vfprintf.o)
                0x0000000000014ef0                _vfiprintf_r
                0x0000000000014ef0                _vfprintf_r
 .text._printf_float
                0x0000000000015148      0x468 /home/kim/ncs/toolchains/b77d8c1312/opt/zephyr-sdk/arm-zephyr-eabi/arm-zephyr-eabi/lib/thumb/v8-m.main+fp/hard/libc_nano.a(lib_a-nano-vfprintf_float.o)
                0x0000000000015148                _printf_float
 .text._printf_i
                0x00000000000155b0      0x25c /home/kim/ncs/toolchains/b77d8c1312/opt/zephyr-sdk/arm-zephyr-eabi/arm-zephyr-eabi/lib/thumb/v8-m.main+fp/hard/libc_nano.a(lib_a-nano-vfprintf_i.o)
                0x00000000000155b0                _printf_i
 .text._sbrk_r  0x000000000001580c       0x20 /home/kim/ncs/toolchains/b77d8c1312/opt/zephyr-sdk/arm-zephyr-eabi/arm-zephyr-eabi/lib/thumb/v8-m.main+fp/hard/libc_nano.a(lib_a-sbrkr.o)
                0x000000000001580c                _sbrk_r
 .text.snprintf
                0x000000000001582c       0x68 /home/kim/ncs/toolchains/b77d8c1312/opt/zephyr-sdk/arm-zephyr-eabi/arm-zephyr-eabi/lib/thumb/v8-m.main+fp/hard/libc_nano.a(lib_a-snprintf.o)
                0x000000000001582c                snprintf
                0x000000000001582c                sniprintf
 .text.strncasecmp
                0x0000000000015894       0x44 /home/kim/ncs/toolchains/b77d8c1312/opt/zephyr-sdk/arm-zephyr-eabi/arm-zephyr-eabi/lib/thumb/v8-m.main+fp/hard/libc_nano.a(lib_a-strncasecmp.o)
                0x0000000000015894                strncasecmp
 .text._strtol_l.constprop.0
                0x00000000000158d8       0xfc /home/kim/ncs/toolchains/b77d8c1312/opt/zephyr-sdk/arm-zephyr-eabi/arm-zephyr-eabi/lib/thumb/v8-m.main+fp/hard/libc_nano.a(lib_a-strtol.o)
 .text.strtol   0x00000000000159d4       0x14 /home/kim/ncs/toolchains/b77d8c1312/opt/zephyr-sdk/arm-zephyr-eabi/arm-zephyr-eabi/lib/thumb/v8-m.main+fp/hard/libc_nano.a(lib_a-strtol.o)
                0x00000000000159d4                strtol
 .text._strtoll_l.constprop.0
                0x00000000000159e8      0x128 /home/kim/ncs/toolchains/b77d8c1312/opt/zephyr-sdk/arm-zephyr-eabi/arm-zephyr-eabi/lib/thumb/v8-m.main+fp/hard/libc_nano.a(lib_a-strtoll.o)
 .text.strtoll  0x0000000000015b10       0x14 /home/kim/ncs/toolchains/b77d8c1312/opt/zephyr-sdk/arm-zephyr-eabi/arm-zephyr-eabi/lib/thumb/v8-m.main+fp/hard/libc_nano.a(lib_a-strtoll.o)
                0x0000000000015b10                strtoll
 .text._strtoul_l.constprop.0
                0x0000000000015b24       0xe4 /home/kim/ncs/toolchains/b77d8c1312/opt/zephyr-sdk/arm-zephyr-eabi/arm-zephyr-eabi/lib/thumb/v8-m.main+fp/hard/libc_nano.a(lib_a-strtoul.o)
 .text.strtoul  0x0000000000015c08       0x14 /home/kim/ncs/toolchains/b77d8c1312/opt/zephyr-sdk/arm-zephyr-eabi/arm-zephyr-eabi/lib/thumb/v8-m.main+fp/hard/libc_nano.a(lib_a-strtoul.o)
                0x0000000000015c08                strtoul
 .text._strtoull_l.constprop.0
                0x0000000000015c1c      0x138 /home/kim/ncs/toolchains/b77d8c1312/opt/zephyr-sdk/arm-zephyr-eabi/arm-zephyr-eabi/lib/thumb/v8-m.main+fp/hard/libc_nano.a(lib_a-strtoull.o)
 .text.strtoull
                0x0000000000015d54       0x14 /home/kim/ncs/toolchains/b77d8c1312/opt/zephyr-sdk/arm-zephyr-eabi/arm-zephyr-eabi/lib/thumb/v8-m.main+fp/hard/libc_nano.a(lib_a-strtoull.o)
                0x0000000000015d54                strtoull
 .text.vsnprintf
                0x0000000000015d68       0x1c /home/kim/ncs/toolchains/b77d8c1312/opt/zephyr-sdk/arm-zephyr-eabi/arm-zephyr-eabi/lib/thumb/v8-m.main+fp/hard/libc_nano.a(lib_a-vsnprintf.o)
                0x0000000000015d68                vsnprintf
                0x0000000000015d68                vsniprintf
 .text._vsscanf_r
                0x0000000000015d84       0x48 /home/kim/ncs/toolchains/b77d8c1312/opt/zephyr-sdk/arm-zephyr-eabi/arm-zephyr-eabi/lib/thumb/v8-m.main+fp/hard/libc_nano.a(lib_a-vsscanf.o)
                0x0000000000015d84                _vsiscanf_r
                0x0000000000015d84                _vsscanf_r
 .text.vsscanf  0x0000000000015dcc       0x14 /home/kim/ncs/toolchains/b77d8c1312/opt/zephyr-sdk/arm-zephyr-eabi/arm-zephyr-eabi/lib/thumb/v8-m.main+fp/hard/libc_nano.a(lib_a-vsscanf.o)
                0x0000000000015dcc                vsscanf
                0x0000000000015dcc                vsiscanf
 .text.__swbuf_r
                0x0000000000015de0       0xa4 /home/kim/ncs/toolchains/b77d8c1312/opt/zephyr-sdk/arm-zephyr-eabi/arm-zephyr-eabi/lib/thumb/v8-m.main+fp/hard/libc_nano.a(lib_a-wbuf.o)
                0x0000000000015de0                __swbuf_r
 .text.__swsetup_r
                0x0000000000015e84       0xd8 /home/kim/ncs/toolchains/b77d8c1312/opt/zephyr-sdk/arm-zephyr-eabi/arm-zephyr-eabi/lib/thumb/v8-m.main+fp/hard/libc_nano.a(lib_a-wsetup.o)
                0x0000000000015e84                __swsetup_r
 .text.__assert_func
                0x0000000000015f5c       0x3c /home/kim/ncs/toolchains/b77d8c1312/opt/zephyr-sdk/arm-zephyr-eabi/arm-zephyr-eabi/lib/thumb/v8-m.main+fp/hard/libc_nano.a(lib_a-assert.o)
                0x0000000000015f5c                __assert_func
 .text._fflush_r
                0x0000000000015f98       0x78 /home/kim/ncs/toolchains/b77d8c1312/opt/zephyr-sdk/arm-zephyr-eabi/arm-zephyr-eabi/lib/thumb/v8-m.main+fp/hard/libc_nano.a(lib_a-fflush.o)
                0x0000000000015f98                _fflush_r
 .text.std      0x0000000000016010       0x48 /home/kim/ncs/toolchains/b77d8c1312/opt/zephyr-sdk/arm-zephyr-eabi/arm-zephyr-eabi/lib/thumb/v8-m.main+fp/hard/libc_nano.a(lib_a-findfp.o)
 .text._cleanup_r
                0x0000000000016058        0xc /home/kim/ncs/toolchains/b77d8c1312/opt/zephyr-sdk/arm-zephyr-eabi/arm-zephyr-eabi/lib/thumb/v8-m.main+fp/hard/libc_nano.a(lib_a-findfp.o)
                0x0000000000016058                _cleanup_r
 .text.__sfp_lock_acquire
                0x0000000000016064        0xc /home/kim/ncs/toolchains/b77d8c1312/opt/zephyr-sdk/arm-zephyr-eabi/arm-zephyr-eabi/lib/thumb/v8-m.main+fp/hard/libc_nano.a(lib_a-findfp.o)
                0x0000000000016064                __sfp_lock_acquire
 .text.__sfp_lock_release
                0x0000000000016070        0xc /home/kim/ncs/toolchains/b77d8c1312/opt/zephyr-sdk/arm-zephyr-eabi/arm-zephyr-eabi/lib/thumb/v8-m.main+fp/hard/libc_nano.a(lib_a-findfp.o)
                0x0000000000016070                __sfp_lock_release
 .text.__sinit_lock_acquire
                0x000000000001607c        0xc /home/kim/ncs/toolchains/b77d8c1312/opt/zephyr-sdk/arm-zephyr-eabi/arm-zephyr-eabi/lib/thumb/v8-m.main+fp/hard/libc_nano.a(lib_a-findfp.o)
                0x000000000001607c                __sinit_lock_acquire
 .text.__sinit_lock_release
                0x0000000000016088        0xc /home/kim/ncs/toolchains/b77d8c1312/opt/zephyr-sdk/arm-zephyr-eabi/arm-zephyr-eabi/lib/thumb/v8-m.main+fp/hard/libc_nano.a(lib_a-findfp.o)
                0x0000000000016088                __sinit_lock_release
 .text.__sinit  0x0000000000016094       0x70 /home/kim/ncs/toolchains/b77d8c1312/opt/zephyr-sdk/arm-zephyr-eabi/arm-zephyr-eabi/lib/thumb/v8-m.main+fp/hard/libc_nano.a(lib_a-findfp.o)
                0x0000000000016094                __sinit
 .text.__sfp    0x0000000000016104       0x8c /home/kim/ncs/toolchains/b77d8c1312/opt/zephyr-sdk/arm-zephyr-eabi/arm-zephyr-eabi/lib/thumb/v8-m.main+fp/hard/libc_nano.a(lib_a-findfp.o)
                0x0000000000016104                __sfp
 .text._localeconv_r