Archive member included to satisfy reference by file (symbol)

app/libapp.a(shmem.c.obj)     (--whole-archive)
app/libapp.a(mqtt_connection.c.obj)
                              (--whole-archive)
app/libapp.a(main.c.obj)      (--whole-archive)
zephyr/libzephyr.a(heap.c.obj)
                              (--whole-archive)
zephyr/libzephyr.a(cbprintf_packaged.c.obj)
                              (--whole-archive)
zephyr/libzephyr.a(printk.c.obj)
                              (--whole-archive)
zephyr/libzephyr.a(sem.c.obj)
                              (--whole-archive)
zephyr/libzephyr.a(thread_entry.c.obj)
                              (--whole-archive)
zephyr/libzephyr.a(fdtable.c.obj)
                              (--whole-archive)
zephyr/libzephyr.a(cbprintf_complete.c.obj)
                              (--whole-archive)
zephyr/libzephyr.a(cbprintf.c.obj)
                              (--whole-archive)
zephyr/libzephyr.a(assert.c.obj)
                              (--whole-archive)
zephyr/libzephyr.a(mpsc_pbuf.c.obj)
                              (--whole-archive)
zephyr/libzephyr.a(dec.c.obj)
                              (--whole-archive)
zephyr/libzephyr.a(hex.c.obj)
                              (--whole-archive)
zephyr/libzephyr.a(rb.c.obj)  (--whole-archive)
zephyr/libzephyr.a(timeutil.c.obj)
                              (--whole-archive)
zephyr/libzephyr.a(bitarray.c.obj)
                              (--whole-archive)
zephyr/libzephyr.a(onoff.c.obj)
                              (--whole-archive)
zephyr/libzephyr.a(notify.c.obj)
                              (--whole-archive)
zephyr/libzephyr.a(configs.c.obj)
                              (--whole-archive)
zephyr/libzephyr.a(log_core.c.obj)
                              (--whole-archive)
zephyr/libzephyr.a(log_mgmt.c.obj)
                              (--whole-archive)
zephyr/libzephyr.a(log_cache.c.obj)
                              (--whole-archive)
zephyr/libzephyr.a(log_msg.c.obj)
                              (--whole-archive)
zephyr/libzephyr.a(log_output.c.obj)
                              (--whole-archive)
zephyr/libzephyr.a(log_backend_uart.c.obj)
                              (--whole-archive)
zephyr/libzephyr.a(mem_attr.c.obj)
                              (--whole-archive)
zephyr/libzephyr.a(tracing_none.c.obj)
                              (--whole-archive)
zephyr/libzephyr.a(addr_utils.c.obj)
                              (--whole-archive)
zephyr/libzephyr.a(banner.c.obj)
                              (--whole-archive)
zephyr/libzephyr.a(flash_map_partition_manager.c.obj)
                              (--whole-archive)
zephyr/arch/common/libarch__common.a(sw_isr_common.c.obj)
                              (--whole-archive)
zephyr/arch/arch/arm/core/libarch__arm__core.a(fatal.c.obj)
                              (--whole-archive)
zephyr/arch/arch/arm/core/libarch__arm__core.a(nmi.c.obj)
                              (--whole-archive)
zephyr/arch/arch/arm/core/libarch__arm__core.a(nmi_on_reset.S.obj)
                              (--whole-archive)
zephyr/arch/arch/arm/core/cortex_m/libarch__arm__core__cortex_m.a(exc_exit.c.obj)
                              (--whole-archive)
zephyr/arch/arch/arm/core/cortex_m/libarch__arm__core__cortex_m.a(fault.c.obj)
                              (--whole-archive)
zephyr/arch/arch/arm/core/cortex_m/libarch__arm__core__cortex_m.a(fault_s.S.obj)
                              (--whole-archive)
zephyr/arch/arch/arm/core/cortex_m/libarch__arm__core__cortex_m.a(fpu.c.obj)
                              (--whole-archive)
zephyr/arch/arch/arm/core/cortex_m/libarch__arm__core__cortex_m.a(reset.S.obj)
                              (--whole-archive)
zephyr/arch/arch/arm/core/cortex_m/libarch__arm__core__cortex_m.a(scb.c.obj)
                              (--whole-archive)
zephyr/arch/arch/arm/core/cortex_m/libarch__arm__core__cortex_m.a(thread_abort.c.obj)
                              (--whole-archive)
zephyr/arch/arch/arm/core/cortex_m/libarch__arm__core__cortex_m.a(vector_table.S.obj)
                              (--whole-archive)
zephyr/arch/arch/arm/core/cortex_m/libarch__arm__core__cortex_m.a(swap.c.obj)
                              (--whole-archive)
zephyr/arch/arch/arm/core/cortex_m/libarch__arm__core__cortex_m.a(swap_helper.S.obj)
                              (--whole-archive)
zephyr/arch/arch/arm/core/cortex_m/libarch__arm__core__cortex_m.a(irq_manage.c.obj)
                              (--whole-archive)
zephyr/arch/arch/arm/core/cortex_m/libarch__arm__core__cortex_m.a(prep_c.c.obj)
                              (--whole-archive)
zephyr/arch/arch/arm/core/cortex_m/libarch__arm__core__cortex_m.a(thread.c.obj)
                              (--whole-archive)
zephyr/arch/arch/arm/core/cortex_m/libarch__arm__core__cortex_m.a(cpu_idle.c.obj)
                              (--whole-archive)
zephyr/arch/arch/arm/core/cortex_m/libarch__arm__core__cortex_m.a(irq_init.c.obj)
[...]
Memory Configuration

Name             Origin             Length             Attributes
FLASH            0x0000000000008000 0x00000000000f8000 xr
RAM              0x000000002000c568 0x0000000000033a98 xw
IDT_LIST         0x00000000ffff7fff 0x0000000000008000 xw
*default*        0x0000000000000000 0xffffffffffffffff

Linker script and memory map

LOAD zephyr/CMakeFiles/zephyr_pre0.dir/misc/empty_file.c.obj
LOAD zephyr/CMakeFiles/offsets.dir/./arch/arm/core/offsets/offsets.c.obj
LOAD tfm/api_ns/interface/lib/s_veneers.o
LOAD app/libapp.a
LOAD zephyr/libzephyr.a
LOAD zephyr/arch/common/libarch__common.a
LOAD zephyr/arch/arch/arm/core/libarch__arm__core.a
LOAD zephyr/arch/arch/arm/core/cortex_m/libarch__arm__core__cortex_m.a
LOAD zephyr/arch/arch/arm/core/cortex_m/cmse/libarch__arm__core__cortex_m__cmse.a
LOAD zephyr/arch/arch/arm/core/mpu/libarch__arm__core__mpu.a
LOAD zephyr/lib/libc/newlib/liblib__libc__newlib.a
LOAD zephyr/lib/libc/common/liblib__libc__common.a
LOAD zephyr/lib/posix/options/liblib__posix__options.a
LOAD zephyr/lib/net_buf/liblib__net_buf.a
LOAD zephyr/lib/os/zvfs/liblib__os__zvfs.a
LOAD zephyr/soc/soc/nrf9160/libsoc__nordic.a
LOAD zephyr/boards/nordic/nrf9160dk/libboards__nordic__nrf9160dk.a
LOAD zephyr/subsys/fs/libsubsys__fs.a
LOAD zephyr/subsys/random/libsubsys__random.a
LOAD zephyr/subsys/net/libsubsys__net.a
LOAD zephyr/subsys/net/l2/offloaded_netdev/libsubsys__net__l2__offloaded_netdev.a
LOAD zephyr/subsys/net/ip/libsubsys__net__ip.a
LOAD zephyr/subsys/net/lib/mqtt/libsubsys__net__lib__mqtt.a
LOAD zephyr/drivers/clock_control/libdrivers__clock_control.a
LOAD zephyr/drivers/console/libdrivers__console.a
LOAD zephyr/drivers/entropy/libdrivers__entropy.a
LOAD zephyr/drivers/gpio/libdrivers__gpio.a
LOAD zephyr/drivers/pinctrl/libdrivers__pinctrl.a
LOAD zephyr/drivers/serial/libdrivers__serial.a
LOAD zephyr/drivers/timer/libdrivers__timer.a
LOAD modules/nrf/lib/nrf_modem_lib/lib..__nrf__lib__nrf_modem_lib.a
LOAD modules/nrf/lib/dk_buttons_and_leds/lib..__nrf__lib__dk_buttons_and_leds.a
LOAD modules/nrf/lib/at_monitor/lib..__nrf__lib__at_monitor.a
LOAD modules/nrf/lib/at_parser/lib..__nrf__lib__at_parser.a
LOAD modules/nrf/lib/lte_link_control/lib..__nrf__lib__lte_link_control.a
LOAD modules/nrf/lib/modem_antenna/lib..__nrf__lib__modem_antenna.a
LOAD modules/nrf/subsys/nrf_security/src/zephyr/libmbedtls_zephyr.a
LOAD modules/nrf/modules/trusted-firmware-m/lib..__nrf__modules__trusted-firmware-m.a
LOAD modules/nrf/modules/trusted-firmware-m/libtfm_api_nrf.a
LOAD modules/trusted-firmware-m/libtfm_api.a
LOAD modules/hal_nordic/nrfx/libmodules__hal_nordic__nrfx.a
LOAD /opt/nordic/ncs/v2.9.0/nrfxlib/nrf_modem/lib/cellular/nrf9160/soft-float/libmodem.a
LOAD zephyr/kernel/libkernel.a
LOAD zephyr/arch/common/libisr_tables.a
LOAD modules/nrf/subsys/nrf_security/src/libmbedcrypto.a
LOAD modules/nrf/subsys/nrf_security/src/libmbedcrypto_base.a
LOAD modules/nrf/subsys/nrf_security/src/libnrf_security_utils.a
LOAD zephyr/kernel/libkernel.a
LOAD /opt/nordic/ncs/v2.9.0/nrfxlib/crypto/nrf_oberon/lib/cortex-m33/soft-float/liboberon_mbedtls_3.0.15.a
LOAD /opt/nordic/ncs/v2.9.0/nrfxlib/crypto/nrf_oberon/lib/cortex-m33/soft-float/liboberon_3.0.15.a
LOAD /opt/nordic/ncs/toolchains/b8efef2ad5/opt/zephyr-sdk/arm-zephyr-eabi/arm-zephyr-eabi/lib/thumb/v8-m.main/nofp/libc_nano.a
LOAD /opt/nordic/ncs/toolchains/b8efef2ad5/opt/zephyr-sdk/arm-zephyr-eabi/arm-zephyr-eabi/lib/thumb/v8-m.main/nofp/libm_nano.a
LOAD /opt/nordic/ncs/toolchains/b8efef2ad5/opt/zephyr-sdk/arm-zephyr-eabi/arm-zephyr-eabi/lib/thumb/v8-m.main/nofp/libc_nano.a
LOAD /opt/nordic/ncs/toolchains/b8efef2ad5/opt/zephyr-sdk/arm-zephyr-eabi/bin/../lib/gcc/arm-zephyr-eabi/12.2.0/thumb/v8-m.main/nofp/libgcc.a
LOAD /opt/nordic/ncs/toolchains/b8efef2ad5/opt/zephyr-sdk/arm-zephyr-eabi/arm-zephyr-eabi/lib/thumb/v8-m.main/nofp/libc_nano.a
                0x0000000000000020                _region_min_align = 0x20

.rel.plt        0x0000000000008000        0x0
 *(SORT_BY_ALIGNMENT(.rel.plt))
                [!provide]                        PROVIDE (__rel_iplt_start = .)
 *(SORT_BY_ALIGNMENT(.rel.iplt))
 .rel.iplt      0x0000000000008000        0x0 app/libapp.a(mqtt_connection.c.obj)
                [!provide]                        PROVIDE (__rel_iplt_end = .)

.rela.plt       0x0000000000000000        0x0
 *(SORT_BY_ALIGNMENT(.rela.plt))
                [!provide]                        PROVIDE (__rela_iplt_start = .)
 *(SORT_BY_ALIGNMENT(.rela.iplt))
                [!provide]                        PROVIDE (__rela_iplt_end = .)

.rel.dyn
 *(SORT_BY_ALIGNMENT(.rel.*))

.rela.dyn
 *(SORT_BY_ALIGNMENT(.rela.*))

/DISCARD/
 *(SORT_BY_ALIGNMENT(.plt))

/DISCARD/
 *(SORT_BY_ALIGNMENT(.iplt))
                0x0000000000008000                __rom_region_start = 0x8000

rom_start       0x0000000000008000      0x144
                0x0000000000008000                __rom_start_address = .
 FILL mask 0x00
                0x0000000000008000                . = (. + (0x0 - (. - __rom_start_address)))
                0x0000000000008000                . = ALIGN (0x4)
                0x0000000000008000                . = ALIGN (0x80)
                0x0000000000008000                . = ALIGN (0x200)
                0x0000000000008000                _vector_start = .
 *(SORT_BY_ALIGNMENT(.exc_vector_table))
 *(SORT_BY_ALIGNMENT(.exc_vector_table.*))
 .exc_vector_table._vector_table_section
                0x0000000000008000       0x40 zephyr/arch/arch/arm/core/cortex_m/libarch__arm__core__cortex_m.a(vector_table.S.obj)
                0x0000000000008000                _vector_table
 *(SORT_BY_ALIGNMENT(.vectors))
                0x0000000000008144                _vector_end = .
                0x0000000000008040                . = ALIGN (0x4)
 *(SORT_BY_ALIGNMENT(.gnu.linkonce.irq_vector_table*))
 .gnu.linkonce.irq_vector_table
                0x0000000000008040      0x104 zephyr/arch/common/libisr_tables.a(isr_tables.c.obj)
                0x0000000000008040                _irq_vector_table
                0x0000000000008144                _vector_end = .

text            0x0000000000008148    0x16920
                0x0000000000008148                __text_region_start = .
 *(SORT_BY_ALIGNMENT(.text))
 .text          0x0000000000008148      0x378 /opt/nordic/ncs/toolchains/b8efef2ad5/opt/zephyr-sdk/arm-zephyr-eabi/bin/../lib/gcc/arm-zephyr-eabi/12.2.0/thumb/v8-m.main/nofp/libgcc.a(_arm_addsubdf3.o)
                0x0000000000008148                __aeabi_drsub
                0x0000000000008150                __subdf3
                0x0000000000008150                __aeabi_dsub
                0x0000000000008154                __aeabi_dadd
                0x0000000000008154                __adddf3
                0x00000000000083cc                __aeabi_ui2d
                0x00000000000083cc                __floatunsidf
                0x00000000000083ec                __floatsidf
                0x00000000000083ec                __aeabi_i2d
                0x0000000000008410                __extendsfdf2
                0x0000000000008410                __aeabi_f2d
                0x0000000000008454                __aeabi_ul2d
                0x0000000000008454                __floatundidf
                0x0000000000008464                __aeabi_l2d
                0x0000000000008464                __floatdidf
 .text          0x00000000000084c0      0x424 /opt/nordic/ncs/toolchains/b8efef2ad5/opt/zephyr-sdk/arm-zephyr-eabi/bin/../lib/gcc/arm-zephyr-eabi/12.2.0/thumb/v8-m.main/nofp/libgcc.a(_arm_muldivdf3.o)
                0x00000000000084c0                __aeabi_dmul
                0x00000000000084c0                __muldf3
                0x0000000000008714                __aeabi_ddiv
                0x0000000000008714                __divdf3
 .text          0x00000000000088e4      0x110 /opt/nordic/ncs/toolchains/b8efef2ad5/opt/zephyr-sdk/arm-zephyr-eabi/bin/../lib/gcc/arm-zephyr-eabi/12.2.0/thumb/v8-m.main/nofp/libgcc.a(_arm_cmpdf2.o)
                0x00000000000088e4                __gedf2
                0x00000000000088e4                __gtdf2
                0x00000000000088ec                __ledf2
                0x00000000000088ec                __ltdf2
                0x00000000000088f4                __cmpdf2
                0x00000000000088f4                __eqdf2
                0x00000000000088f4                __nedf2
                0x0000000000008970                __aeabi_cdrcmple
                0x0000000000008980                __aeabi_cdcmple
                0x0000000000008980                __aeabi_cdcmpeq
                0x0000000000008990                __aeabi_dcmpeq
                0x00000000000089a4                __aeabi_dcmplt
                0x00000000000089b8                __aeabi_dcmple
                0x00000000000089cc                __aeabi_dcmpge
                0x00000000000089e0                __aeabi_dcmpgt
 .text          0x00000000000089f4       0x2c /opt/nordic/ncs/toolchains/b8efef2ad5/opt/zephyr-sdk/arm-zephyr-eabi/bin/../lib/gcc/arm-zephyr-eabi/12.2.0/thumb/v8-m.main/nofp/libgcc.a(_arm_unorddf2.o)
                0x00000000000089f4                __aeabi_dcmpun
                0x00000000000089f4                __unorddf2
 .text          0x0000000000008a20       0x50 /opt/nordic/ncs/toolchains/b8efef2ad5/opt/zephyr-sdk/arm-zephyr-eabi/bin/../lib/gcc/arm-zephyr-eabi/12.2.0/thumb/v8-m.main/nofp/libgcc.a(_arm_fixdfsi.o)
                0x0000000000008a20                __fixdfsi
                0x0000000000008a20                __aeabi_d2iz
 .text          0x0000000000008a70       0x40 /opt/nordic/ncs/toolchains/b8efef2ad5/opt/zephyr-sdk/arm-zephyr-eabi/bin/../lib/gcc/arm-zephyr-eabi/12.2.0/thumb/v8-m.main/nofp/libgcc.a(_arm_fixunsdfsi.o)
                0x0000000000008a70                __fixunsdfsi
                0x0000000000008a70                __aeabi_d2uiz
 .text          0x0000000000008ab0       0xa0 /opt/nordic/ncs/toolchains/b8efef2ad5/opt/zephyr-sdk/arm-zephyr-eabi/bin/../lib/gcc/arm-zephyr-eabi/12.2.0/thumb/v8-m.main/nofp/libgcc.a(_arm_truncdfsf2.o)
                0x0000000000008ab0                __aeabi_d2f
                0x0000000000008ab0                __truncdfsf2
 .text          0x0000000000008b50       0x30 /opt/nordic/ncs/toolchains/b8efef2ad5/opt/zephyr-sdk/arm-zephyr-eabi/bin/../lib/gcc/arm-zephyr-eabi/12.2.0/thumb/v8-m.main/nofp/libgcc.a(_aeabi_uldivmod.o)
                0x0000000000008b50                __aeabi_uldivmod
 .text          0x0000000000008b80       0x3c /opt/nordic/ncs/toolchains/b8efef2ad5/opt/zephyr-sdk/arm-zephyr-eabi/bin/../lib/gcc/arm-zephyr-eabi/12.2.0/thumb/v8-m.main/nofp/libgcc.a(_fixunsdfdi.o)
                0x0000000000008b80                __aeabi_d2ulz
                0x0000000000008b80                __fixunsdfdi
 .text          0x0000000000008bbc        0x4 /opt/nordic/ncs/toolchains/b8efef2ad5/opt/zephyr-sdk/arm-zephyr-eabi/bin/../lib/gcc/arm-zephyr-eabi/12.2.0/thumb/v8-m.main/nofp/libgcc.a(_dvmd_tls.o)
                0x0000000000008bbc                __aeabi_ldiv0
                0x0000000000008bbc                __aeabi_idiv0
 .text          0x0000000000008bc0       0x14 /opt/nordic/ncs/toolchains/b8efef2ad5/opt/zephyr-sdk/arm-zephyr-eabi/arm-zephyr-eabi/lib/thumb/v8-m.main/nofp/libc_nano.a(lib_a-strcmp.o)
                0x0000000000008bc0                strcmp
 .text          0x0000000000008bd4       0x10 /opt/nordic/ncs/toolchains/b8efef2ad5/opt/zephyr-sdk/arm-zephyr-eabi/arm-zephyr-eabi/lib/thumb/v8-m.main/nofp/libc_nano.a(lib_a-strlen.o)
                0x0000000000008bd4                strlen
 .text          0x0000000000008be4       0x2e /opt/nordic/ncs/toolchains/b8efef2ad5/opt/zephyr-sdk/arm-zephyr-eabi/bin/../lib/gcc/arm-zephyr-eabi/12.2.0/thumb/v8-m.main/nofp/libgcc.a(_fixdfdi.o)
                0x0000000000008be4                __aeabi_d2lz
                0x0000000000008be4                __fixdfdi
 .text          0x0000000000008c12      0x29c /opt/nordic/ncs/toolchains/b8efef2ad5/opt/zephyr-sdk/arm-zephyr-eabi/bin/../lib/gcc/arm-zephyr-eabi/12.2.0/thumb/v8-m.main/nofp/libgcc.a(_udivmoddi4.o)
                0x0000000000008c12                __udivmoddi4
 *(SORT_BY_ALIGNMENT(.text.*))
 *fill*         0x0000000000008eae        0x2 
 .text.generate_infinity_position
                0x0000000000008eb0       0xb0 app/libapp.a(main.c.obj)
                0x0000000000008eb0                generate_infinity_position
 .text.main     0x0000000000008f60      0x368 app/libapp.a(main.c.obj)
                0x0000000000008f60                main
 .text._strtod_l
                0x00000000000092c8      0xbf8 /opt/nordic/ncs/toolchains/b8efef2ad5/opt/zephyr-sdk/arm-zephyr-eabi/arm-zephyr-eabi/lib/thumb/v8-m.main/nofp/libc_nano.a(lib_a-strtod.o)
                0x00000000000092c8                _strtod_l
 .text._dtoa_r  0x0000000000009ec0      0xc58 /opt/nordic/ncs/toolchains/b8efef2ad5/opt/zephyr-sdk/arm-zephyr-eabi/arm-zephyr-eabi/lib/thumb/v8-m.main/nofp/libc_nano.a(lib_a-dtoa.o)
                0x0000000000009ec0                _dtoa_r
 .text.__ieee754_rem_pio2
                0x000000000000ab18      0x3ec /opt/nordic/ncs/toolchains/b8efef2ad5/opt/zephyr-sdk/arm-zephyr-eabi/arm-zephyr-eabi/lib/thumb/v8-m.main/nofp/libm_nano.a(lib_a-e_rem_pio2.o)
                0x000000000000ab18                __ieee754_rem_pio2
 *fill*         0x000000000000af04        0x4 
 .text.__kernel_cos
                0x000000000000af08      0x17c /opt/nordic/ncs/toolchains/b8efef2ad5/opt/zephyr-sdk/arm-zephyr-eabi/arm-zephyr-eabi/lib/thumb/v8-m.main/nofp/libm_nano.a(lib_a-k_cos.o)
                0x000000000000af08                __kernel_cos
 *fill*         0x000000000000b084        0x4 
 .text.__kernel_sin
                0x000000000000b088      0x16c /opt/nordic/ncs/toolchains/b8efef2ad5/opt/zephyr-sdk/arm-zephyr-eabi/arm-zephyr-eabi/lib/thumb/v8-m.main/nofp/libm_nano.a(lib_a-k_sin.o)
                0x000000000000b088                __kernel_sin
 *fill*         0x000000000000b1f4        0x4 
 .text.floor    0x000000000000b1f8      0x100 /opt/nordic/ncs/toolchains/b8efef2ad5/opt/zephyr-sdk/arm-zephyr-eabi/arm-zephyr-eabi/lib/thumb/v8-m.main/nofp/libm_nano.a(lib_a-s_floor.o)
                0x000000000000b1f8                floor
 .text.scalbn   0x000000000000b2f8       0xe4 /opt/nordic/ncs/toolchains/b8efef2ad5/opt/zephyr-sdk/arm-zephyr-eabi/arm-zephyr-eabi/lib/thumb/v8-m.main/nofp/libm_nano.a(lib_a-s_scalbn.o)
                0x000000000000b2f8                scalbn
 .text.data_print
                0x000000000000b3dc       0x58 app/libapp.a(mqtt_connection.c.obj)
 .text.mqtt_evt_handler
                0x000000000000b434      0x224 app/libapp.a(mqtt_connection.c.obj)
                0x000000000000b434                mqtt_evt_handler
 .text.data_publish
                0x000000000000b658       0x94 app/libapp.a(mqtt_connection.c.obj)
                0x000000000000b658                data_publish
 .text.client_init
                0x000000000000b6ec      0x17c app/libapp.a(mqtt_connection.c.obj)
                0x000000000000b6ec                client_init
 .text.button_handler.part.0
                0x000000000000b868       0x34 app/libapp.a(main.c.obj)
 .text.lte_handler
                0x000000000000b89c       0xa8 app/libapp.a(main.c.obj)
 .text.cbvprintf_package
                0x000000000000b944      0x3a4 zephyr/libzephyr.a(cbprintf_packaged.c.obj)
                0x000000000000b944                cbvprintf_package
 .text.cbprintf_package_convert
                0x000000000000bce8      0x3c0 zephyr/libzephyr.a(cbprintf_packaged.c.obj)
                0x000000000000bce8                cbprintf_package_convert
 .text.__printk_hook_install
                0x000000000000c0a8        0xc zephyr/libzephyr.a(printk.c.obj)
                0x000000000000c0a8                __printk_hook_install
 .text.vsnprintk
                0x000000000000c0b4       0x2c zephyr/libzephyr.a(printk.c.obj)
                0x000000000000c0b4                vsnprintk
 .text._check_fd
                0x000000000000c0e0       0x2c zephyr/libzephyr.a(fdtable.c.obj)
 .text.zvfs_lseek_wrap.constprop.0
                0x000000000000c10c       0x7c zephyr/libzephyr.a(fdtable.c.obj)
 .text.z_fd_unref.isra.0
                0x000000000000c188       0x40 zephyr/libzephyr.a(fdtable.c.obj)
 .text.zvfs_get_fd_obj_and_vtable
                0x000000000000c1c8       0x34 zephyr/libzephyr.a(fdtable.c.obj)
                0x000000000000c1c8                zvfs_get_fd_obj_and_vtable
 .text.zvfs_reserve_fd
                0x000000000000c1fc       0x78 zephyr/libzephyr.a(fdtable.c.obj)
                0x000000000000c1fc                zvfs_reserve_fd
 .text.zvfs_finalize_typed_fd
                0x000000000000c274       0x30 zephyr/libzephyr.a(fdtable.c.obj)
                0x000000000000c274                zvfs_finalize_typed_fd
 .text.zvfs_read
                0x000000000000c2a4       0x8c zephyr/libzephyr.a(fdtable.c.obj)
                0x000000000000c2a4                zvfs_read
 .text.zvfs_write
                0x000000000000c330       0x8c zephyr/libzephyr.a(fdtable.c.obj)
                0x000000000000c330                zvfs_write
 .text.zvfs_close
                0x000000000000c3bc       0x4c zephyr/libzephyr.a(fdtable.c.obj)
                0x000000000000c3bc                zvfs_close
 .text.zvfs_fstat
                0x000000000000c408       0x34 zephyr/libzephyr.a(fdtable.c.obj)
                0x000000000000c408                zvfs_fstat
 .text.zvfs_lseek
                0x000000000000c43c       0x38 zephyr/libzephyr.a(fdtable.c.obj)
                0x000000000000c43c                zvfs_lseek
 .text.extract_decimal
                0x000000000000c474       0x2c zephyr/libzephyr.a(cbprintf_complete.c.obj)
 .text.encode_uint
                0x000000000000c4a0       0x9c zephyr/libzephyr.a(cbprintf_complete.c.obj)
 .text.z_cbvprintf_impl
                0x000000000000c53c      0x768 zephyr/libzephyr.a(cbprintf_complete.c.obj)
                0x000000000000c53c                z_cbvprintf_impl
 .text.process_event
                0x000000000000cca4      0x21c zephyr/libzephyr.a(onoff.c.obj)
 .text.activate_foreach_backend
                0x000000000000cec0       0x64 zephyr/libzephyr.a(log_core.c.obj)
 .text.enable_logger
                0x000000000000cf24       0x5c zephyr/libzephyr.a(log_core.c.obj)
 .text.log_process_thread_timer_expiry_fn
                0x000000000000cf80        0xc zephyr/libzephyr.a(log_core.c.obj)
 .text.z_log_init
                0x000000000000cf8c       0x90 zephyr/libzephyr.a(log_core.c.obj)
 .text.log_format_func_t_get
                0x000000000000d01c        0xc zephyr/libzephyr.a(log_core.c.obj)
                0x000000000000d01c                log_format_func_t_get
 .text.log_set_timestamp_func
                0x000000000000d028       0x20 zephyr/libzephyr.a(log_core.c.obj)
                0x000000000000d028                log_set_timestamp_func
 .text.z_log_notify_backend_enabled
                0x000000000000d048       0x1c zephyr/libzephyr.a(log_core.c.obj)
                0x000000000000d048                z_log_notify_backend_enabled
 .text.z_log_dropped
                0x000000000000d064       0x3c zephyr/libzephyr.a(log_core.c.obj)
                0x000000000000d064                z_log_dropped
 .text.z_log_dropped_read_and_clear
                0x000000000000d0a0       0x18 zephyr/libzephyr.a(log_core.c.obj)
                0x000000000000d0a0                z_log_dropped_read_and_clear
 .text.dropped_notify
                0x000000000000d0b8       0x30 zephyr/libzephyr.a(log_core.c.obj)
                0x000000000000d0b8                dropped_notify
 .text.z_log_msg_init
                0x000000000000d0e8       0x20 zephyr/libzephyr.a(log_core.c.obj)
                0x000000000000d0e8                z_log_msg_init
 .text.log_core_init
                0x000000000000d108       0x34 zephyr/libzephyr.a(log_core.c.obj)
                0x000000000000d108                log_core_init
 .text.z_log_msg_alloc
                0x000000000000d13c       0x10 zephyr/libzephyr.a(log_core.c.obj)
                0x000000000000d13c                z_log_msg_alloc
 .text.z_log_msg_local_claim
                0x000000000000d14c        0xc zephyr/libzephyr.a(log_core.c.obj)
                0x000000000000d14c                z_log_msg_local_claim
 .text.z_log_msg_free
                0x000000000000d158       0x10 zephyr/libzephyr.a(log_core.c.obj)
                0x000000000000d158                z_log_msg_free
 .text.z_log_msg_pending
                0x000000000000d168        0xc zephyr/libzephyr.a(log_core.c.obj)
                0x000000000000d168                z_log_msg_pending
 .text.z_impl_log_process
                0x000000000000d174       0xb4 zephyr/libzephyr.a(log_core.c.obj)
                0x000000000000d174                z_impl_log_process
 .text.z_impl_log_panic
                0x000000000000d228       0x44 zephyr/libzephyr.a(log_core.c.obj)
                0x000000000000d228                z_impl_log_panic
 .text.log_process_thread_func
                0x000000000000d26c       0x9c zephyr/libzephyr.a(log_core.c.obj)
 .text.z_log_msg_post_finalize
                0x000000000000d308       0x78 zephyr/libzephyr.a(log_core.c.obj)
 .text.z_log_msg_commit
                0x000000000000d380       0x24 zephyr/libzephyr.a(log_core.c.obj)
                0x000000000000d380                z_log_msg_commit
 .text.log_source_name_get
                0x000000000000d3a4       0x1c zephyr/libzephyr.a(log_mgmt.c.obj)
                0x000000000000d3a4                log_source_name_get
 .text.log_backend_enable
                0x000000000000d3c0       0x28 zephyr/libzephyr.a(log_mgmt.c.obj)
                0x000000000000d3c0                log_backend_enable
 .text.z_impl_z_log_msg_static_create
                0x000000000000d3e8      0x108 zephyr/libzephyr.a(log_msg.c.obj)
                0x000000000000d3e8                z_impl_z_log_msg_static_create
 .text.z_log_msg_runtime_vcreate
                0x000000000000d4f0       0xa0 zephyr/libzephyr.a(log_msg.c.obj)
                0x000000000000d4f0                z_log_msg_runtime_vcreate
 .text.log_msg_get_source_id
                0x000000000000d590       0x18 zephyr/libzephyr.a(log_msg.c.obj)
                0x000000000000d590                log_msg_get_source_id
 .text.print_formatted
                0x000000000000d5a8       0x24 zephyr/libzephyr.a(log_output.c.obj)
 .text.newline_print
                0x000000000000d5cc       0x1c zephyr/libzephyr.a(log_output.c.obj)
 .text.log_output_process
                0x000000000000d5e8      0x2dc zephyr/libzephyr.a(log_output.c.obj)
                0x000000000000d5e8                log_output_process
 .text.log_output_dropped_process
                0x000000000000d8c4       0x58 zephyr/libzephyr.a(log_output.c.obj)
                0x000000000000d8c4                log_output_dropped_process
 .text.log_output_timestamp_freq_set
                0x000000000000d91c       0x2c zephyr/libzephyr.a(log_output.c.obj)
                0x000000000000d91c                log_output_timestamp_freq_set
 .text.char_out
                0x000000000000d948       0x24 zephyr/libzephyr.a(log_backend_uart.c.obj)
 .text.mem_attr_get_regions
                0x000000000000d96c        0xc zephyr/libzephyr.a(mem_attr.c.obj)
                0x000000000000d96c                mem_attr_get_regions
 .text.boot_banner
                0x000000000000d978       0x1c zephyr/libzephyr.a(banner.c.obj)
                0x000000000000d978                boot_banner
 .text.z_arm_fatal_error
                0x000000000000d994       0xb8 zephyr/arch/arch/arm/core/libarch__arm__core.a(fatal.c.obj)
                0x000000000000d994                z_arm_fatal_error
 .text.z_SysNmiOnReset
                0x000000000000da4c        0x8 zephyr/arch/arch/arm/core/libarch__arm__core.a(nmi_on_reset.S.obj)
                0x000000000000da4c                z_SysNmiOnReset
 .text._HandlerModeExit
                0x000000000000da54       0x28 zephyr/arch/arch/arm/core/cortex_m/libarch__arm__core__cortex_m.a(exc_exit.c.obj)
                0x000000000000da54                z_arm_exc_exit
                0x000000000000da54                z_arm_int_exit
 .text.mem_manage_fault.constprop.0
                0x000000000000da7c       0xd0 zephyr/arch/arch/arm/core/cortex_m/libarch__arm__core__cortex_m.a(fault.c.obj)
 .text.usage_fault.constprop.0
                0x000000000000db4c       0xbc zephyr/arch/arch/arm/core/cortex_m/libarch__arm__core__cortex_m.a(fault.c.obj)
 .text.bus_fault.constprop.0
                0x000000000000dc08       0xd0 zephyr/arch/arch/arm/core/cortex_m/libarch__arm__core__cortex_m.a(fault.c.obj)
 .text.z_arm_fault
                0x000000000000dcd8      0x1e0 zephyr/arch/arch/arm/core/cortex_m/libarch__arm__core__cortex_m.a(fault.c.obj)
                0x000000000000dcd8                z_arm_fault
 .text.z_arm_fault_init
                0x000000000000deb8       0x20 zephyr/arch/arch/arm/core/cortex_m/libarch__arm__core__cortex_m.a(fault.c.obj)
                0x000000000000deb8                z_arm_fault_init
 .text.__fault  0x000000000000ded8       0x14 zephyr/arch/arch/arm/core/cortex_m/libarch__arm__core__cortex_m.a(fault_s.S.obj)
                0x000000000000ded8                z_arm_bus_fault
                0x000000000000ded8                z_arm_usage_fault
                0x000000000000ded8                z_arm_mpu_fault
                0x000000000000ded8                z_arm_exc_spurious
                0x000000000000ded8                z_arm_debug_monitor
                0x000000000000ded8                z_arm_hard_fault
 .text._reset_section
                0x000000000000deec       0x60 zephyr/arch/arch/arm/core/cortex_m/libarch__arm__core__cortex_m.a(reset.S.obj)
                0x000000000000deec                z_arm_reset
                0x000000000000deec                __start
 .text.z_arm_clear_arm_mpu_config
                0x000000000000df4c       0x24 zephyr/arch/arch/arm/core/cortex_m/libarch__arm__core__cortex_m.a(scb.c.obj)
                0x000000000000df4c                z_arm_clear_arm_mpu_config
 .text.z_arm_init_arch_hw_at_boot
                0x000000000000df70       0x4c zephyr/arch/arch/arm/core/cortex_m/libarch__arm__core__cortex_m.a(scb.c.obj)
                0x000000000000df70                z_arm_init_arch_hw_at_boot
 .text.z_impl_k_thread_abort
                0x000000000000dfbc       0x2c zephyr/arch/arch/arm/core/cortex_m/libarch__arm__core__cortex_m.a(thread_abort.c.obj)
                0x000000000000dfbc                z_impl_k_thread_abort
 .text.arch_swap
                0x000000000000dfe8       0x34 zephyr/arch/arch/arm/core/cortex_m/libarch__arm__core__cortex_m.a(swap.c.obj)
                0x000000000000dfe8                arch_swap
 .text.z_arm_pendsv_c
                0x000000000000e01c       0x48 zephyr/arch/arch/arm/core/cortex_m/libarch__arm__core__cortex_m.a(swap.c.obj)
                0x000000000000e01c                z_arm_pendsv_c
 .text.z_arm_pendsv
                0x000000000000e064       0x48 zephyr/arch/arch/arm/core/cortex_m/libarch__arm__core__cortex_m.a(swap_helper.S.obj)
                0x000000000000e064                z_arm_pendsv
 .text.z_arm_svc
                0x000000000000e0ac       0x20 zephyr/arch/arch/arm/core/cortex_m/libarch__arm__core__cortex_m.a(swap_helper.S.obj)
                0x000000000000e0ac                z_arm_svc
 .text.arch_irq_enable
                0x000000000000e0cc       0x1c zephyr/arch/arch/arm/core/cortex_m/libarch__arm__core__cortex_m.a(irq_manage.c.obj)
                0x000000000000e0cc                arch_irq_enable
 .text.arch_irq_disable
                0x000000000000e0e8       0x28 zephyr/arch/arch/arm/core/cortex_m/libarch__arm__core__cortex_m.a(irq_manage.c.obj)
                0x000000000000e0e8                arch_irq_disable
 .text.arch_irq_is_enabled
                0x000000000000e110       0x1c zephyr/arch/arch/arm/core/cortex_m/libarch__arm__core__cortex_m.a(irq_manage.c.obj)
                0x000000000000e110                arch_irq_is_enabled
 .text.z_arm_irq_priority_set
                0x000000000000e12c       0x2c zephyr/arch/arch/arm/core/cortex_m/libarch__arm__core__cortex_m.a(irq_manage.c.obj)
                0x000000000000e12c                z_arm_irq_priority_set
 .text.z_prep_c
                0x000000000000e158       0x38 zephyr/arch/arch/arm/core/cortex_m/libarch__arm__core__cortex_m.a(prep_c.c.obj)
                0x000000000000e158                z_prep_c
 .text.arch_new_thread
                0x000000000000e190       0x40 zephyr/arch/arch/arm/core/cortex_m/libarch__arm__core__cortex_m.a(thread.c.obj)
                0x000000000000e190                arch_new_thread
 .text.arch_switch_to_main_thread
                0x000000000000e1d0       0x3c zephyr/arch/arch/arm/core/cortex_m/libarch__arm__core__cortex_m.a(thread.c.obj)
                0x000000000000e1d0                arch_switch_to_main_thread
 .text.z_arm_cpu_idle_init
                0x000000000000e20c        0xc zephyr/arch/arch/arm/core/cortex_m/libarch__arm__core__cortex_m.a(cpu_idle.c.obj)
                0x000000000000e20c                z_arm_cpu_idle_init
 .text.z_arm_interrupt_init
                0x000000000000e218       0x18 zephyr/arch/arch/arm/core/cortex_m/libarch__arm__core__cortex_m.a(irq_init.c.obj)
                0x000000000000e218                z_arm_interrupt_init
 .text._isr_wrapper
                0x000000000000e230       0x24 zephyr/arch/arch/arm/core/cortex_m/libarch__arm__core__cortex_m.a(isr_wrapper.c.obj)
                0x000000000000e230                _isr_wrapper
 .text.z_arm_configure_static_mpu_regions
                0x000000000000e254       0x38 zephyr/arch/arch/arm/core/mpu/libarch__arm__core__mpu.a(arm_core_mpu.c.obj)
                0x000000000000e254                z_arm_configure_static_mpu_regions
 .text.region_init
                0x000000000000e28c       0x34 zephyr/arch/arch/arm/core/mpu/libarch__arm__core__mpu.a(arm_mpu.c.obj)
 .text.region_allocate_and_init
                0x000000000000e2c0       0x38 zephyr/arch/arch/arm/core/mpu/libarch__arm__core__mpu.a(arm_mpu.c.obj)
 .text.mpu_configure_regions_and_partition.constprop.0
                0x000000000000e2f8      0x164 zephyr/arch/arch/arm/core/mpu/libarch__arm__core__mpu.a(arm_mpu.c.obj)
 .text.arm_core_mpu_enable
                0x000000000000e45c       0x18 zephyr/arch/arch/arm/core/mpu/libarch__arm__core__mpu.a(arm_mpu.c.obj)
                0x000000000000e45c                arm_core_mpu_enable
 .text.arm_core_mpu_disable
                0x000000000000e474       0x14 zephyr/arch/arch/arm/core/mpu/libarch__arm__core__mpu.a(arm_mpu.c.obj)
                0x000000000000e474                arm_core_mpu_disable
 .text.arm_core_mpu_configure_static_mpu_regions
                0x000000000000e488       0x14 zephyr/arch/arch/arm/core/mpu/libarch__arm__core__mpu.a(arm_mpu.c.obj)
                0x000000000000e488                arm_core_mpu_configure_static_mpu_regions
 .text.arm_core_mpu_mark_areas_for_dynamic_regions
                0x000000000000e49c       0xb8 zephyr/arch/arch/arm/core/mpu/libarch__arm__core__mpu.a(arm_mpu.c.obj)
                0x000000000000e49c                arm_core_mpu_mark_areas_for_dynamic_regions
 .text.z_arm_mpu_init
                0x000000000000e554      0x11c zephyr/arch/arch/arm/core/mpu/libarch__arm__core__mpu.a(arm_mpu.c.obj)
                0x000000000000e554                z_arm_mpu_init
 .text.__stdout_hook_install
                0x000000000000e670        0xc zephyr/lib/libc/newlib/liblib__libc__newlib.a(libc-hooks.c.obj)
                0x000000000000e670                __stdout_hook_install
 .text.z_impl_zephyr_write_stdout
                0x000000000000e67c       0x30 zephyr/lib/libc/newlib/liblib__libc__newlib.a(libc-hooks.c.obj)
                0x000000000000e67c                z_impl_zephyr_write_stdout
 .text._sbrk    0x000000000000e6ac       0x28 zephyr/lib/libc/newlib/liblib__libc__newlib.a(libc-hooks.c.obj)
                0x000000000000e6ac                _sbrk
                0x000000000000e6ac                sbrk
 .text.abort    0x000000000000e6d4       0x1c zephyr/lib/libc/common/liblib__libc__common.a(abort.c.obj)
                0x000000000000e6d4                abort
 .text.pthread_barrier_pool_init
                0x000000000000e6f0       0x28 zephyr/lib/posix/options/liblib__posix__options.a(barrier.c.obj)
 .text.pthread_cond_pool_init
                0x000000000000e718       0x20 zephyr/lib/posix/options/liblib__posix__options.a(cond.c.obj)
 .text.pthread_mutex_pool_init
                0x000000000000e738       0x20 zephyr/lib/posix/options/liblib__posix__options.a(mutex.c.obj)
 .text.posix_thread_pool_init
                0x000000000000e758       0x34 zephyr/lib/posix/options/liblib__posix__options.a(pthread.c.obj)
 .text.nordicsemi_nrf91_init
                0x000000000000e78c       0x10 zephyr/soc/soc/nrf9160/libsoc__nordic.a(soc.c.obj)
 .text.arch_busy_wait
                0x000000000000e79c       0x14 zephyr/soc/soc/nrf9160/libsoc__nordic.a(soc.c.obj)
                0x000000000000e79c                arch_busy_wait
 .text.z_impl_sys_rand_get
                0x000000000000e7b0       0x40 zephyr/subsys/random/libsubsys__random.a(random_entropy_device.c.obj)
                0x000000000000e7b0                z_impl_sys_rand_get
 .text.net_hostname_init
                0x000000000000e7f0       0x18 zephyr/subsys/net/libsubsys__net.a(hostname.c.obj)
                0x000000000000e7f0                net_hostname_init
 .text.z_impl_zsock_socket
                0x000000000000e808       0x5c zephyr/subsys/net/libsubsys__net.a(sockets.c.obj)
                0x000000000000e808                z_impl_zsock_socket
 .text.zsock_poll_internal
                0x000000000000e864      0x1fc zephyr/subsys/net/libsubsys__net.a(sockets.c.obj)
                0x000000000000e864                zsock_poll_internal
 .text.socket_offload_dns_register
                0x000000000000ea60        0xc zephyr/subsys/net/libsubsys__net.a(socket_offload.c.obj)
                0x000000000000ea60                socket_offload_dns_register
 .text.socket_offload_getaddrinfo
                0x000000000000ea6c       0x14 zephyr/subsys/net/libsubsys__net.a(socket_offload.c.obj)
                0x000000000000ea6c                socket_offload_getaddrinfo
 .text.socket_offload_freeaddrinfo
                0x000000000000ea80        0xc zephyr/subsys/net/libsubsys__net.a(socket_offload.c.obj)
                0x000000000000ea80                socket_offload_freeaddrinfo
 .text.net_if_set_name
                0x000000000000ea8c       0x64 zephyr/subsys/net/ip/libsubsys__net__ip.a(net_if.c.obj)
                0x000000000000ea8c                net_if_set_name
 .text.net_if_init
                0x000000000000eaf0       0xbc zephyr/subsys/net/ip/libsubsys__net__ip.a(net_if.c.obj)
                0x000000000000eaf0                net_if_init
 .text.net_if_post_init
                0x000000000000ebac       0x28 zephyr/subsys/net/ip/libsubsys__net__ip.a(net_if.c.obj)
                0x000000000000ebac                net_if_post_init
 .text.z_impl_net_addr_ntop
                0x000000000000ebd4      0x1d4 zephyr/subsys/net/ip/libsubsys__net__ip.a(utils.c.obj)
                0x000000000000ebd4                z_impl_net_addr_ntop
 .text.connect_request_encode
                0x000000000000eda8      0x104 zephyr/subsys/net/lib/mqtt/libsubsys__net__lib__mqtt.a(mqtt_encoder.c.obj)
                0x000000000000eda8                connect_request_encode
 .text.disconnect_encode
                0x000000000000eeac       0x24 zephyr/subsys/net/lib/mqtt/libsubsys__net__lib__mqtt.a(mqtt_encoder.c.obj)
                0x000000000000eeac                disconnect_encode
 .text.ping_request_encode
                0x000000000000eed0       0x24 zephyr/subsys/net/lib/mqtt/libsubsys__net__lib__mqtt.a(mqtt_encoder.c.obj)
                0x000000000000eed0                ping_request_encode
 .text.mqtt_transport_connect
                0x000000000000eef4       0x14 zephyr/subsys/net/lib/mqtt/libsubsys__net__lib__mqtt.a(mqtt_transport.c.obj)
                0x000000000000eef4                mqtt_transport_connect
 .text.mqtt_transport_write
                0x000000000000ef08       0x18 zephyr/subsys/net/lib/mqtt/libsubsys__net__lib__mqtt.a(mqtt_transport.c.obj)
                0x000000000000ef08                mqtt_transport_write
 .text.mqtt_transport_write_msg
                0x000000000000ef20       0x18 zephyr/subsys/net/lib/mqtt/libsubsys__net__lib__mqtt.a(mqtt_transport.c.obj)
                0x000000000000ef20                mqtt_transport_write_msg
 .text.mqtt_transport_read
                0x000000000000ef38       0x1c zephyr/subsys/net/lib/mqtt/libsubsys__net__lib__mqtt.a(mqtt_transport.c.obj)
                0x000000000000ef38                mqtt_transport_read
 .text.onoff_stop
                0x000000000000ef54       0x30 zephyr/drivers/clock_control/libdrivers__clock_control.a(clock_control_nrf.c.obj)
 .text.onoff_start
                0x000000000000ef84       0x44 zephyr/drivers/clock_control/libdrivers__clock_control.a(clock_control_nrf.c.obj)
 .text.generic_hfclk_stop
                0x000000000000efc8       0x34 zephyr/drivers/clock_control/libdrivers__clock_control.a(clock_control_nrf.c.obj)
 .text.clk_init
                0x000000000000effc       0x58 zephyr/drivers/clock_control/libdrivers__clock_control.a(clock_control_nrf.c.obj)
 .text.api_blocking_start
                0x000000000000f054       0x3c zephyr/drivers/clock_control/libdrivers__clock_control.a(clock_control_nrf.c.obj)
 .text.clkstarted_handle.constprop.0
                0x000000000000f090       0x4c zephyr/drivers/clock_control/libdrivers__clock_control.a(clock_control_nrf.c.obj)
 .text.generic_hfclk_start
                0x000000000000f0dc       0x7c zephyr/drivers/clock_control/libdrivers__clock_control.a(clock_control_nrf.c.obj)
 .text.clock_event_handler
                0x000000000000f158       0x1c zephyr/drivers/clock_control/libdrivers__clock_control.a(clock_control_nrf.c.obj)
 .text.z_nrf_clock_control_lf_on
                0x000000000000f174       0xf4 zephyr/drivers/clock_control/libdrivers__clock_control.a(clock_control_nrf.c.obj)
                0x000000000000f174                z_nrf_clock_control_lf_on
 .text.uart_console_init
                0x000000000000f268       0x28 zephyr/drivers/console/libdrivers__console.a(uart_console.c.obj)
 .text.console_out
                0x000000000000f290       0x28 zephyr/drivers/console/libdrivers__console.a(uart_console.c.obj)
 .text.gpio_nrfx_init
                0x000000000000f2b8       0x48 zephyr/drivers/gpio/libdrivers__gpio.a(gpio_nrfx.c.obj)
 .text.nrfx_gpio_handler
                0x000000000000f300       0x3c zephyr/drivers/gpio/libdrivers__gpio.a(gpio_nrfx.c.obj)
 .text.gpio_nrfx_pin_configure
                0x000000000000f33c      0x17c zephyr/drivers/gpio/libdrivers__gpio.a(gpio_nrfx.c.obj)
 .text.gpio_nrfx_pin_interrupt_configure
                0x000000000000f4b8       0xf4 zephyr/drivers/gpio/libdrivers__gpio.a(gpio_nrfx.c.obj)
 .text.pinctrl_configure_pins
                0x000000000000f5ac      0x17c zephyr/drivers/pinctrl/libdrivers__pinctrl.a(pinctrl_nrf.c.obj)
                0x000000000000f5ac                pinctrl_configure_pins
 .text.uarte_nrfx_poll_out
                0x000000000000f728       0xb4 zephyr/drivers/serial/libdrivers__serial.a(uart_nrfx_uarte.c.obj)
 .text.uarte_0_init
                0x000000000000f7dc      0x11c zephyr/drivers/serial/libdrivers__serial.a(uart_nrfx_uarte.c.obj)
 .text.compare_int_lock
                0x000000000000f8f8       0x40 zephyr/drivers/timer/libdrivers__timer.a(nrf_rtc_timer.c.obj)
 .text.sys_clock_timeout_handler
                0x000000000000f938       0x48 zephyr/drivers/timer/libdrivers__timer.a(nrf_rtc_timer.c.obj)
 .text.compare_int_unlock
                0x000000000000f980       0x4c zephyr/drivers/timer/libdrivers__timer.a(nrf_rtc_timer.c.obj)
 .text.z_nrf_rtc_timer_read
                0x000000000000f9cc       0x44 zephyr/drivers/timer/libdrivers__timer.a(nrf_rtc_timer.c.obj)
                0x000000000000f9cc                z_nrf_rtc_timer_read
 .text.compare_set
                0x000000000000fa10      0x124 zephyr/drivers/timer/libdrivers__timer.a(nrf_rtc_timer.c.obj)
 .text.sys_clock_driver_init
                0x000000000000fb34       0x90 zephyr/drivers/timer/libdrivers__timer.a(nrf_rtc_timer.c.obj)
 .text.rtc_nrf_isr
                0x000000000000fbc4       0xd0 zephyr/drivers/timer/libdrivers__timer.a(nrf_rtc_timer.c.obj)
                0x000000000000fbc4                rtc_nrf_isr
 .text.sys_clock_set_timeout
                0x000000000000fc94       0x5c zephyr/drivers/timer/libdrivers__timer.a(nrf_rtc_timer.c.obj)
                0x000000000000fc94                sys_clock_set_timeout
 .text.sys_clock_elapsed
                0x000000000000fcf0       0x14 zephyr/drivers/timer/libdrivers__timer.a(nrf_rtc_timer.c.obj)
                0x000000000000fcf0                sys_clock_elapsed
 .text.nrf_modem_lib_dfu_handler
                0x000000000000fd04       0x24 modules/nrf/lib/nrf_modem_lib/lib..__nrf__lib__nrf_modem_lib.a(nrf_modem_lib.c.obj)
 .text.nrf_modem_lib_init
                0x000000000000fd28       0x50 modules/nrf/lib/nrf_modem_lib/lib..__nrf__lib__nrf_modem_lib.a(nrf_modem_lib.c.obj)
                0x000000000000fd28                nrf_modem_lib_init
 .text.thread_monitor_entry_get
                0x000000000000fd78       0x48 modules/nrf/lib/nrf_modem_lib/lib..__nrf__lib__nrf_modem_lib.a(nrf_modem_os.c.obj)
 .text.on_init  0x000000000000fdc0       0x20 modules/nrf/lib/nrf_modem_lib/lib..__nrf__lib__nrf_modem_lib.a(nrf_modem_os.c.obj)
 .text.nrf_modem_os_timedwait
                0x000000000000fde0      0x180 modules/nrf/lib/nrf_modem_lib/lib..__nrf__lib__nrf_modem_lib.a(nrf_modem_os.c.obj)
                0x000000000000fde0                nrf_modem_os_timedwait
 .text.nrf_modem_os_sem_init
                0x000000000000ff60       0x44 modules/nrf/lib/nrf_modem_lib/lib..__nrf__lib__nrf_modem_lib.a(nrf_modem_os.c.obj)
                0x000000000000ff60                nrf_modem_os_sem_init
 .text.nrf_modem_os_mutex_init
                0x000000000000ffa4       0x34 modules/nrf/lib/nrf_modem_lib/lib..__nrf__lib__nrf_modem_lib.a(nrf_modem_os.c.obj)
                0x000000000000ffa4                nrf_modem_os_mutex_init
 .text.nrf_modem_os_event_notify
                0x000000000000ffd8       0x38 modules/nrf/lib/nrf_modem_lib/lib..__nrf__lib__nrf_modem_lib.a(nrf_modem_os.c.obj)
                0x000000000000ffd8                nrf_modem_os_event_notify
 .text.nrf_modem_os_alloc
                0x0000000000010010       0x10 modules/nrf/lib/nrf_modem_lib/lib..__nrf__lib__nrf_modem_lib.a(nrf_modem_os.c.obj)
                0x0000000000010010                nrf_modem_os_alloc
 .text.nrf_modem_os_free
                0x0000000000010020        0xc modules/nrf/lib/nrf_modem_lib/lib..__nrf__lib__nrf_modem_lib.a(nrf_modem_os.c.obj)
                0x0000000000010020                nrf_modem_os_free
 .text.nrf_modem_os_shm_tx_alloc
                0x000000000001002c       0x10 modules/nrf/lib/nrf_modem_lib/lib..__nrf__lib__nrf_modem_lib.a(nrf_modem_os.c.obj)
                0x000000000001002c                nrf_modem_os_shm_tx_alloc
 .text.nrf_modem_os_shm_tx_free
                0x000000000001003c        0xc modules/nrf/lib/nrf_modem_lib/lib..__nrf__lib__nrf_modem_lib.a(nrf_modem_os.c.obj)
                0x000000000001003c                nrf_modem_os_shm_tx_free
 .text.nrf_modem_os_init
                0x0000000000010048       0x30 modules/nrf/lib/nrf_modem_lib/lib..__nrf__lib__nrf_modem_lib.a(nrf_modem_os.c.obj)
                0x0000000000010048                nrf_modem_os_init
 .text.nrf_modem_os_shutdown
                0x0000000000010078       0x18 modules/nrf/lib/nrf_modem_lib/lib..__nrf__lib__nrf_modem_lib.a(nrf_modem_os.c.obj)
                0x0000000000010078                nrf_modem_os_shutdown
 .text.cfun_callback
                0x0000000000010090       0x24 modules/nrf/lib/nrf_modem_lib/lib..__nrf__lib__nrf_modem_lib.a(cfun_hooks.c.obj)
 .text.on_modem_init
                0x00000000000100b4        0xc modules/nrf/lib/nrf_modem_lib/lib..__nrf__lib__nrf_modem_lib.a(cfun_hooks.c.obj)
 .text.z_to_nrf_optname
                0x00000000000100c0       0xdc modules/nrf/lib/nrf_modem_lib/lib..__nrf__lib__nrf_modem_lib.a(nrf9x_sockets.c.obj)
 .text.nrf9x_socket_offload_init
                0x000000000001019c       0x24 modules/nrf/lib/nrf_modem_lib/lib..__nrf__lib__nrf_modem_lib.a(nrf9x_sockets.c.obj)
 .text.nrf9x_socket_is_supported
                0x00000000000101c0       0x38 modules/nrf/lib/nrf_modem_lib/lib..__nrf__lib__nrf_modem_lib.a(nrf9x_sockets.c.obj)
 .text.pollcb   0x00000000000101f8       0x30 modules/nrf/lib/nrf_modem_lib/lib..__nrf__lib__nrf_modem_lib.a(nrf9x_sockets.c.obj)
 .text.nrf9x_socket_offload_sendmsg
                0x0000000000010228      0x110 modules/nrf/lib/nrf_modem_lib/lib..__nrf__lib__nrf_modem_lib.a(nrf9x_sockets.c.obj)
 .text.allocate_ctx
                0x0000000000010338       0x44 modules/nrf/lib/nrf_modem_lib/lib..__nrf__lib__nrf_modem_lib.a(nrf9x_sockets.c.obj)
 .text.release_ctx
                0x000000000001037c       0x2c modules/nrf/lib/nrf_modem_lib/lib..__nrf__lib__nrf_modem_lib.a(nrf9x_sockets.c.obj)
 .text.nrf9x_iface_api_init
                0x00000000000103a8       0x38 modules/nrf/lib/nrf_modem_lib/lib..__nrf__lib__nrf_modem_lib.a(nrf9x_sockets.c.obj)
 .text.nrf9x_socket_offload_ioctl
                0x00000000000103e0      0x10c modules/nrf/lib/nrf_modem_lib/lib..__nrf__lib__nrf_modem_lib.a(nrf9x_sockets.c.obj)
 .text.nrf9x_socket_create
                0x00000000000104ec       0x9c modules/nrf/lib/nrf_modem_lib/lib..__nrf__lib__nrf_modem_lib.a(nrf9x_sockets.c.obj)
 .text.nrf9x_socket_offload_accept
                0x0000000000010588       0xe4 modules/nrf/lib/nrf_modem_lib/lib..__nrf__lib__nrf_modem_lib.a(nrf9x_sockets.c.obj)
 .text.nrf_modem_fault_handler
                0x000000000001066c       0x20 modules/nrf/lib/nrf_modem_lib/lib..__nrf__lib__nrf_modem_lib.a(fault.c.obj)
                0x000000000001066c                nrf_modem_fault_handler
 .text.dk_set_led.part.0
                0x000000000001068c       0x18 modules/nrf/lib/dk_buttons_and_leds/lib..__nrf__lib__dk_buttons_and_leds.a(dk_buttons_and_leds.c.obj)
 .text.get_buttons.part.0
                0x00000000000106a4       0x18 modules/nrf/lib/dk_buttons_and_leds/lib..__nrf__lib__dk_buttons_and_leds.a(dk_buttons_and_leds.c.obj)
 .text.get_buttons
                0x00000000000106bc       0x5c modules/nrf/lib/dk_buttons_and_leds/lib..__nrf__lib__dk_buttons_and_leds.a(dk_buttons_and_leds.c.obj)
 .text.dk_set_leds_state.part.0
                0x0000000000010718       0x58 modules/nrf/lib/dk_buttons_and_leds/lib..__nrf__lib__dk_buttons_and_leds.a(dk_buttons_and_leds.c.obj)
 .text.callback_ctrl
                0x0000000000010770       0xa0 modules/nrf/lib/dk_buttons_and_leds/lib..__nrf__lib__dk_buttons_and_leds.a(dk_buttons_and_leds.c.obj)
 .text.button_pressed
                0x0000000000010810       0x64 modules/nrf/lib/dk_buttons_and_leds/lib..__nrf__lib__dk_buttons_and_leds.a(dk_buttons_and_leds.c.obj)
 .text.buttons_scan_fn
                0x0000000000010874      0x104 modules/nrf/lib/dk_buttons_and_leds/lib..__nrf__lib__dk_buttons_and_leds.a(dk_buttons_and_leds.c.obj)
 .text.dk_leds_init
                0x0000000000010978       0x40 modules/nrf/lib/dk_buttons_and_leds/lib..__nrf__lib__dk_buttons_and_leds.a(dk_buttons_and_leds.c.obj)
                0x0000000000010978                dk_leds_init
 .text.dk_read_buttons
                0x00000000000109b8       0x20 modules/nrf/lib/dk_buttons_and_leds/lib..__nrf__lib__dk_buttons_and_leds.a(dk_buttons_and_leds.c.obj)
                0x00000000000109b8                dk_read_buttons
 .text.dk_buttons_init
                0x00000000000109d8      0x11c modules/nrf/lib/dk_buttons_and_leds/lib..__nrf__lib__dk_buttons_and_leds.a(dk_buttons_and_leds.c.obj)
                0x00000000000109d8                dk_buttons_init
 .text.dk_set_led
                0x0000000000010af4       0x3c modules/nrf/lib/dk_buttons_and_leds/lib..__nrf__lib__dk_buttons_and_leds.a(dk_buttons_and_leds.c.obj)
                0x0000000000010af4                dk_set_led
 .text.at_monitor_sys_init
                0x0000000000010b30       0x28 modules/nrf/lib/at_monitor/lib..__nrf__lib__at_monitor.a(at_monitor.c.obj)
 .text.at_monitor_dispatch
                0x0000000000010b58       0xbc modules/nrf/lib/at_monitor/lib..__nrf__lib__at_monitor.a(at_monitor.c.obj)
                0x0000000000010b58                at_monitor_dispatch
 .text.at_monitor_task
                0x0000000000010c14       0x64 modules/nrf/lib/at_monitor/lib..__nrf__lib__at_monitor.a(at_monitor.c.obj)
 .text.at_parser_check
                0x0000000000010c78       0x28 modules/nrf/lib/at_parser/lib..__nrf__lib__at_parser.a(at_parser.c.obj)
 .text.at_parser_tok
                0x0000000000010ca0      0x148 modules/nrf/lib/at_parser/lib..__nrf__lib__at_parser.a(at_parser.c.obj)
 .text.at_parser_init
                0x0000000000010de8       0x20 modules/nrf/lib/at_parser/lib..__nrf__lib__at_parser.a(at_parser.c.obj)
                0x0000000000010de8                at_parser_init
 .text.at_match_str
                0x0000000000010e08       0x84 modules/nrf/lib/at_parser/lib..__nrf__lib__at_parser.a(at_match.c.obj)
                0x0000000000010e08                at_match_str
 .text.lte_lc_connect_async
                0x0000000000010e8c       0x34 modules/nrf/lib/lte_link_control/lib..__nrf__lib__lte_link_control.a(lte_lc.c.obj)
                0x0000000000010e8c                lte_lc_connect_async
 .text.lte_lc_on_modem_cfun
                0x0000000000010ec0       0x24 modules/nrf/lib/lte_link_control/lib..__nrf__lib__lte_link_control.a(lte_lc_modem_hooks.c.obj)
 .text.on_modem_init.part.0
                0x0000000000010ee4       0x14 modules/nrf/lib/lte_link_control/lib..__nrf__lib__lte_link_control.a(lte_lc_modem_hooks.c.obj)
 .text.on_modem_init
                0x0000000000010ef8       0x4c modules/nrf/lib/lte_link_control/lib..__nrf__lib__lte_link_control.a(lte_lc_modem_hooks.c.obj)
 .text.k_mutex_unlock.constprop.0.isra.0
                0x0000000000010f44        0xc modules/nrf/lib/lte_link_control/lib..__nrf__lib__lte_link_control.a(event_handler_list.c.obj)
 .text.event_handler_list_handler_append
                0x0000000000010f50       0x58 modules/nrf/lib/lte_link_control/lib..__nrf__lib__lte_link_control.a(event_handler_list.c.obj)
                0x0000000000010f50                event_handler_list_handler_append
 .text.event_handler_list_dispatch
                0x0000000000010fa8       0x48 modules/nrf/lib/lte_link_control/lib..__nrf__lib__lte_link_control.a(event_handler_list.c.obj)
                0x0000000000010fa8                event_handler_list_dispatch
 .text.event_handler_list_is_empty
                0x0000000000010ff0       0x10 modules/nrf/lib/lte_link_control/lib..__nrf__lib__lte_link_control.a(event_handler_list.c.obj)
                0x0000000000010ff0                event_handler_list_is_empty
 .text.work_q_start
                0x0000000000011000       0x30 modules/nrf/lib/lte_link_control/lib..__nrf__lib__lte_link_control.a(work_q.c.obj)
                0x0000000000011000                work_q_start
 .text.at_handler_cereg
                0x0000000000011030      0x268 modules/nrf/lib/lte_link_control/lib..__nrf__lib__lte_link_control.a(cereg.c.obj)
 .text.cereg_status_get
                0x0000000000011298       0x58 modules/nrf/lib/lte_link_control/lib..__nrf__lib__lte_link_control.a(cereg.c.obj)
                0x0000000000011298                cereg_status_get
 .text.cereg_lte_connect
                0x00000000000112f0       0xd0 modules/nrf/lib/lte_link_control/lib..__nrf__lib__lte_link_control.a(cereg.c.obj)
                0x00000000000112f0                cereg_lte_connect
 .text.cereg_notifications_enable
                0x00000000000113c0       0x28 modules/nrf/lib/lte_link_control/lib..__nrf__lib__lte_link_control.a(cereg.c.obj)
                0x00000000000113c0                cereg_notifications_enable
 .text.cfun_mode_get
                0x00000000000113e8       0x4c modules/nrf/lib/lte_link_control/lib..__nrf__lib__lte_link_control.a(cfun.c.obj)
                0x00000000000113e8                cfun_mode_get
 .text.cfun_mode_set
                0x0000000000011434       0x90 modules/nrf/lib/lte_link_control/lib..__nrf__lib__lte_link_control.a(cfun.c.obj)
                0x0000000000011434                cfun_mode_set
 .text.at_handler_cscon
                0x00000000000114c4       0x7c modules/nrf/lib/lte_link_control/lib..__nrf__lib__lte_link_control.a(cscon.c.obj)
 .text.cscon_notifications_enable
                0x0000000000011540       0x28 modules/nrf/lib/lte_link_control/lib..__nrf__lib__lte_link_control.a(cscon.c.obj)
                0x0000000000011540                cscon_notifications_enable
 .text.at_handler_mdmev
                0x0000000000011568       0x58 modules/nrf/lib/lte_link_control/lib..__nrf__lib__lte_link_control.a(mdmev.c.obj)
 .text.xsystemmode_mode_set
                0x00000000000115c0       0x7c modules/nrf/lib/lte_link_control/lib..__nrf__lib__lte_link_control.a(xsystemmode.c.obj)
                0x00000000000115c0                xsystemmode_mode_set
 .text.set_antenna_configuration.part.0
                0x000000000001163c       0x2c modules/nrf/lib/modem_antenna/lib..__nrf__lib__modem_antenna.a(modem_antenna.c.obj)
 .text.on_modem_lib_init
                0x0000000000011668       0x40 modules/nrf/lib/modem_antenna/lib..__nrf__lib__modem_antenna.a(modem_antenna.c.obj)
 .text.ns_fault_init
                0x00000000000116a8       0x30 modules/nrf/modules/trusted-firmware-m/lib..__nrf__modules__trusted-firmware-m.a(fault.c.obj)
 .text.arm_fault
                0x00000000000116d8      0x24c modules/nrf/modules/trusted-firmware-m/lib..__nrf__modules__trusted-firmware-m.a(fault.c.obj)
                0x00000000000116d8                arm_fault
 .text.tfm_ns_fault_handler_callback
                0x0000000000011924       0x48 modules/nrf/modules/trusted-firmware-m/lib..__nrf__modules__trusted-firmware-m.a(fault.c.obj)
                0x0000000000011924                tfm_ns_fault_handler_callback
 .text.tfm_ns_interface_dispatch
                0x000000000001196c       0x68 modules/trusted-firmware-m/libtfm_api.a(interface.c.obj)
                0x000000000001196c                tfm_ns_interface_dispatch
 .text.tfm_platform_ioctl
                0x00000000000119d4       0x4c modules/trusted-firmware-m/libtfm_api.a(tfm_platform_api.c.obj)
                0x00000000000119d4                tfm_platform_ioctl
 .text.psa_generate_random
                0x0000000000011a20       0x48 modules/trusted-firmware-m/libtfm_api.a(tfm_crypto_api.c.obj)
                0x0000000000011a20                psa_generate_random
 .text.psa_call
                0x0000000000011a68       0x34 modules/trusted-firmware-m/libtfm_api.a(tfm_tz_psa_ns_api.c.obj)
                0x0000000000011a68                psa_call
 .text.nrfx_flag32_alloc
                0x0000000000011a9c       0x40 modules/hal_nordic/nrfx/libmodules__hal_nordic__nrfx.a(nrfx_flag32_allocator.c.obj)
                0x0000000000011a9c                nrfx_flag32_alloc
 .text.nrfx_flag32_free
                0x0000000000011adc       0x38 modules/hal_nordic/nrfx/libmodules__hal_nordic__nrfx.a(nrfx_flag32_allocator.c.obj)
                0x0000000000011adc                nrfx_flag32_free
 .text.nrfx_gppi_channels_enable
                0x0000000000011b14        0xc modules/hal_nordic/nrfx/libmodules__hal_nordic__nrfx.a(nrfx_gppi_dppi.c.obj)
                0x0000000000011b14                nrfx_gppi_channels_enable
 .text.nrfx_gppi_channel_alloc
                0x0000000000011b20        0xc modules/hal_nordic/nrfx/libmodules__hal_nordic__nrfx.a(nrfx_gppi_dppi.c.obj)
                0x0000000000011b20                nrfx_gppi_channel_alloc
 .text.clock_stop
                0x0000000000011b2c       0xb0 modules/hal_nordic/nrfx/libmodules__hal_nordic__nrfx.a(nrfx_clock.c.obj)
 .text.nrfx_clock_init
                0x0000000000011bdc       0x20 modules/hal_nordic/nrfx/libmodules__hal_nordic__nrfx.a(nrfx_clock.c.obj)
                0x0000000000011bdc                nrfx_clock_init
 .text.nrfx_clock_enable
                0x0000000000011bfc       0x28 modules/hal_nordic/nrfx/libmodules__hal_nordic__nrfx.a(nrfx_clock.c.obj)
                0x0000000000011bfc                nrfx_clock_enable
 .text.nrfx_clock_start
                0x0000000000011c24       0xb8 modules/hal_nordic/nrfx/libmodules__hal_nordic__nrfx.a(nrfx_clock.c.obj)
                0x0000000000011c24                nrfx_clock_start
 .text.nrfx_power_clock_irq_handler
                0x0000000000011cdc       0x64 modules/hal_nordic/nrfx/libmodules__hal_nordic__nrfx.a(nrfx_clock.c.obj)
                0x0000000000011cdc                nrfx_power_clock_irq_handler
 .text.nrfx_dppi_channel_alloc
                0x0000000000011d40       0x10 modules/hal_nordic/nrfx/libmodules__hal_nordic__nrfx.a(nrfx_dppi.c.obj)
                0x0000000000011d40                nrfx_dppi_channel_alloc
 .text.nrf_gpio_pin_port_decode
                0x0000000000011d50       0x18 modules/hal_nordic/nrfx/libmodules__hal_nordic__nrfx.a(nrfx_gpiote.c.obj)
 .text.release_handler
                0x0000000000011d68       0x6c modules/hal_nordic/nrfx/libmodules__hal_nordic__nrfx.a(nrfx_gpiote.c.obj)
 .text.pin_te_get.isra.0
                0x0000000000011dd4       0x18 modules/hal_nordic/nrfx/libmodules__hal_nordic__nrfx.a(nrfx_gpiote.c.obj)
 .text.pin_is_input.isra.0
                0x0000000000011dec       0x20 modules/hal_nordic/nrfx/libmodules__hal_nordic__nrfx.a(nrfx_gpiote.c.obj)
 .text.pin_in_use_by_te.isra.0
                0x0000000000011e0c       0x1c modules/hal_nordic/nrfx/libmodules__hal_nordic__nrfx.a(nrfx_gpiote.c.obj)
 .text.latch_pending_read_and_check
                0x0000000000011e28       0x1c modules/hal_nordic/nrfx/libmodules__hal_nordic__nrfx.a(nrfx_gpiote.c.obj)
 .text.__nrfy_internal_gpiote_events_process.constprop.0
                0x0000000000011e44       0x5c modules/hal_nordic/nrfx/libmodules__hal_nordic__nrfx.a(nrfx_gpiote.c.obj)
 .text.irq_handler.constprop.0
                0x0000000000011ea0      0x15c modules/hal_nordic/nrfx/libmodules__hal_nordic__nrfx.a(nrfx_gpiote.c.obj)
 .text.pin_uninit
                0x0000000000011ffc       0xa0 modules/hal_nordic/nrfx/libmodules__hal_nordic__nrfx.a(nrfx_gpiote.c.obj)
 .text.nrfx_gpiote_input_configure
                0x000000000001209c      0x1f8 modules/hal_nordic/nrfx/libmodules__hal_nordic__nrfx.a(nrfx_gpiote.c.obj)
                0x000000000001209c                nrfx_gpiote_input_configure
 .text.nrfx_gpiote_output_configure
                0x0000000000012294      0x130 modules/hal_nordic/nrfx/libmodules__hal_nordic__nrfx.a(nrfx_gpiote.c.obj)
                0x0000000000012294                nrfx_gpiote_output_configure
 .text.nrfx_gpiote_global_callback_set
                0x00000000000123c4       0x1c modules/hal_nordic/nrfx/libmodules__hal_nordic__nrfx.a(nrfx_gpiote.c.obj)
                0x00000000000123c4                nrfx_gpiote_global_callback_set
 .text.nrfx_gpiote_channel_get
                0x00000000000123e0       0x38 modules/hal_nordic/nrfx/libmodules__hal_nordic__nrfx.a(nrfx_gpiote.c.obj)
                0x00000000000123e0                nrfx_gpiote_channel_get
 .text.nrfx_gpiote_init
                0x0000000000012418       0x78 modules/hal_nordic/nrfx/libmodules__hal_nordic__nrfx.a(nrfx_gpiote.c.obj)
                0x0000000000012418                nrfx_gpiote_init
 .text.nrfx_gpiote_init_check
                0x0000000000012490       0x1c modules/hal_nordic/nrfx/libmodules__hal_nordic__nrfx.a(nrfx_gpiote.c.obj)
                0x0000000000012490                nrfx_gpiote_init_check
 .text.nrfx_gpiote_channel_free
                0x00000000000124ac       0x18 modules/hal_nordic/nrfx/libmodules__hal_nordic__nrfx.a(nrfx_gpiote.c.obj)
                0x00000000000124ac                nrfx_gpiote_channel_free
 .text.nrfx_gpiote_channel_alloc
                0x00000000000124c4       0x18 modules/hal_nordic/nrfx/libmodules__hal_nordic__nrfx.a(nrfx_gpiote.c.obj)
                0x00000000000124c4                nrfx_gpiote_channel_alloc
 .text.nrfx_gpiote_trigger_enable
                0x00000000000124dc       0xb0 modules/hal_nordic/nrfx/libmodules__hal_nordic__nrfx.a(nrfx_gpiote.c.obj)
                0x00000000000124dc                nrfx_gpiote_trigger_enable
 .text.nrfx_gpiote_1_irq_handler
                0x000000000001258c        0xc modules/hal_nordic/nrfx/libmodules__hal_nordic__nrfx.a(nrfx_gpiote.c.obj)
                0x000000000001258c                nrfx_gpiote_1_irq_handler
 .text.nrfx_ipc_init
                0x0000000000012598       0x30 modules/hal_nordic/nrfx/libmodules__hal_nordic__nrfx.a(nrfx_ipc.c.obj)
                0x0000000000012598                nrfx_ipc_init
 .text.nrfx_ipc_config_load
                0x00000000000125c8       0x40 modules/hal_nordic/nrfx/libmodules__hal_nordic__nrfx.a(nrfx_ipc.c.obj)
                0x00000000000125c8                nrfx_ipc_config_load
 .text.nrfx_ipc_uninit
                0x0000000000012608       0x64 modules/hal_nordic/nrfx/libmodules__hal_nordic__nrfx.a(nrfx_ipc.c.obj)
                0x0000000000012608                nrfx_ipc_uninit
 .text.nrfx_ipc_receive_event_enable
                0x000000000001266c       0x10 modules/hal_nordic/nrfx/libmodules__hal_nordic__nrfx.a(nrfx_ipc.c.obj)
                0x000000000001266c                nrfx_ipc_receive_event_enable
 .text.nrfx_ipc_receive_event_disable
                0x000000000001267c       0x10 modules/hal_nordic/nrfx/libmodules__hal_nordic__nrfx.a(nrfx_ipc.c.obj)
                0x000000000001267c                nrfx_ipc_receive_event_disable
 .text.nrfx_ipc_irq_handler
                0x000000000001268c       0x40 modules/hal_nordic/nrfx/libmodules__hal_nordic__nrfx.a(nrfx_ipc.c.obj)
                0x000000000001268c                nrfx_ipc_irq_handler
 .text.modem_off
                0x00000000000126cc       0x28 /opt/nordic/ncs/v2.9.0/nrfxlib/nrf_modem/lib/cellular/nrf9160/soft-float/libmodem.a(nrf_modem.c.obj)
 .text.nrf_modem_platform_init
                0x00000000000126f4       0x3c /opt/nordic/ncs/v2.9.0/nrfxlib/nrf_modem/lib/cellular/nrf9160/soft-float/libmodem.a(nrf_modem.c.obj)
 .text.atomic_set.constprop.0.isra.0
                0x0000000000012730       0x14 /opt/nordic/ncs/v2.9.0/nrfxlib/nrf_modem/lib/cellular/nrf9160/soft-float/libmodem.a(nrf_modem.c.obj)
 .text.nrf_modem_init
                0x0000000000012744       0xcc /opt/nordic/ncs/v2.9.0/nrfxlib/nrf_modem/lib/cellular/nrf9160/soft-float/libmodem.a(nrf_modem.c.obj)
                0x0000000000012744                nrf_modem_init
 .text.nrf_modem_fault_handler_set
                0x0000000000012810        0xc /opt/nordic/ncs/v2.9.0/nrfxlib/nrf_modem/lib/cellular/nrf9160/soft-float/libmodem.a(nrf_modem_fault.c.obj)
                0x0000000000012810                nrf_modem_fault_handler_set
 .text.nrf_modem_fault_handler_internal
                0x000000000001281c       0x18 /opt/nordic/ncs/v2.9.0/nrfxlib/nrf_modem/lib/cellular/nrf9160/soft-float/libmodem.a(nrf_modem_fault.c.obj)
                0x000000000001281c                nrf_modem_fault_handler_internal
 .text.nrf_modem_state_set
                0x0000000000012834        0xc /opt/nordic/ncs/v2.9.0/nrfxlib/nrf_modem/lib/cellular/nrf9160/soft-float/libmodem.a(nrf_modem_state.c.obj)
                0x0000000000012834                nrf_modem_state_set
 .text.nrf_modem_state_is_initialized
                0x0000000000012840       0x10 /opt/nordic/ncs/v2.9.0/nrfxlib/nrf_modem/lib/cellular/nrf9160/soft-float/libmodem.a(nrf_modem_state.c.obj)
                0x0000000000012840                nrf_modem_state_is_initialized
 .text.rpc_handle_data_message
                0x0000000000012850       0x38 /opt/nordic/ncs/v2.9.0/nrfxlib/nrf_modem/lib/cellular/nrf9160/soft-float/libmodem.a(rpc_framework.c.obj)
                0x0000000000012850                rpc_handle_data_message
 .text.rpc_transport_init
                0x0000000000012888        0xc /opt/nordic/ncs/v2.9.0/nrfxlib/nrf_modem/lib/cellular/nrf9160/soft-float/libmodem.a(rpc_transport.c.obj)
                0x0000000000012888                rpc_transport_init
 .text.rpc_transport_msg_alloc
                0x0000000000012894        0xc /opt/nordic/ncs/v2.9.0/nrfxlib/nrf_modem/lib/cellular/nrf9160/soft-float/libmodem.a(rpc_transport.c.obj)
                0x0000000000012894                rpc_transport_msg_alloc
 .text.rpc_transport_msg_data_tx_size
                0x00000000000128a0        0xc /opt/nordic/ncs/v2.9.0/nrfxlib/nrf_modem/lib/cellular/nrf9160/soft-float/libmodem.a(rpc_transport.c.obj)
                0x00000000000128a0                rpc_transport_msg_data_tx_size
 .text.rpc_transport_msg_data_rx_free
                0x00000000000128ac        0xc /opt/nordic/ncs/v2.9.0/nrfxlib/nrf_modem/lib/cellular/nrf9160/soft-float/libmodem.a(rpc_transport.c.obj)
                0x00000000000128ac                rpc_transport_msg_data_rx_free
 .text.rpc_transport_msg_send
                0x00000000000128b8        0xc /opt/nordic/ncs/v2.9.0/nrfxlib/nrf_modem/lib/cellular/nrf9160/soft-float/libmodem.a(rpc_transport.c.obj)
                0x00000000000128b8                rpc_transport_msg_send
 .text.rpc_transport_data_rx_suspend
                0x00000000000128c4        0xc /opt/nordic/ncs/v2.9.0/nrfxlib/nrf_modem/lib/cellular/nrf9160/soft-float/libmodem.a(rpc_transport.c.obj)
                0x00000000000128c4                rpc_transport_data_rx_suspend
 .text.rpc_transport_data_rx_resume
                0x00000000000128d0        0xc /opt/nordic/ncs/v2.9.0/nrfxlib/nrf_modem/lib/cellular/nrf9160/soft-float/libmodem.a(rpc_transport.c.obj)
                0x00000000000128d0                rpc_transport_data_rx_resume
 .text.rpc_transport_ipc_msg_data_tx_size
                0x00000000000128dc        0xc /opt/nordic/ncs/v2.9.0/nrfxlib/nrf_modem/lib/cellular/nrf9160/soft-float/libmodem.a(rpc_transport_ipc.c.obj)
 .text.rpc_transport_ipc_msg_tx_free
                0x00000000000128e8       0x38 /opt/nordic/ncs/v2.9.0/nrfxlib/nrf_modem/lib/cellular/nrf9160/soft-float/libmodem.a(rpc_transport_ipc.c.obj)
 .text.handle_modem_rpc_msg
                0x0000000000012920       0x68 /opt/nordic/ncs/v2.9.0/nrfxlib/nrf_modem/lib/cellular/nrf9160/soft-float/libmodem.a(rpc_transport_ipc.c.obj)
 .text.rpc_message_handler
                0x0000000000012988       0x24 /opt/nordic/ncs/v2.9.0/nrfxlib/nrf_modem/lib/cellular/nrf9160/soft-float/libmodem.a(rpc_transport_ipc.c.obj)
 .text.ipc_irq_handler
                0x00000000000129ac       0xec /opt/nordic/ncs/v2.9.0/nrfxlib/nrf_modem/lib/cellular/nrf9160/soft-float/libmodem.a(rpc_transport_ipc.c.obj)
                0x00000000000129ac                ipc_irq_handler
 .text.rpc_transport_ipc_ctrl_msg_alloc
                0x0000000000012a98       0x44 /opt/nordic/ncs/v2.9.0/nrfxlib/nrf_modem/lib/cellular/nrf9160/soft-float/libmodem.a(rpc_transport_ipc.c.obj)
 .text.rpc_transport_ipc_data_msg_alloc
                0x0000000000012adc       0x24 /opt/nordic/ncs/v2.9.0/nrfxlib/nrf_modem/lib/cellular/nrf9160/soft-float/libmodem.a(rpc_transport_ipc.c.obj)
 .text.rpc_transport_ipc_data_msg_send
                0x0000000000012b00       0x6c /opt/nordic/ncs/v2.9.0/nrfxlib/nrf_modem/lib/cellular/nrf9160/soft-float/libmodem.a(rpc_transport_ipc.c.obj)
 .text.rpc_transport_ipc_init
                0x0000000000012b6c      0x1d4 /opt/nordic/ncs/v2.9.0/nrfxlib/nrf_modem/lib/cellular/nrf9160/soft-float/libmodem.a(rpc_transport_ipc.c.obj)
 .text.rpc_transport_ipc_ctrl_msg_send
                0x0000000000012d40       0x6c /opt/nordic/ncs/v2.9.0/nrfxlib/nrf_modem/lib/cellular/nrf9160/soft-float/libmodem.a(rpc_transport_ipc.c.obj)
 .text.rpc_transport_ipc_request_shutdown
                0x0000000000012dac       0x38 /opt/nordic/ncs/v2.9.0/nrfxlib/nrf_modem/lib/cellular/nrf9160/soft-float/libmodem.a(rpc_transport_ipc.c.obj)
 .text.rpc_transport_ipc_msg_data_rx_free
                0x0000000000012de4       0x30 /opt/nordic/ncs/v2.9.0/nrfxlib/nrf_modem/lib/cellular/nrf9160/soft-float/libmodem.a(rpc_transport_ipc.c.obj)
 .text.cfun_post_modem
                0x0000000000012e14       0x14 /opt/nordic/ncs/v2.9.0/nrfxlib/nrf_modem/lib/cellular/nrf9160/soft-float/libmodem.a(nrf_modem_at.c.obj)
 .text.at_cmd_vsprintf
                0x0000000000012e28       0x50 /opt/nordic/ncs/v2.9.0/nrfxlib/nrf_modem/lib/cellular/nrf9160/soft-float/libmodem.a(nrf_modem_at.c.obj)
 .text.cfun_pre_modem
                0x0000000000012e78       0x44 /opt/nordic/ncs/v2.9.0/nrfxlib/nrf_modem/lib/cellular/nrf9160/soft-float/libmodem.a(nrf_modem_at.c.obj)
 .text.at_cmd_send
                0x0000000000012ebc       0x68 /opt/nordic/ncs/v2.9.0/nrfxlib/nrf_modem/lib/cellular/nrf9160/soft-float/libmodem.a(nrf_modem_at.c.obj)
 .text.at_response_match
                0x0000000000012f24       0x48 /opt/nordic/ncs/v2.9.0/nrfxlib/nrf_modem/lib/cellular/nrf9160/soft-float/libmodem.a(nrf_modem_at.c.obj)
 .text.nrf_modem_at_notif_handler_set
                0x0000000000012f6c        0xc /opt/nordic/ncs/v2.9.0/nrfxlib/nrf_modem/lib/cellular/nrf9160/soft-float/libmodem.a(nrf_modem_at.c.obj)
                0x0000000000012f6c                nrf_modem_at_notif_handler_set
 .text.nrf_modem_at_cfun_handler_set
                0x0000000000012f78        0xc /opt/nordic/ncs/v2.9.0/nrfxlib/nrf_modem/lib/cellular/nrf9160/soft-float/libmodem.a(nrf_modem_at.c.obj)
                0x0000000000012f78                nrf_modem_at_cfun_handler_set
 .text.nrf_modem_at_printf
                0x0000000000012f84       0xc8 /opt/nordic/ncs/v2.9.0/nrfxlib/nrf_modem/lib/cellular/nrf9160/soft-float/libmodem.a(nrf_modem_at.c.obj)
                0x0000000000012f84                nrf_modem_at_printf
 .text.nrf_modem_at_cmd
                0x000000000001304c      0x18c /opt/nordic/ncs/v2.9.0/nrfxlib/nrf_modem/lib/cellular/nrf9160/soft-float/libmodem.a(nrf_modem_at.c.obj)
                0x000000000001304c                nrf_modem_at_cmd
 .text.nrf_modem_at_scanf
                0x00000000000131d8       0xf4 /opt/nordic/ncs/v2.9.0/nrfxlib/nrf_modem/lib/cellular/nrf9160/soft-float/libmodem.a(nrf_modem_at.c.obj)
                0x00000000000131d8                nrf_modem_at_scanf
 .text.rpc_at_event_handler
                0x00000000000132cc       0x88 /opt/nordic/ncs/v2.9.0/nrfxlib/nrf_modem/lib/cellular/nrf9160/soft-float/libmodem.a(nrf_modem_at.c.obj)
                0x00000000000132cc                rpc_at_event_handler
 .text.rpc_at_init
                0x0000000000013354       0x40 /opt/nordic/ncs/v2.9.0/nrfxlib/nrf_modem/lib/cellular/nrf9160/soft-float/libmodem.a(nrf_modem_at.c.obj)
                0x0000000000013354                rpc_at_init
 .text.sock_unref.isra.0
                0x0000000000013394       0x3c /opt/nordic/ncs/v2.9.0/nrfxlib/nrf_modem/lib/cellular/nrf9160/soft-float/libmodem.a(sock.c.obj)
 .text.sock_init
                0x00000000000133d0       0x3c /opt/nordic/ncs/v2.9.0/nrfxlib/nrf_modem/lib/cellular/nrf9160/soft-float/libmodem.a(sock.c.obj)
                0x00000000000133d0                sock_init
 .text.sock_open
                0x000000000001340c       0x68 /opt/nordic/ncs/v2.9.0/nrfxlib/nrf_modem/lib/cellular/nrf9160/soft-float/libmodem.a(sock.c.obj)
                0x000000000001340c                sock_open
 .text.sock_find
                0x0000000000013474       0x24 /opt/nordic/ncs/v2.9.0/nrfxlib/nrf_modem/lib/cellular/nrf9160/soft-float/libmodem.a(sock.c.obj)
                0x0000000000013474                sock_find
 .text._sock_close
                0x0000000000013498       0x30 /opt/nordic/ncs/v2.9.0/nrfxlib/nrf_modem/lib/cellular/nrf9160/soft-float/libmodem.a(sock.c.obj)
                0x0000000000013498                _sock_close
 .text.sock_shutdown
                0x00000000000134c8       0x28 /opt/nordic/ncs/v2.9.0/nrfxlib/nrf_modem/lib/cellular/nrf9160/soft-float/libmodem.a(sock.c.obj)
                0x00000000000134c8                sock_shutdown
 .text.sock_rpc_flow_control_set
                0x00000000000134f0       0x50 /opt/nordic/ncs/v2.9.0/nrfxlib/nrf_modem/lib/cellular/nrf9160/soft-float/libmodem.a(sock.c.obj)
                0x00000000000134f0                sock_rpc_flow_control_set
 .text.sock_proto_is_valid
                0x0000000000013540       0x30 /opt/nordic/ncs/v2.9.0/nrfxlib/nrf_modem/lib/cellular/nrf9160/soft-float/libmodem.a(sock.c.obj)
                0x0000000000013540                sock_proto_is_valid
 .text.on_getaddrinfo_res
                0x0000000000013570       0x28 /opt/nordic/ncs/v2.9.0/nrfxlib/nrf_modem/lib/cellular/nrf9160/soft-float/libmodem.a(dns.c.obj)
                0x0000000000013570                on_getaddrinfo_res
 .text.addrinfo_init
                0x0000000000013598       0x1c /opt/nordic/ncs/v2.9.0/nrfxlib/nrf_modem/lib/cellular/nrf9160/soft-float/libmodem.a(dns.c.obj)
                0x0000000000013598                addrinfo_init
 .text.nrf_getaddrinfo
                0x00000000000135b4      0x29c /opt/nordic/ncs/v2.9.0/nrfxlib/nrf_modem/lib/cellular/nrf9160/soft-float/libmodem.a(dns.c.obj)
                0x00000000000135b4                nrf_getaddrinfo
 .text.rpc_ip_event_handler
                0x0000000000013850      0x2d8 /opt/nordic/ncs/v2.9.0/nrfxlib/nrf_modem/lib/cellular/nrf9160/soft-float/libmodem.a(ip.c.obj)
                0x0000000000013850                rpc_ip_event_handler
 .text.nrf_close
                0x0000000000013b28       0x68 /opt/nordic/ncs/v2.9.0/nrfxlib/nrf_modem/lib/cellular/nrf9160/soft-float/libmodem.a(ip.c.obj)
                0x0000000000013b28                nrf_close
 .text.nrf_setsockopt
                0x0000000000013b90      0x1b4 /opt/nordic/ncs/v2.9.0/nrfxlib/nrf_modem/lib/cellular/nrf9160/soft-float/libmodem.a(ip.c.obj)
                0x0000000000013b90                nrf_setsockopt
 .text.nrf_getsockopt
                0x0000000000013d44      0x1b8 /opt/nordic/ncs/v2.9.0/nrfxlib/nrf_modem/lib/cellular/nrf9160/soft-float/libmodem.a(ip.c.obj)
                0x0000000000013d44                nrf_getsockopt
 .text.rpc_ip_init
                0x0000000000013efc       0x24 /opt/nordic/ncs/v2.9.0/nrfxlib/nrf_modem/lib/cellular/nrf9160/soft-float/libmodem.a(ip.c.obj)
                0x0000000000013efc                rpc_ip_init
 .text.on_tls_attach_res
                0x0000000000013f20       0x30 /opt/nordic/ncs/v2.9.0/nrfxlib/nrf_modem/lib/cellular/nrf9160/soft-float/libmodem.a(tls.c.obj)
                0x0000000000013f20                on_tls_attach_res
 .text.on_tls_handshake_ntf
                0x0000000000013f50       0x3c /opt/nordic/ncs/v2.9.0/nrfxlib/nrf_modem/lib/cellular/nrf9160/soft-float/libmodem.a(tls.c.obj)
                0x0000000000013f50                on_tls_handshake_ntf
 .text.tls_attach
                0x0000000000013f8c      0x108 /opt/nordic/ncs/v2.9.0/nrfxlib/nrf_modem/lib/cellular/nrf9160/soft-float/libmodem.a(tls.c.obj)
                0x0000000000013f8c                tls_attach
 .text.nrf_af_to_rpc_af
                0x0000000000014094       0x10 /opt/nordic/ncs/v2.9.0/nrfxlib/nrf_modem/lib/cellular/nrf9160/soft-float/libmodem.a(tables.c.obj)
                0x0000000000014094                nrf_af_to_rpc_af
 .text.nrf_so_to_rpc_so
                0x00000000000140a4       0x18 /opt/nordic/ncs/v2.9.0/nrfxlib/nrf_modem/lib/cellular/nrf9160/soft-float/libmodem.a(tables.c.obj)
                0x00000000000140a4                nrf_so_to_rpc_so
 .text.rpc_error_to_nrf_errno
                0x00000000000140bc       0x18 /opt/nordic/ncs/v2.9.0/nrfxlib/nrf_modem/lib/cellular/nrf9160/soft-float/libmodem.a(tables.c.obj)
                0x00000000000140bc                rpc_error_to_nrf_errno
 .text.nrf_rai_to_rpc_rai
                0x00000000000140d4       0x18 /opt/nordic/ncs/v2.9.0/nrfxlib/nrf_modem/lib/cellular/nrf9160/soft-float/libmodem.a(tables.c.obj)
                0x00000000000140d4                nrf_rai_to_rpc_rai
 .text._req_forward
                0x00000000000140ec       0x40 /opt/nordic/ncs/v2.9.0/nrfxlib/nrf_modem/lib/cellular/nrf9160/soft-float/libmodem.a(reqres.c.obj)
                0x00000000000140ec                _req_forward
 .text.rpc_gnss_event_handler
                0x000000000001412c      0x138 /opt/nordic/ncs/v2.9.0/nrfxlib/nrf_modem/lib/cellular/nrf9160/soft-float/libmodem.a(nrf_modem_gnss.c.obj)
                0x000000000001412c                rpc_gnss_event_handler
 .text.rpc_gnss_init
                0x0000000000014264       0x44 /opt/nordic/ncs/v2.9.0/nrfxlib/nrf_modem/lib/cellular/nrf9160/soft-float/libmodem.a(nrf_modem_gnss.c.obj)
                0x0000000000014264                rpc_gnss_init
 .text.rpc_gnss_deinit
                0x00000000000142a8       0x3c /opt/nordic/ncs/v2.9.0/nrfxlib/nrf_modem/lib/cellular/nrf9160/soft-float/libmodem.a(nrf_modem_gnss.c.obj)
                0x00000000000142a8                rpc_gnss_deinit
 .text.rpc_softsim_event_handler
                0x00000000000142e4       0x24 /opt/nordic/ncs/v2.9.0/nrfxlib/nrf_modem/lib/cellular/nrf9160/soft-float/libmodem.a(nrf_modem_softsim.c.obj)
                0x00000000000142e4                rpc_softsim_event_handler
 .text.ipc_trace_init
                0x0000000000014308       0x40 /opt/nordic/ncs/v2.9.0/nrfxlib/nrf_modem/lib/cellular/nrf9160/soft-float/libmodem.a(ipc_trace.c.obj)
                0x0000000000014308                ipc_trace_init
 .text.ipc_trace_uninit
                0x0000000000014348       0x10 /opt/nordic/ncs/v2.9.0/nrfxlib/nrf_modem/lib/cellular/nrf9160/soft-float/libmodem.a(ipc_trace.c.obj)
                0x0000000000014348                ipc_trace_uninit
 .text.ipc_trace_handler
                0x0000000000014358       0xb4 /opt/nordic/ncs/v2.9.0/nrfxlib/nrf_modem/lib/cellular/nrf9160/soft-float/libmodem.a(ipc_trace.c.obj)
                0x0000000000014358                ipc_trace_handler
 .text.z_impl_z_errno
                0x000000000001440c        0xc zephyr/kernel/libkernel.a(errno.c.obj)
                0x000000000001440c                z_impl_z_errno
 .text.k_sys_fatal_error_handler
                0x0000000000014418       0x20 zephyr/kernel/libkernel.a(fatal.c.obj)
                0x0000000000014418                k_sys_fatal_error_handler
 .text.z_fatal_error
                0x0000000000014438       0xe8 zephyr/kernel/libkernel.a(fatal.c.obj)
                0x0000000000014438                z_fatal_error
 .text.z_sys_init_run_level
                0x0000000000014520       0x2c zephyr/kernel/libkernel.a(init.c.obj)
 .text.bg_thread_main
                0x000000000001454c       0xc4 zephyr/kernel/libkernel.a(init.c.obj)
 .text.z_bss_zero
                0x0000000000014610       0x18 zephyr/kernel/libkernel.a(init.c.obj)
                0x0000000000014610                z_bss_zero
 .text.z_init_cpu
                0x0000000000014628       0x68 zephyr/kernel/libkernel.a(init.c.obj)
                0x0000000000014628                z_init_cpu
 .text.z_cstart
                0x0000000000014690       0xe4 zephyr/kernel/libkernel.a(init.c.obj)
                0x0000000000014690                z_cstart
 .text.statics_init
                0x0000000000014774       0x24 zephyr/kernel/libkernel.a(kheap.c.obj)
 .text.init_mem_slab_obj_core_list
                0x0000000000014798       0x24 zephyr/kernel/libkernel.a(mem_slab.c.obj)
 .text.z_impl_k_mutex_lock
                0x00000000000147bc       0xf0 zephyr/kernel/libkernel.a(mutex.c.obj)
                0x00000000000147bc                z_impl_k_mutex_lock
 .text.z_impl_k_mutex_unlock
                0x00000000000148ac       0x78 zephyr/kernel/libkernel.a(mutex.c.obj)
                0x00000000000148ac                z_impl_k_mutex_unlock
 .text.z_impl_k_queue_get
                0x0000000000014924       0x64 zephyr/kernel/libkernel.a(queue.c.obj)
                0x0000000000014924                z_impl_k_queue_get
 .text.z_impl_k_sem_give
                0x0000000000014988       0x4c zephyr/kernel/libkernel.a(sem.c.obj)
                0x0000000000014988                z_impl_k_sem_give
 .text.z_impl_k_sem_take
                0x00000000000149d4       0x4c zephyr/kernel/libkernel.a(sem.c.obj)
                0x00000000000149d4                z_impl_k_sem_take
 .text.z_impl_k_sem_reset
                0x0000000000014a20       0x44 zephyr/kernel/libkernel.a(sem.c.obj)
                0x0000000000014a20                z_impl_k_sem_reset
 .text.k_sys_work_q_init
                0x0000000000014a64       0x34 zephyr/kernel/libkernel.a(system_work_q.c.obj)
 .text.work_queue_main
                0x0000000000014a98      0x144 zephyr/kernel/libkernel.a(work.c.obj)
 .text.submit_to_queue_locked
                0x0000000000014bdc       0xb4 zephyr/kernel/libkernel.a(work.c.obj)
 .text.k_work_submit
                0x0000000000014c90        0xc zephyr/kernel/libkernel.a(work.c.obj)
                0x0000000000014c90                k_work_submit
 .text.k_work_queue_start
                0x0000000000014c9c       0x7c zephyr/kernel/libkernel.a(work.c.obj)
                0x0000000000014c9c                k_work_queue_start
 .text.k_work_schedule_for_queue
                0x0000000000014d18       0x54 zephyr/kernel/libkernel.a(work.c.obj)
                0x0000000000014d18                k_work_schedule_for_queue
 .text.k_work_schedule
                0x0000000000014d6c        0xc zephyr/kernel/libkernel.a(work.c.obj)
                0x0000000000014d6c                k_work_schedule
 .text.k_work_reschedule_for_queue
                0x0000000000014d78       0x5c zephyr/kernel/libkernel.a(work.c.obj)
                0x0000000000014d78                k_work_reschedule_for_queue
 .text.k_work_reschedule
                0x0000000000014dd4        0xc zephyr/kernel/libkernel.a(work.c.obj)
                0x0000000000014dd4                k_work_reschedule
 .text.z_setup_new_thread
                0x0000000000014de0       0x60 zephyr/kernel/libkernel.a(thread.c.obj)
                0x0000000000014de0                z_setup_new_thread
 .text.z_impl_k_thread_create
                0x0000000000014e40       0x58 zephyr/kernel/libkernel.a(thread.c.obj)
                0x0000000000014e40                z_impl_k_thread_create
 .text.update_cache
                0x0000000000014e98       0x3c zephyr/kernel/libkernel.a(sched.c.obj)
 .text.unready_thread
                0x0000000000014ed4       0x30 zephyr/kernel/libkernel.a(sched.c.obj)
 .text.ready_thread
                0x0000000000014f04       0x68 zephyr/kernel/libkernel.a(sched.c.obj)
 .text.z_thread_halt
                0x0000000000014f6c       0xe0 zephyr/kernel/libkernel.a(sched.c.obj)
 .text.move_thread_to_end_of_prio_q
                0x000000000001504c       0x74 zephyr/kernel/libkernel.a(sched.c.obj)
                0x000000000001504c                move_thread_to_end_of_prio_q
 .text.z_pend_curr
                0x00000000000150c0       0x58 zephyr/kernel/libkernel.a(sched.c.obj)
                0x00000000000150c0                z_pend_curr
 .text.z_thread_prio_set
                0x0000000000015118       0x88 zephyr/kernel/libkernel.a(sched.c.obj)
                0x0000000000015118                z_thread_prio_set
 .text.z_reschedule
                0x00000000000151a0       0x24 zephyr/kernel/libkernel.a(sched.c.obj)
                0x00000000000151a0                z_reschedule
 .text.z_sched_start
                0x00000000000151c4       0x3c zephyr/kernel/libkernel.a(sched.c.obj)
                0x00000000000151c4                z_sched_start
 .text.z_reschedule_irqlock
                0x0000000000015200       0x28 zephyr/kernel/libkernel.a(sched.c.obj)
                0x0000000000015200                z_reschedule_irqlock
 .text.k_sched_lock
                0x0000000000015228       0x28 zephyr/kernel/libkernel.a(sched.c.obj)
                0x0000000000015228                k_sched_lock
 .text.k_sched_unlock
                0x0000000000015250       0x40 zephyr/kernel/libkernel.a(sched.c.obj)
                0x0000000000015250                k_sched_unlock
 .text.z_sched_init
                0x0000000000015290       0x10 zephyr/kernel/libkernel.a(sched.c.obj)
                0x0000000000015290                z_sched_init
 .text.z_impl_k_yield
                0x00000000000152a0       0x7c zephyr/kernel/libkernel.a(sched.c.obj)
                0x00000000000152a0                z_impl_k_yield
 .text.z_tick_sleep
                0x000000000001531c       0x88 zephyr/kernel/libkernel.a(sched.c.obj)
 .text.z_impl_k_sleep
                0x00000000000153a4       0x3c zephyr/kernel/libkernel.a(sched.c.obj)
                0x00000000000153a4                z_impl_k_sleep
 .text.z_impl_k_sched_current_thread_query
                0x00000000000153e0        0xc zephyr/kernel/libkernel.a(sched.c.obj)
                0x00000000000153e0                z_impl_k_sched_current_thread_query
 .text.z_sched_wait
                0x00000000000153ec       0x24 zephyr/kernel/libkernel.a(sched.c.obj)
                0x00000000000153ec                z_sched_wait
 .text.slice_timeout
                0x0000000000015410       0x20 zephyr/kernel/libkernel.a(timeslicing.c.obj)
 .text.thread_is_sliceable
                0x0000000000015430       0x3c zephyr/kernel/libkernel.a(timeslicing.c.obj)
                0x0000000000015430                thread_is_sliceable
 .text.z_reset_time_slice
                0x000000000001546c       0x50 zephyr/kernel/libkernel.a(timeslicing.c.obj)
                0x000000000001546c                z_reset_time_slice
 .text.z_time_slice
                0x00000000000154bc       0x60 zephyr/kernel/libkernel.a(timeslicing.c.obj)
                0x00000000000154bc                z_time_slice
 .text.z_data_copy
                0x000000000001551c       0x34 zephyr/kernel/libkernel.a(xip.c.obj)
                0x000000000001551c                z_data_copy
 .text.elapsed  0x0000000000015550       0x14 zephyr/kernel/libkernel.a(timeout.c.obj)
 .text.remove_timeout
                0x0000000000015564       0x38 zephyr/kernel/libkernel.a(timeout.c.obj)
 .text.next_timeout
                0x000000000001559c       0x40 zephyr/kernel/libkernel.a(timeout.c.obj)
 .text.z_add_timeout
                0x00000000000155dc       0xf4 zephyr/kernel/libkernel.a(timeout.c.obj)
                0x00000000000155dc                z_add_timeout
 .text.sys_clock_announce
                0x00000000000156d0       0xd0 zephyr/kernel/libkernel.a(timeout.c.obj)
                0x00000000000156d0                sys_clock_announce
 .text.sys_clock_tick_get
                0x00000000000157a0       0x30 zephyr/kernel/libkernel.a(timeout.c.obj)
                0x00000000000157a0                sys_clock_tick_get
 .text.z_timer_expiration_handler
                0x00000000000157d0       0xe0 zephyr/kernel/libkernel.a(timer.c.obj)
                0x00000000000157d0                z_timer_expiration_handler
 .text.z_impl_k_timer_start
                0x00000000000158b0       0x74 zephyr/kernel/libkernel.a(timer.c.obj)
                0x00000000000158b0                z_impl_k_timer_start
 .text.clear_event_registrations
                0x0000000000015924       0x60 zephyr/kernel/libkernel.a(poll.c.obj)
 .text.z_impl_k_poll
                0x0000000000015984       0xb0 zephyr/kernel/libkernel.a(poll.c.obj)
                0x0000000000015984                z_impl_k_poll
 .text.z_impl_k_poll_signal_raise
                0x0000000000015a34       0x50 zephyr/kernel/libkernel.a(poll.c.obj)
                0x0000000000015a34                z_impl_k_poll_signal_raise
 .text.k_aligned_alloc
                0x0000000000015a84       0x10 zephyr/kernel/libkernel.a(mempool.c.obj)
                0x0000000000015a84                k_aligned_alloc
 .text.k_thread_system_pool_assign
                0x0000000000015a94        0xc zephyr/kernel/libkernel.a(mempool.c.obj)
                0x0000000000015a94                k_thread_system_pool_assign
 .text.z_thread_aligned_alloc
                0x0000000000015aa0       0x30 zephyr/kernel/libkernel.a(mempool.c.obj)
                0x0000000000015aa0                z_thread_aligned_alloc
 .text.fprintf  0x0000000000015ad0       0x24 /opt/nordic/ncs/toolchains/b8efef2ad5/opt/zephyr-sdk/arm-zephyr-eabi/arm-zephyr-eabi/lib/thumb/v8-m.main/nofp/libc_nano.a(lib_a-fprintf.o)
                0x0000000000015ad0                fprintf
                0x0000000000015ad0                fiprintf
 .text.malloc   0x0000000000015af4       0x10 /opt/nordic/ncs/toolchains/b8efef2ad5/opt/zephyr-sdk/arm-zephyr-eabi/arm-zephyr-eabi/lib/thumb/v8-m.main/nofp/libc_nano.a(lib_a-malloc.o)
                0x0000000000015af4                malloc
 .text._free_r  0x0000000000015b04       0x94 /opt/nordic/ncs/toolchains/b8efef2ad5/opt/zephyr-sdk/arm-zephyr-eabi/arm-zephyr-eabi/lib/thumb/v8-m.main/nofp/libc_nano.a(lib_a-nano-freer.o)
                0x0000000000015b04                _free_r
 .text._malloc_r
                0x0000000000015b98       0xb4 /opt/nordic/ncs/toolchains/b8efef2ad5/opt/zephyr-sdk/arm-zephyr-eabi/arm-zephyr-eabi/lib/thumb/v8-m.main/nofp/libc_nano.a(lib_a-nano-mallocr.o)
                0x0000000000015b98                _malloc_r
 .text._vfprintf_r
                0x0000000000015c4c      0x258 /opt/nordic/ncs/toolchains/b8efef2ad5/opt/zephyr-sdk/arm-zephyr-eabi/arm-zephyr-eabi/lib/thumb/v8-m.main/nofp/libc_nano.a(lib_a-nano-vfprintf.o)
                0x0000000000015c4c                _vfiprintf_r
                0x0000000000015c4c                _vfprintf_r
 .text._printf_float
                0x0000000000015ea4      0x46c /opt/nordic/ncs/toolchains/b8efef2ad5/opt/zephyr-sdk/arm-zephyr-eabi/arm-zephyr-eabi/lib/thumb/v8-m.main/nofp/libc_nano.a(lib_a-nano-vfprintf_float.o)
                0x0000000000015ea4                _printf_float
 .text._printf_i
                0x0000000000016310      0x25c /opt/nordic/ncs/toolchains/b8efef2ad5/opt/zephyr-sdk/arm-zephyr-eabi/arm-zephyr-eabi/lib/thumb/v8-m.main/nofp/libc_nano.a(lib_a-nano-vfprintf_i.o)
                0x0000000000016310                _printf_i
 .text._scanf_float
                0x000000000001656c      0x410 /opt/nordic/ncs/toolchains/b8efef2ad5/opt/zephyr-sdk/arm-zephyr-eabi/arm-zephyr-eabi/lib/thumb/v8-m.main/nofp/libc_nano.a(lib_a-nano-vfscanf_float.o)
                0x000000000001656c                _scanf_float
 .text._sbrk_r  0x000000000001697c       0x20 /opt/nordic/ncs/toolchains/b8efef2ad5/opt/zephyr-sdk/arm-zephyr-eabi/arm-zephyr-eabi/lib/thumb/v8-m.main/nofp/libc_nano.a(lib_a-sbrkr.o)
                0x000000000001697c                _sbrk_r
 .text.nanf     0x000000000001699c        0x8 /opt/nordic/ncs/toolchains/b8efef2ad5/opt/zephyr-sdk/arm-zephyr-eabi/arm-zephyr-eabi/lib/thumb/v8-m.main/nofp/libc_nano.a(lib_a-sf_nan.o)
                0x000000000001699c                nanf
 .text.snprintf
                0x00000000000169a4       0x68 /opt/nordic/ncs/toolchains/b8efef2ad5/opt/zephyr-sdk/arm-zephyr-eabi/arm-zephyr-eabi/lib/thumb/v8-m.main/nofp/libc_nano.a(lib_a-snprintf.o)
                0x00000000000169a4                snprintf
                0x00000000000169a4                sniprintf
 .text.sprintf  0x0000000000016a0c       0x40 /opt/nordic/ncs/toolchains/b8efef2ad5/opt/zephyr-sdk/arm-zephyr-eabi/arm-zephyr-eabi/lib/thumb/v8-m.main/nofp/libc_nano.a(lib_a-sprintf.o)
                0x0000000000016a0c                sprintf
                0x0000000000016a0c                siprintf
 .text.strncasecmp
                0x0000000000016a4c       0x44 /opt/nordic/ncs/toolchains/b8efef2ad5/opt/zephyr-sdk/arm-zephyr-eabi/arm-zephyr-eabi/lib/thumb/v8-m.main/nofp/libc_nano.a(lib_a-strncasecmp.o)
                0x0000000000016a4c                strncasecmp
 .text._strtod_r
                0x0000000000016a90        0xc /opt/nordic/ncs/toolchains/b8efef2ad5/opt/zephyr-sdk/arm-zephyr-eabi/arm-zephyr-eabi/lib/thumb/v8-m.main/nofp/libc_nano.a(lib_a-strtod.o)
                0x0000000000016a90                _strtod_r
 .text._strtol_l.constprop.0
                0x0000000000016a9c       0xfc /opt/nordic/ncs/toolchains/b8efef2ad5/opt/zephyr-sdk/arm-zephyr-eabi/arm-zephyr-eabi/lib/thumb/v8-m.main/nofp/libc_nano.a(lib_a-strtol.o)
 .text.strtol   0x0000000000016b98       0x14 /opt/nordic/ncs/toolchains/b8efef2ad5/opt/zephyr-sdk/arm-zephyr-eabi/arm-zephyr-eabi/lib/thumb/v8-m.main/nofp/libc_nano.a(lib_a-strtol.o)
                0x0000000000016b98                strtol
 .text._strtoll_l.constprop.0
                0x0000000000016bac      0x128 /opt/nordic/ncs/toolchains/b8efef2ad5/opt/zephyr-sdk/arm-zephyr-eabi/arm-zephyr-eabi/lib/thumb/v8-m.main/nofp/libc_nano.a(lib_a-strtoll.o)
 .text.strtoll  0x0000000000016cd4       0x14 /opt/nordic/ncs/toolchains/b8efef2ad5/opt/zephyr-sdk/arm-zephyr-eabi/arm-zephyr-eabi/lib/thumb/v8-m.main/nofp/libc_nano.a(lib_a-strtoll.o)
                0x0000000000016cd4                strtoll
 .text._strtoul_l.constprop.0
                0x0000000000016ce8       0xe4 /opt/nordic/ncs/toolchains/b8efef2ad5/opt/zephyr-sdk/arm-zephyr-eabi/arm-zephyr-eabi/lib/thumb/v8-m.main/nofp/libc_nano.a(lib_a-strtoul.o)
 .text.strtoul  0x0000000000016dcc       0x14 /opt/nordic/ncs/toolchains/b8efef2ad5/opt/zephyr-sdk/arm-zephyr-eabi/arm-zephyr-eabi/lib/thumb/v8-m.main/nofp/libc_nano.a(lib_a-strtoul.o)
                0x0000000000016dcc                strtoul
 .text._strtoull_l.constprop.0
                0x0000000000016de0      0x138 /opt/nordic/ncs/toolchains/b8efef2ad5/opt/zephyr-sdk/arm-zephyr-eabi/arm-zephyr-eabi/lib/thumb/v8-m.main/nofp/libc_nano.a(lib_a-strtoull.o)
 .text.strtoull
                0x0000000000016f18       0x14 /opt/nordic/ncs/toolchains/b8efef2ad5/opt/zephyr-sdk/arm-zephyr-eabi/arm-zephyr-eabi/lib/thumb/v8-m.main/nofp/libc_nano.a(lib_a-strtoull.o)
                0x0000000000016f18                strtoull
 .text.vsnprintf
                0x0000000000016f2c       0x1c /opt/nordic/ncs/toolchains/b8efef2ad5/opt/zephyr-sdk/arm-zephyr-eabi/arm-zephyr-eabi/lib/thumb/v8-m.main/nofp/libc_nano.a(lib_a-vsnprintf.o)
                0x0000000000016f2c                vsnprintf